Archive member included to satisfy reference by file (symbol)

/home/danimt/st/stm32cubeide_1.10.1/plugins/com.st.stm32cube.ide.mcu.externaltools.gnu-tools-for-stm32.10.3-2021.10.linux64_1.0.0.202111181127/tools/bin/../lib/gcc/arm-none-eabi/10.3.1/../../../../arm-none-eabi/lib/thumb/v6-m/nofp/libc_nano.a(lib_a-errno.o)
                              ./Src/sysmem.o (__errno)
/home/danimt/st/stm32cubeide_1.10.1/plugins/com.st.stm32cube.ide.mcu.externaltools.gnu-tools-for-stm32.10.3-2021.10.linux64_1.0.0.202111181127/tools/bin/../lib/gcc/arm-none-eabi/10.3.1/../../../../arm-none-eabi/lib/thumb/v6-m/nofp/libc_nano.a(lib_a-exit.o)
                              /home/danimt/st/stm32cubeide_1.10.1/plugins/com.st.stm32cube.ide.mcu.externaltools.gnu-tools-for-stm32.10.3-2021.10.linux64_1.0.0.202111181127/tools/bin/../lib/gcc/arm-none-eabi/10.3.1/../../../../arm-none-eabi/lib/thumb/v6-m/nofp/rdimon-crt0.o (exit)
/home/danimt/st/stm32cubeide_1.10.1/plugins/com.st.stm32cube.ide.mcu.externaltools.gnu-tools-for-stm32.10.3-2021.10.linux64_1.0.0.202111181127/tools/bin/../lib/gcc/arm-none-eabi/10.3.1/../../../../arm-none-eabi/lib/thumb/v6-m/nofp/libc_nano.a(lib_a-impure.o)
                              /home/danimt/st/stm32cubeide_1.10.1/plugins/com.st.stm32cube.ide.mcu.externaltools.gnu-tools-for-stm32.10.3-2021.10.linux64_1.0.0.202111181127/tools/bin/../lib/gcc/arm-none-eabi/10.3.1/../../../../arm-none-eabi/lib/thumb/v6-m/nofp/libc_nano.a(lib_a-exit.o) (_global_impure_ptr)
/home/danimt/st/stm32cubeide_1.10.1/plugins/com.st.stm32cube.ide.mcu.externaltools.gnu-tools-for-stm32.10.3-2021.10.linux64_1.0.0.202111181127/tools/bin/../lib/gcc/arm-none-eabi/10.3.1/../../../../arm-none-eabi/lib/thumb/v6-m/nofp/libc_nano.a(lib_a-init.o)
                              /home/danimt/st/stm32cubeide_1.10.1/plugins/com.st.stm32cube.ide.mcu.externaltools.gnu-tools-for-stm32.10.3-2021.10.linux64_1.0.0.202111181127/tools/bin/../lib/gcc/arm-none-eabi/10.3.1/../../../../arm-none-eabi/lib/thumb/v6-m/nofp/rdimon-crt0.o (__libc_init_array)
/home/danimt/st/stm32cubeide_1.10.1/plugins/com.st.stm32cube.ide.mcu.externaltools.gnu-tools-for-stm32.10.3-2021.10.linux64_1.0.0.202111181127/tools/bin/../lib/gcc/arm-none-eabi/10.3.1/../../../../arm-none-eabi/lib/thumb/v6-m/nofp/libc_nano.a(lib_a-memset.o)
                              /home/danimt/st/stm32cubeide_1.10.1/plugins/com.st.stm32cube.ide.mcu.externaltools.gnu-tools-for-stm32.10.3-2021.10.linux64_1.0.0.202111181127/tools/bin/../lib/gcc/arm-none-eabi/10.3.1/../../../../arm-none-eabi/lib/thumb/v6-m/nofp/rdimon-crt0.o (memset)
/home/danimt/st/stm32cubeide_1.10.1/plugins/com.st.stm32cube.ide.mcu.externaltools.gnu-tools-for-stm32.10.3-2021.10.linux64_1.0.0.202111181127/tools/bin/../lib/gcc/arm-none-eabi/10.3.1/../../../../arm-none-eabi/lib/thumb/v6-m/nofp/librdimon_nano.a(rdimon-syscalls.o)
                              /home/danimt/st/stm32cubeide_1.10.1/plugins/com.st.stm32cube.ide.mcu.externaltools.gnu-tools-for-stm32.10.3-2021.10.linux64_1.0.0.202111181127/tools/bin/../lib/gcc/arm-none-eabi/10.3.1/../../../../arm-none-eabi/lib/thumb/v6-m/nofp/rdimon-crt0.o (initialise_monitor_handles)
/home/danimt/st/stm32cubeide_1.10.1/plugins/com.st.stm32cube.ide.mcu.externaltools.gnu-tools-for-stm32.10.3-2021.10.linux64_1.0.0.202111181127/tools/bin/../lib/gcc/arm-none-eabi/10.3.1/../../../../arm-none-eabi/lib/thumb/v6-m/nofp/librdimon_nano.a(rdimon-_exit.o)
                              /home/danimt/st/stm32cubeide_1.10.1/plugins/com.st.stm32cube.ide.mcu.externaltools.gnu-tools-for-stm32.10.3-2021.10.linux64_1.0.0.202111181127/tools/bin/../lib/gcc/arm-none-eabi/10.3.1/../../../../arm-none-eabi/lib/thumb/v6-m/nofp/libc_nano.a(lib_a-exit.o) (_exit)
/home/danimt/st/stm32cubeide_1.10.1/plugins/com.st.stm32cube.ide.mcu.externaltools.gnu-tools-for-stm32.10.3-2021.10.linux64_1.0.0.202111181127/tools/bin/../lib/gcc/arm-none-eabi/10.3.1/../../../../arm-none-eabi/lib/thumb/v6-m/nofp/librdimon_nano.a(rdimon-_kill.o)
                              /home/danimt/st/stm32cubeide_1.10.1/plugins/com.st.stm32cube.ide.mcu.externaltools.gnu-tools-for-stm32.10.3-2021.10.linux64_1.0.0.202111181127/tools/bin/../lib/gcc/arm-none-eabi/10.3.1/../../../../arm-none-eabi/lib/thumb/v6-m/nofp/librdimon_nano.a(rdimon-_exit.o) (_kill_shared)
/home/danimt/st/stm32cubeide_1.10.1/plugins/com.st.stm32cube.ide.mcu.externaltools.gnu-tools-for-stm32.10.3-2021.10.linux64_1.0.0.202111181127/tools/bin/../lib/gcc/arm-none-eabi/10.3.1/../../../../arm-none-eabi/lib/thumb/v6-m/nofp/libc_nano.a(lib_a-findfp.o)
                              /home/danimt/st/stm32cubeide_1.10.1/plugins/com.st.stm32cube.ide.mcu.externaltools.gnu-tools-for-stm32.10.3-2021.10.linux64_1.0.0.202111181127/tools/bin/../lib/gcc/arm-none-eabi/10.3.1/../../../../arm-none-eabi/lib/thumb/v6-m/nofp/librdimon_nano.a(rdimon-syscalls.o) (__sinit)
[...]
Memory Configuration

Name             Origin             Length             Attributes
RAM              0x0000000020000000 0x0000000000008000 xrw
FLASH            0x0000000008000000 0x0000000000040000 xr
*default*        0x0000000000000000 0xffffffffffffffff

Linker script and memory map

LOAD /home/danimt/st/stm32cubeide_1.10.1/plugins/com.st.stm32cube.ide.mcu.externaltools.gnu-tools-for-stm32.10.3-2021.10.linux64_1.0.0.202111181127/tools/bin/../lib/gcc/arm-none-eabi/10.3.1/thumb/v6-m/nofp/crti.o
LOAD /home/danimt/st/stm32cubeide_1.10.1/plugins/com.st.stm32cube.ide.mcu.externaltools.gnu-tools-for-stm32.10.3-2021.10.linux64_1.0.0.202111181127/tools/bin/../lib/gcc/arm-none-eabi/10.3.1/thumb/v6-m/nofp/crtbegin.o
LOAD /home/danimt/st/stm32cubeide_1.10.1/plugins/com.st.stm32cube.ide.mcu.externaltools.gnu-tools-for-stm32.10.3-2021.10.linux64_1.0.0.202111181127/tools/bin/../lib/gcc/arm-none-eabi/10.3.1/../../../../arm-none-eabi/lib/thumb/v6-m/nofp/rdimon-crt0.o
LOAD ./Src/sysmem.o
LOAD ./Src/train_I2C.o
LOAD ./Startup/startup_stm32f091rctx.o
LOAD ./myDrivers/SrcDrivers/gpio.o
LOAD ./myDrivers/SrcDrivers/i2c.o
LOAD ./myDrivers/SrcDrivers/spi.o
LOAD /home/danimt/st/stm32cubeide_1.10.1/plugins/com.st.stm32cube.ide.mcu.externaltools.gnu-tools-for-stm32.10.3-2021.10.linux64_1.0.0.202111181127/tools/bin/../lib/gcc/arm-none-eabi/10.3.1/../../../../arm-none-eabi/lib/thumb/v6-m/nofp/libc_nano.a
LOAD /home/danimt/st/stm32cubeide_1.10.1/plugins/com.st.stm32cube.ide.mcu.externaltools.gnu-tools-for-stm32.10.3-2021.10.linux64_1.0.0.202111181127/tools/bin/../lib/gcc/arm-none-eabi/10.3.1/../../../../arm-none-eabi/lib/thumb/v6-m/nofp/librdimon_nano.a
START GROUP
LOAD /home/danimt/st/stm32cubeide_1.10.1/plugins/com.st.stm32cube.ide.mcu.externaltools.gnu-tools-for-stm32.10.3-2021.10.linux64_1.0.0.202111181127/tools/bin/../lib/gcc/arm-none-eabi/10.3.1/../../../../arm-none-eabi/lib/thumb/v6-m/nofp/libc_nano.a
LOAD /home/danimt/st/stm32cubeide_1.10.1/plugins/com.st.stm32cube.ide.mcu.externaltools.gnu-tools-for-stm32.10.3-2021.10.linux64_1.0.0.202111181127/tools/bin/../lib/gcc/arm-none-eabi/10.3.1/../../../../arm-none-eabi/lib/thumb/v6-m/nofp/libm.a
END GROUP
START GROUP
LOAD /home/danimt/st/stm32cubeide_1.10.1/plugins/com.st.stm32cube.ide.mcu.externaltools.gnu-tools-for-stm32.10.3-2021.10.linux64_1.0.0.202111181127/tools/bin/../lib/gcc/arm-none-eabi/10.3.1/thumb/v6-m/nofp/libgcc.a
LOAD /home/danimt/st/stm32cubeide_1.10.1/plugins/com.st.stm32cube.ide.mcu.externaltools.gnu-tools-for-stm32.10.3-2021.10.linux64_1.0.0.202111181127/tools/bin/../lib/gcc/arm-none-eabi/10.3.1/../../../../arm-none-eabi/lib/thumb/v6-m/nofp/libc_nano.a
END GROUP
START GROUP
LOAD /home/danimt/st/stm32cubeide_1.10.1/plugins/com.st.stm32cube.ide.mcu.externaltools.gnu-tools-for-stm32.10.3-2021.10.linux64_1.0.0.202111181127/tools/bin/../lib/gcc/arm-none-eabi/10.3.1/thumb/v6-m/nofp/libgcc.a
LOAD /home/danimt/st/stm32cubeide_1.10.1/plugins/com.st.stm32cube.ide.mcu.externaltools.gnu-tools-for-stm32.10.3-2021.10.linux64_1.0.0.202111181127/tools/bin/../lib/gcc/arm-none-eabi/10.3.1/../../../../arm-none-eabi/lib/thumb/v6-m/nofp/libc_nano.a
LOAD /home/danimt/st/stm32cubeide_1.10.1/plugins/com.st.stm32cube.ide.mcu.externaltools.gnu-tools-for-stm32.10.3-2021.10.linux64_1.0.0.202111181127/tools/bin/../lib/gcc/arm-none-eabi/10.3.1/../../../../arm-none-eabi/lib/thumb/v6-m/nofp/libnosys.a
END GROUP
START GROUP
LOAD /home/danimt/st/stm32cubeide_1.10.1/plugins/com.st.stm32cube.ide.mcu.externaltools.gnu-tools-for-stm32.10.3-2021.10.linux64_1.0.0.202111181127/tools/bin/../lib/gcc/arm-none-eabi/10.3.1/thumb/v6-m/nofp/libgcc.a
LOAD /home/danimt/st/stm32cubeide_1.10.1/plugins/com.st.stm32cube.ide.mcu.externaltools.gnu-tools-for-stm32.10.3-2021.10.linux64_1.0.0.202111181127/tools/bin/../lib/gcc/arm-none-eabi/10.3.1/../../../../arm-none-eabi/lib/thumb/v6-m/nofp/libc_nano.a
LOAD /home/danimt/st/stm32cubeide_1.10.1/plugins/com.st.stm32cube.ide.mcu.externaltools.gnu-tools-for-stm32.10.3-2021.10.linux64_1.0.0.202111181127/tools/bin/../lib/gcc/arm-none-eabi/10.3.1/../../../../arm-none-eabi/lib/thumb/v6-m/nofp/librdimon_nano.a
END GROUP
START GROUP
LOAD /home/danimt/st/stm32cubeide_1.10.1/plugins/com.st.stm32cube.ide.mcu.externaltools.gnu-tools-for-stm32.10.3-2021.10.linux64_1.0.0.202111181127/tools/bin/../lib/gcc/arm-none-eabi/10.3.1/thumb/v6-m/nofp/libgcc.a
LOAD /home/danimt/st/stm32cubeide_1.10.1/plugins/com.st.stm32cube.ide.mcu.externaltools.gnu-tools-for-stm32.10.3-2021.10.linux64_1.0.0.202111181127/tools/bin/../lib/gcc/arm-none-eabi/10.3.1/../../../../arm-none-eabi/lib/thumb/v6-m/nofp/libc_nano.a
LOAD /home/danimt/st/stm32cubeide_1.10.1/plugins/com.st.stm32cube.ide.mcu.externaltools.gnu-tools-for-stm32.10.3-2021.10.linux64_1.0.0.202111181127/tools/bin/../lib/gcc/arm-none-eabi/10.3.1/../../../../arm-none-eabi/lib/thumb/v6-m/nofp/librdimon_nano.a
LOAD /home/danimt/st/stm32cubeide_1.10.1/plugins/com.st.stm32cube.ide.mcu.externaltools.gnu-tools-for-stm32.10.3-2021.10.linux64_1.0.0.202111181127/tools/bin/../lib/gcc/arm-none-eabi/10.3.1/../../../../arm-none-eabi/lib/thumb/v6-m/nofp/libnosys.a
END GROUP
LOAD /home/danimt/st/stm32cubeide_1.10.1/plugins/com.st.stm32cube.ide.mcu.externaltools.gnu-tools-for-stm32.10.3-2021.10.linux64_1.0.0.202111181127/tools/bin/../lib/gcc/arm-none-eabi/10.3.1/thumb/v6-m/nofp/crtend.o
LOAD /home/danimt/st/stm32cubeide_1.10.1/plugins/com.st.stm32cube.ide.mcu.externaltools.gnu-tools-for-stm32.10.3-2021.10.linux64_1.0.0.202111181127/tools/bin/../lib/gcc/arm-none-eabi/10.3.1/thumb/v6-m/nofp/crtn.o
                0x0000000020008000                _estack = (ORIGIN (RAM) + LENGTH (RAM))
                0x0000000000000200                _Min_Heap_Size = 0x200
                0x0000000000000400                _Min_Stack_Size = 0x400

.isr_vector     0x0000000008000000       0xc0
                0x0000000008000000                . = ALIGN (0x4)
 *(.isr_vector)
 .isr_vector    0x0000000008000000       0xc0 ./Startup/startup_stm32f091rctx.o
                0x0000000008000000                g_pfnVectors
                0x00000000080000c0                . = ALIGN (0x4)

.text           0x00000000080000c0     0x17b4
                0x00000000080000c0                . = ALIGN (0x4)
 *(.text)
 .text          0x00000000080000c0       0x48 /home/danimt/st/stm32cubeide_1.10.1/plugins/com.st.stm32cube.ide.mcu.externaltools.gnu-tools-for-stm32.10.3-2021.10.linux64_1.0.0.202111181127/tools/bin/../lib/gcc/arm-none-eabi/10.3.1/thumb/v6-m/nofp/crtbegin.o
 *(.text*)
 .text.delay    0x0000000008000108       0x28 ./Src/train_I2C.o
                0x0000000008000108                delay
 .text.main     0x0000000008000130       0xd0 ./Src/train_I2C.o
                0x0000000008000130                main
 .text.EXTI2_3_IRQHandler
                0x0000000008000200       0xb0 ./Src/train_I2C.o
                0x0000000008000200                EXTI2_3_IRQHandler
 .text.EXTI4_15_IRQHandler
                0x00000000080002b0       0x68 ./Src/train_I2C.o
                0x00000000080002b0                EXTI4_15_IRQHandler
 .text.SPI1_IRQHandler
                0x0000000008000318       0x18 ./Src/train_I2C.o
                0x0000000008000318                SPI1_IRQHandler
 .text.I2C1_IRQHandler
                0x0000000008000330       0x18 ./Src/train_I2C.o
                0x0000000008000330                I2C1_IRQHandler
 .text.I2C_App_Callback
                0x0000000008000348       0xb8 ./Src/train_I2C.o
                0x0000000008000348                I2C_App_Callback
 .text.peripheral_Config_Ini
                0x0000000008000400      0x268 ./Src/train_I2C.o
                0x0000000008000400                peripheral_Config_Ini
 .text.configureADS1115
                0x0000000008000668       0x88 ./Src/train_I2C.o
                0x0000000008000668                configureADS1115
 .text.Reset_Handler
                0x00000000080006f0       0x50 ./Startup/startup_stm32f091rctx.o
                0x00000000080006f0                Reset_Handler
 .text.Default_Handler
                0x0000000008000740        0x2 ./Startup/startup_stm32f091rctx.o
                0x0000000008000740                DMA1_CH4_5_6_7_DMA2_CH3_4_5_IRQHandler
                0x0000000008000740                TIM1_CC_IRQHandler
                0x0000000008000740                TSC_IRQHandler
                0x0000000008000740                HardFault_Handler
                0x0000000008000740                SysTick_Handler
                0x0000000008000740                PVD_IRQHandler
                0x0000000008000740                PendSV_Handler
                0x0000000008000740                NMI_Handler
                0x0000000008000740                RCC_CRS_IRQHandler
                0x0000000008000740                TIM6_DAC_IRQHandler
                0x0000000008000740                I2C2_IRQHandler
                0x0000000008000740                TIM17_IRQHandler
                0x0000000008000740                CEC_CAN_IRQHandler
                0x0000000008000740                RTC_IRQHandler
                0x0000000008000740                TIM16_IRQHandler
                0x0000000008000740                TIM3_IRQHandler
                0x0000000008000740                Default_Handler
                0x0000000008000740                DMA1_CH2_3_DMA2_CH1_2_IRQHandler
                0x0000000008000740                TIM14_IRQHandler
                0x0000000008000740                TIM7_IRQHandler
                0x0000000008000740                TIM15_IRQHandler
                0x0000000008000740                EXTI0_1_IRQHandler
                0x0000000008000740                USB_IRQHandler
                0x0000000008000740                SPI2_IRQHandler
                0x0000000008000740                DMA1_CH1_IRQHandler
                0x0000000008000740                SVC_Handler
                0x0000000008000740                WWDG_IRQHandler
                0x0000000008000740                TIM2_IRQHandler
                0x0000000008000740                ADC_COMP_IRQHandler
                0x0000000008000740                USART2_IRQHandler
                0x0000000008000740                USART3_4_5_6_7_8_IRQHandler
                0x0000000008000740                FLASH_IRQHandler
                0x0000000008000740                USART1_IRQHandler
                0x0000000008000740                TIM1_BRK_UP_TRG_COM_IRQHandler
 *fill*         0x0000000008000742        0x2 
 .text.GPIO_ClockControl
                0x0000000008000744      0x164 ./myDrivers/SrcDrivers/gpio.o
                0x0000000008000744                GPIO_ClockControl
 .text.GPIO_PinInit
                0x00000000080008a8      0x31c ./myDrivers/SrcDrivers/gpio.o
                0x00000000080008a8                GPIO_PinInit
 .text.GPIO_WritePin
                0x0000000008000bc4       0x54 ./myDrivers/SrcDrivers/gpio.o
                0x0000000008000bc4                GPIO_WritePin
 .text.GPIO_IRQ_EnableDisable
                0x0000000008000c18       0x58 ./myDrivers/SrcDrivers/gpio.o
                0x0000000008000c18                GPIO_IRQ_EnableDisable
 .text.GPIO_IRQ_Handling
                0x0000000008000c70       0x40 ./myDrivers/SrcDrivers/gpio.o
                0x0000000008000c70                GPIO_IRQ_Handling
 .text.I2C_ClockControl
                0x0000000008000cb0       0x94 ./myDrivers/SrcDrivers/i2c.o
                0x0000000008000cb0                I2C_ClockControl
 .text.I2C_Init
                0x0000000008000d44       0x24 ./myDrivers/SrcDrivers/i2c.o
                0x0000000008000d44                I2C_Init
 .text.I2C_EnableDisable
                0x0000000008000d68       0x46 ./myDrivers/SrcDrivers/i2c.o
                0x0000000008000d68                I2C_EnableDisable
 *fill*         0x0000000008000dae        0x2 
 .text.I2C_IRQ_EnableDisable
                0x0000000008000db0       0x58 ./myDrivers/SrcDrivers/i2c.o
                0x0000000008000db0                I2C_IRQ_EnableDisable
 .text.I2C_IRQ_Handling
                0x0000000008000e08       0xdc ./myDrivers/SrcDrivers/i2c.o
                0x0000000008000e08                I2C_IRQ_Handling
 .text.I2C_SlaveAddress
                0x0000000008000ee4       0x4a ./myDrivers/SrcDrivers/i2c.o
 *fill*         0x0000000008000f2e        0x2 
 .text.I2C_Master_Transmitter
                0x0000000008000f30      0x128 ./myDrivers/SrcDrivers/i2c.o
                0x0000000008000f30                I2C_Master_Transmitter
 .text.I2C_Master_Receiver
                0x0000000008001058      0x11c ./myDrivers/SrcDrivers/i2c.o
                0x0000000008001058                I2C_Master_Receiver
 .text.I2C_TXIS_handler
                0x0000000008001174       0x46 ./myDrivers/SrcDrivers/i2c.o
 .text.I2C_RXNE_handler
                0x00000000080011ba       0x52 ./myDrivers/SrcDrivers/i2c.o
 .text.I2C_BERR_handler
                0x000000000800120c       0x36 ./myDrivers/SrcDrivers/i2c.o
 .text.I2C_STOP_handler
                0x0000000008001242       0x4e ./myDrivers/SrcDrivers/i2c.o
 .text.I2C_TC_handler
                0x0000000008001290       0x28 ./myDrivers/SrcDrivers/i2c.o
 .text.I2C_TCR_handler
                0x00000000080012b8       0x28 ./myDrivers/SrcDrivers/i2c.o
 .text.I2C_Master_TimingR
                0x00000000080012e0       0x8a ./myDrivers/SrcDrivers/i2c.o
                0x00000000080012e0                I2C_Master_TimingR
 *fill*         0x000000000800136a        0x2 
 .text.SPI_ClockControl
                0x000000000800136c       0x94 ./myDrivers/SrcDrivers/spi.o
                0x000000000800136c                SPI_ClockControl
 .text.SPI_Init
                0x0000000008001400      0x14c ./myDrivers/SrcDrivers/spi.o
                0x0000000008001400                SPI_Init
 .text.SPI_EnableDisable
                0x000000000800154c       0x40 ./myDrivers/SrcDrivers/spi.o
                0x000000000800154c                SPI_EnableDisable
 .text.SPI_SSOE
                0x000000000800158c       0x40 ./myDrivers/SrcDrivers/spi.o
                0x000000000800158c                SPI_SSOE
 .text.SPI_IRQ_EnableDisable
                0x00000000080015cc       0x58 ./myDrivers/SrcDrivers/spi.o
                0x00000000080015cc                SPI_IRQ_EnableDisable
 .text.SPI_IRQ_Handling
                0x0000000008001624       0x70 ./myDrivers/SrcDrivers/spi.o
                0x0000000008001624                SPI_IRQ_Handling
 .text.SPI_TXE_handler
                0x0000000008001694       0x92 ./myDrivers/SrcDrivers/spi.o
 .text.SPI_RXNE_handler
                0x0000000008001726       0x96 ./myDrivers/SrcDrivers/spi.o
 .text.SPI_OVR_handler
                0x00000000080017bc       0x32 ./myDrivers/SrcDrivers/spi.o
 .text.SPI_App_Callback
                0x00000000080017ee       0x16 ./myDrivers/SrcDrivers/spi.o
                0x00000000080017ee                SPI_App_Callback
 .text.__libc_init_array
                0x0000000008001804       0x48 /home/danimt/st/stm32cubeide_1.10.1/plugins/com.st.stm32cube.ide.mcu.externaltools.gnu-tools-for-stm32.10.3-2021.10.linux64_1.0.0.202111181127/tools/bin/../lib/gcc/arm-none-eabi/10.3.1/../../../../arm-none-eabi/lib/thumb/v6-m/nofp/libc_nano.a(lib_a-init.o)
                0x0000000008001804                __libc_init_array
 .text.memset   0x000000000800184c       0x10 /home/danimt/st/stm32cubeide_1.10.1/plugins/com.st.stm32cube.ide.mcu.externaltools.gnu-tools-for-stm32.10.3-2021.10.linux64_1.0.0.202111181127/tools/bin/../lib/gcc/arm-none-eabi/10.3.1/../../../../arm-none-eabi/lib/thumb/v6-m/nofp/libc_nano.a(lib_a-memset.o)
                0x000000000800184c                memset
 *(.glue_7)
 .glue_7        0x000000000800185c        0x0 linker stubs
 *(.glue_7t)
 .glue_7t       0x000000000800185c        0x0 linker stubs
 *(.eh_frame)
 .eh_frame      0x000000000800185c        0x0 /home/danimt/st/stm32cubeide_1.10.1/plugins/com.st.stm32cube.ide.mcu.externaltools.gnu-tools-for-stm32.10.3-2021.10.linux64_1.0.0.202111181127/tools/bin/../lib/gcc/arm-none-eabi/10.3.1/thumb/v6-m/nofp/crtbegin.o
 *(.init)
 .init          0x000000000800185c        0x4 /home/danimt/st/stm32cubeide_1.10.1/plugins/com.st.stm32cube.ide.mcu.externaltools.gnu-tools-for-stm32.10.3-2021.10.linux64_1.0.0.202111181127/tools/bin/../lib/gcc/arm-none-eabi/10.3.1/thumb/v6-m/nofp/crti.o
                0x000000000800185c                _init
 .init          0x0000000008001860        0x8 /home/danimt/st/stm32cubeide_1.10.1/plugins/com.st.stm32cube.ide.mcu.externaltools.gnu-tools-for-stm32.10.3-2021.10.linux64_1.0.0.202111181127/tools/bin/../lib/gcc/arm-none-eabi/10.3.1/thumb/v6-m/nofp/crtn.o
 *(.fini)
 .fini          0x0000000008001868        0x4 /home/danimt/st/stm32cubeide_1.10.1/plugins/com.st.stm32cube.ide.mcu.externaltools.gnu-tools-for-stm32.10.3-2021.10.linux64_1.0.0.202111181127/tools/bin/../lib/gcc/arm-none-eabi/10.3.1/thumb/v6-m/nofp/crti.o
                0x0000000008001868                _fini
 .fini          0x000000000800186c        0x8 /home/danimt/st/stm32cubeide_1.10.1/plugins/com.st.stm32cube.ide.mcu.externaltools.gnu-tools-for-stm32.10.3-2021.10.linux64_1.0.0.202111181127/tools/bin/../lib/gcc/arm-none-eabi/10.3.1/thumb/v6-m/nofp/crtn.o
                0x0000000008001874                . = ALIGN (0x4)
                0x0000000008001874                _etext = .

.vfp11_veneer   0x0000000008001874        0x0
 .vfp11_veneer  0x0000000008001874        0x0 linker stubs

.v4_bx          0x0000000008001874        0x0
 .v4_bx         0x0000000008001874        0x0 linker stubs

.iplt           0x0000000008001874        0x0
 .iplt          0x0000000008001874        0x0 /home/danimt/st/stm32cubeide_1.10.1/plugins/com.st.stm32cube.ide.mcu.externaltools.gnu-tools-for-stm32.10.3-2021.10.linux64_1.0.0.202111181127/tools/bin/../lib/gcc/arm-none-eabi/10.3.1/thumb/v6-m/nofp/crtbegin.o

.rel.dyn        0x0000000008001874        0x0
 .rel.iplt      0x0000000008001874        0x0 /home/danimt/st/stm32cubeide_1.10.1/plugins/com.st.stm32cube.ide.mcu.externaltools.gnu-tools-for-stm32.10.3-2021.10.linux64_1.0.0.202111181127/tools/bin/../lib/gcc/arm-none-eabi/10.3.1/thumb/v6-m/nofp/crtbegin.o

.rodata         0x0000000008001874        0x0
                0x0000000008001874                . = ALIGN (0x4)
 *(.rodata)
 *(.rodata*)
                0x0000000008001874                . = ALIGN (0x4)

.ARM.extab      0x0000000008001874        0x0
                0x0000000008001874                . = ALIGN (0x4)
 *(.ARM.extab* .gnu.linkonce.armextab.*)
                0x0000000008001874                . = ALIGN (0x4)

.ARM            0x0000000008001874        0x0
                0x0000000008001874                . = ALIGN (0x4)
                0x0000000008001874                __exidx_start = .
 *(.ARM.exidx*)
                0x0000000008001874                __exidx_end = .
                0x0000000008001874                . = ALIGN (0x4)

.preinit_array  0x0000000008001874        0x0
                0x0000000008001874                . = ALIGN (0x4)
                0x0000000008001874                PROVIDE (__preinit_array_start = .)
 *(.preinit_array*)
                0x0000000008001874                PROVIDE (__preinit_array_end = .)
                0x0000000008001874                . = ALIGN (0x4)

.init_array     0x0000000008001874        0x4
                0x0000000008001874                . = ALIGN (0x4)
                0x0000000008001874                PROVIDE (__init_array_start = .)
 *(SORT_BY_NAME(.init_array.*))
 *(.init_array*)
 .init_array    0x0000000008001874        0x4 /home/danimt/st/stm32cubeide_1.10.1/plugins/com.st.stm32cube.ide.mcu.externaltools.gnu-tools-for-stm32.10.3-2021.10.linux64_1.0.0.202111181127/tools/bin/../lib/gcc/arm-none-eabi/10.3.1/thumb/v6-m/nofp/crtbegin.o
                0x0000000008001878                PROVIDE (__init_array_end = .)
                0x0000000008001878                . = ALIGN (0x4)

.fini_array     0x0000000008001878        0x4
                0x0000000008001878                . = ALIGN (0x4)
                [!provide]                        PROVIDE (__fini_array_start = .)
 *(SORT_BY_NAME(.fini_array.*))
 *(.fini_array*)
 .fini_array    0x0000000008001878        0x4 /home/danimt/st/stm32cubeide_1.10.1/plugins/com.st.stm32cube.ide.mcu.externaltools.gnu-tools-for-stm32.10.3-2021.10.linux64_1.0.0.202111181127/tools/bin/../lib/gcc/arm-none-eabi/10.3.1/thumb/v6-m/nofp/crtbegin.o
                [!provide]                        PROVIDE (__fini_array_end = .)
                0x000000000800187c                . = ALIGN (0x4)
                0x000000000800187c                _sidata = LOADADDR (.data)

.data           0x0000000020000000        0x4 load address 0x000000000800187c
                0x0000000020000000                . = ALIGN (0x4)
                0x0000000020000000                _sdata = .
 *(.data)
 *(.data*)
 .data.restart  0x0000000020000000        0x1 ./Src/train_I2C.o
                0x0000000020000000                restart
 *(.RamFunc)
 *(.RamFunc*)
                0x0000000020000004                . = ALIGN (0x4)
 *fill*         0x0000000020000001        0x3 
                0x0000000020000004                _edata = .

.igot.plt       0x0000000020000004        0x0 load address 0x0000000008001880
 .igot.plt      0x0000000020000004        0x0 /home/danimt/st/stm32cubeide_1.10.1/plugins/com.st.stm32cube.ide.mcu.externaltools.gnu-tools-for-stm32.10.3-2021.10.linux64_1.0.0.202111181127/tools/bin/../lib/gcc/arm-none-eabi/10.3.1/thumb/v6-m/nofp/crtbegin.o
                0x0000000020000004                . = ALIGN (0x4)

.bss            0x0000000020000004       0xa0 load address 0x0000000008001880
                0x0000000020000004                _sbss = .
                0x0000000020000004                __bss_start__ = _sbss
 *(.bss)
 .bss           0x0000000020000004       0x1c /home/danimt/st/stm32cubeide_1.10.1/plugins/com.st.stm32cube.ide.mcu.externaltools.gnu-tools-for-stm32.10.3-2021.10.linux64_1.0.0.202111181127/tools/bin/../lib/gcc/arm-none-eabi/10.3.1/thumb/v6-m/nofp/crtbegin.o
 *(.bss*)
 .bss.buttons   0x0000000020000020        0xc ./Src/train_I2C.o
                0x0000000020000020                buttons
 .bss.leds      0x000000002000002c        0xc ./Src/train_I2C.o
                0x000000002000002c                leds
 .bss.spiGPIOs  0x0000000020000038        0xc ./Src/train_I2C.o
                0x0000000020000038                spiGPIOs
 .bss.i2cGPIOs  0x0000000020000044        0xc ./Src/train_I2C.o
                0x0000000020000044                i2cGPIOs
 .bss.spi1      0x0000000020000050       0x24 ./Src/train_I2C.o
                0x0000000020000050                spi1
 .bss.i2c1      0x0000000020000074       0x24 ./Src/train_I2C.o
                0x0000000020000074                i2c1
 .bss.currentState
                0x0000000020000098        0x1 ./Src/train_I2C.o
                0x0000000020000098                currentState
 .bss.stateChanged
                0x0000000020000099        0x1 ./Src/train_I2C.o
                0x0000000020000099                stateChanged
 .bss.byteRead  0x000000002000009a        0x1 ./Src/train_I2C.o
                0x000000002000009a                byteRead
 .bss.firstByteRead
                0x000000002000009b        0x1 ./Src/train_I2C.o
                0x000000002000009b                firstByteRead
 .bss.boolFirstByteRead
                0x000000002000009c        0x1 ./Src/train_I2C.o
                0x000000002000009c                boolFirstByteRead
 *fill*         0x000000002000009d        0x1 
 .bss.lastADS1115_raw
                0x000000002000009e        0x2 ./Src/train_I2C.o
                0x000000002000009e                lastADS1115_raw
 .bss.bytes_to_ADS1115_reg
                0x00000000200000a0        0x3 ./Src/train_I2C.o
                0x00000000200000a0                bytes_to_ADS1115_reg
 .bss.flagADS1115
                0x00000000200000a3        0x1 ./Src/train_I2C.o
                0x00000000200000a3                flagADS1115
 *(COMMON)
                0x00000000200000a4                . = ALIGN (0x4)
                0x00000000200000a4                _ebss = .
                0x00000000200000a4                __bss_end__ = _ebss

._user_heap_stack
                0x00000000200000a4      0x604 load address 0x0000000008001880
                0x00000000200000a8                . = ALIGN (0x8)
 *fill*         0x00000000200000a4        0x4 
                0x00000000200000a8                PROVIDE (end = .)
                0x00000000200000a8                PROVIDE (_end = .)
                0x00000000200002a8                . = (. + _Min_Heap_Size)
 *fill*         0x00000000200000a8      0x200 
                0x00000000200006a8                . = (. + _Min_Stack_Size)
 *fill*         0x00000000200002a8      0x400 
                0x00000000200006a8                . = ALIGN (0x8)

/DISCARD/
 libc.a(*)
 libm.a(*)
 libgcc.a(*)

.ARM.attributes
                0x0000000000000000       0x28
 *(.ARM.attributes)
 .ARM.attributes
                0x0000000000000000       0x1e /home/danimt/st/stm32cubeide_1.10.1/plugins/com.st.stm32cube.ide.mcu.externaltools.gnu-tools-for-stm32.10.3-2021.10.linux64_1.0.0.202111181127/tools/bin/../lib/gcc/arm-none-eabi/10.3.1/thumb/v6-m/nofp/crti.o
 .ARM.attributes
                0x000000000000001e       0x2c /home/danimt/st/stm32cubeide_1.10.1/plugins/com.st.stm32cube.ide.mcu.externaltools.gnu-tools-for-stm32.10.3-2021.10.linux64_1.0.0.202111181127/tools/bin/../lib/gcc/arm-none-eabi/10.3.1/thumb/v6-m/nofp/crtbegin.o
 .ARM.attributes
                0x000000000000004a       0x2c ./Src/train_I2C.o
 .ARM.attributes
                0x0000000000000076       0x21 ./Startup/startup_stm32f091rctx.o
 .ARM.attributes
                0x0000000000000097       0x2c ./myDrivers/SrcDrivers/gpio.o
 .ARM.attributes
                0x00000000000000c3       0x2c ./myDrivers/SrcDrivers/i2c.o
 .ARM.attributes
                0x00000000000000ef       0x2c ./myDrivers/SrcDrivers/spi.o
 .ARM.attributes
                0x000000000000011b       0x2c /home/danimt/st/stm32cubeide_1.10.1/plugins/com.st.stm32cube.ide.mcu.externaltools.gnu-tools-for-stm32.10.3-2021.10.linux64_1.0.0.202111181127/tools/bin/../lib/gcc/arm-none-eabi/10.3.1/../../../../arm-none-eabi/lib/thumb/v6-m/nofp/libc_nano.a(lib_a-init.o)
 .ARM.attributes
                0x0000000000000147       0x2c /home/danimt/st/stm32cubeide_1.10.1/plugins/com.st.stm32cube.ide.mcu.externaltools.gnu-tools-for-stm32.10.3-2021.10.linux64_1.0.0.202111181127/tools/bin/../lib/gcc/arm-none-eabi/10.3.1/../../../../arm-none-eabi/lib/thumb/v6-m/nofp/libc_nano.a(lib_a-memset.o)
 .ARM.attributes
                0x0000000000000173       0x1e /home/danimt/st/stm32cubeide_1.10.1/plugins/com.st.stm32cube.ide.mcu.externaltools.gnu-tools-for-stm32.10.3-2021.10.linux64_1.0.0.202111181127/tools/bin/../lib/gcc/arm-none-eabi/10.3.1/thumb/v6-m/nofp/crtn.o
OUTPUT(Train.elf elf32-littlearm)
LOAD linker stubs
LOAD /home/danimt/st/stm32cubeide_1.10.1/plugins/com.st.stm32cube.ide.mcu.externaltools.gnu-tools-for-stm32.10.3-2021.10.linux64_1.0.0.202111181127/tools/bin/../lib/gcc/arm-none-eabi/10.3.1/../../../../arm-none-eabi/lib/thumb/v6-m/nofp/libc.a
LOAD /home/danimt/st/stm32cubeide_1.10.1/plugins/com.st.stm32cube.ide.mcu.externaltools.gnu-tools-for-stm32.10.3-2021.10.linux64_1.0.0.202111181127/tools/bin/../lib/gcc/arm-none-eabi/10.3.1/../../../../arm-none-eabi/lib/thumb/v6-m/nofp/libm.a
LOAD /home/danimt/st/stm32cubeide_1.10.1/plugins/com.st.stm32cube.ide.mcu.externaltools.gnu-tools-for-stm32.10.3-2021.10.linux64_1.0.0.202111181127/tools/bin/../lib/gcc/arm-none-eabi/10.3.1/thumb/v6-m/nofp/libgcc.a

.debug_info     0x0000000000000000     0x1ed8
 .debug_info    0x0000000000000000      0xac6 ./Src/train_I2C.o
 .debug_info    0x0000000000000ac6       0x22 ./Startup/startup_stm32f091rctx.o
 .debug_info    0x0000000000000ae8      0x607 ./myDrivers/SrcDrivers/gpio.o
 .debug_info    0x00000000000010ef      0x703 ./myDrivers/SrcDrivers/i2c.o
 .debug_info    0x00000000000017f2      0x6e6 ./myDrivers/SrcDrivers/spi.o

.debug_abbrev   0x0000000000000000      0x674
 .debug_abbrev  0x0000000000000000      0x236 ./Src/train_I2C.o
 .debug_abbrev  0x0000000000000236       0x12 ./Startup/startup_stm32f091rctx.o
 .debug_abbrev  0x0000000000000248      0x132 ./myDrivers/SrcDrivers/gpio.o
 .debug_abbrev  0x000000000000037a      0x18a ./myDrivers/SrcDrivers/i2c.o
 .debug_abbrev  0x0000000000000504      0x170 ./myDrivers/SrcDrivers/spi.o

.debug_aranges  0x0000000000000000      0x250
 .debug_aranges
                0x0000000000000000       0x68 ./Src/train_I2C.o
 .debug_aranges
                0x0000000000000068       0x28 ./Startup/startup_stm32f091rctx.o
 .debug_aranges
                0x0000000000000090       0x70 ./myDrivers/SrcDrivers/gpio.o
 .debug_aranges
                0x0000000000000100       0xb0 ./myDrivers/SrcDrivers/i2c.o
 .debug_aranges
                0x00000000000001b0       0xa0 ./myDrivers/SrcDrivers/spi.o

.debug_ranges   0x0000000000000000      0x208
 .debug_ranges  0x0000000000000000       0x58 ./Src/train_I2C.o
 .debug_ranges  0x0000000000000058       0x20 ./Startup/startup_stm32f091rctx.o
 .debug_ranges  0x0000000000000078       0x60 ./myDrivers/SrcDrivers/gpio.o
 .debug_ranges  0x00000000000000d8       0xa0 ./myDrivers/SrcDrivers/i2c.o
 .debug_ranges  0x0000000000000178       0x90 ./myDrivers/SrcDrivers/spi.o

.debug_macro    0x0000000000000000     0x1652
 .debug_macro   0x0000000000000000      0x298 ./Src/train_I2C.o
 .debug_macro   0x0000000000000298      0x341 ./Src/train_I2C.o
 .debug_macro   0x00000000000005d9       0x10 ./Src/train_I2C.o
 .debug_macro   0x00000000000005e9       0x35 ./Src/train_I2C.o
 .debug_macro   0x000000000000061e       0x20 ./Src/train_I2C.o
 .debug_macro   0x000000000000063e       0x1c ./Src/train_I2C.o
 .debug_macro   0x000000000000065a       0x10 ./Src/train_I2C.o
 .debug_macro   0x000000000000066a       0x10 ./Src/train_I2C.o
 .debug_macro   0x000000000000067a       0x1c ./Src/train_I2C.o
 .debug_macro   0x0000000000000696       0x52 ./Src/train_I2C.o
 .debug_macro   0x00000000000006e8       0x22 ./Src/train_I2C.o
 .debug_macro   0x000000000000070a       0x10 ./Src/train_I2C.o
 .debug_macro   0x000000000000071a       0x52 ./Src/train_I2C.o
 .debug_macro   0x000000000000076c       0xd5 ./Src/train_I2C.o
 .debug_macro   0x0000000000000841       0x1c ./Src/train_I2C.o
 .debug_macro   0x000000000000085d       0x3d ./Src/train_I2C.o
 .debug_macro   0x000000000000089a       0x16 ./Src/train_I2C.o
 .debug_macro   0x00000000000008b0      0x145 ./Src/train_I2C.o
 .debug_macro   0x00000000000009f5      0x64b ./Src/train_I2C.o
 .debug_macro   0x0000000000001040       0x94 ./Src/train_I2C.o
 .debug_macro   0x00000000000010d4       0xee ./Src/train_I2C.o
 .debug_macro   0x00000000000011c2       0x64 ./Src/train_I2C.o
 .debug_macro   0x0000000000001226       0xad ./myDrivers/SrcDrivers/gpio.o
 .debug_macro   0x00000000000012d3       0x8e ./myDrivers/SrcDrivers/gpio.o
 .debug_macro   0x0000000000001361       0x51 ./myDrivers/SrcDrivers/gpio.o
 .debug_macro   0x00000000000013b2       0xe8 ./myDrivers/SrcDrivers/gpio.o
 .debug_macro   0x000000000000149a       0xad ./myDrivers/SrcDrivers/i2c.o
 .debug_macro   0x0000000000001547       0x5e ./myDrivers/SrcDrivers/i2c.o
 .debug_macro   0x00000000000015a5       0xad ./myDrivers/SrcDrivers/spi.o

.debug_line     0x0000000000000000     0x234f
 .debug_line    0x0000000000000000      0x8a7 ./Src/train_I2C.o
 .debug_line    0x00000000000008a7       0x84 ./Startup/startup_stm32f091rctx.o
 .debug_line    0x000000000000092b      0x812 ./myDrivers/SrcDrivers/gpio.o
 .debug_line    0x000000000000113d      0x970 ./myDrivers/SrcDrivers/i2c.o
 .debug_line    0x0000000000001aad      0x8a2 ./myDrivers/SrcDrivers/spi.o

.debug_str      0x0000000000000000     0xa19b
 .debug_str     0x0000000000000000     0x9e11 ./Src/train_I2C.o
                                       0xa021 (size before relaxing)
 .debug_str     0x0000000000009e11       0x31 ./Startup/startup_stm32f091rctx.o
                                         0x73 (size before relaxing)
 .debug_str     0x0000000000009e42      0x175 ./myDrivers/SrcDrivers/gpio.o
                                       0x5ce3 (size before relaxing)
 .debug_str     0x0000000000009fb7       0xf4 ./myDrivers/SrcDrivers/i2c.o
                                       0x5d8a (size before relaxing)
 .debug_str     0x000000000000a0ab       0xf0 ./myDrivers/SrcDrivers/spi.o
                                       0x5d47 (size before relaxing)

.comment        0x0000000000000000       0x50
 .comment       0x0000000000000000       0x50 ./Src/train_I2C.o
                                         0x51 (size before relaxing)
 .comment       0x0000000000000050       0x51 ./myDrivers/SrcDrivers/gpio.o
 .comment       0x0000000000000050       0x51 ./myDrivers/SrcDrivers/i2c.o
 .comment       0x0000000000000050       0x51 ./myDrivers/SrcDrivers/spi.o

.debug_frame    0x0000000000000000      0x79c
 .debug_frame   0x0000000000000000      0x13c ./Src/train_I2C.o
 .debug_frame   0x000000000000013c      0x174 ./myDrivers/SrcDrivers/gpio.o
 .debug_frame   0x00000000000002b0      0x270 ./myDrivers/SrcDrivers/i2c.o
 .debug_frame   0x0000000000000520      0x230 ./myDrivers/SrcDrivers/spi.o
 .debug_frame   0x0000000000000750       0x2c /home/danimt/st/stm32cubeide_1.10.1/plugins/com.st.stm32cube.ide.mcu.externaltools.gnu-tools-for-stm32.10.3-2021.10.linux64_1.0.0.202111181127/tools/bin/../lib/gcc/arm-none-eabi/10.3.1/../../../../arm-none-eabi/lib/thumb/v6-m/nofp/libc_nano.a(lib_a-init.o)
 .debug_frame   0x000000000000077c       0x20 /home/danimt/st/stm32cubeide_1.10.1/plugins/com.st.stm32cube.ide.mcu.externaltools.gnu-tools-for-stm32.10.3-2021.10.linux64_1.0.0.202111181127/tools/bin/../lib/gcc/arm-none-eabi/10.3.1/../../../../arm-none-eabi/lib/thumb/v6-m/nofp/libc_nano.a(lib_a-memset.o)
