Archive member included to satisfy reference by file (symbol)

/home/danimt/st/stm32cubeide_1.10.1/plugins/com.st.stm32cube.ide.mcu.externaltools.gnu-tools-for-stm32.10.3-2021.10.linux64_1.0.0.202111181127/tools/bin/../lib/gcc/arm-none-eabi/10.3.1/../../../../arm-none-eabi/lib/thumb/v6-m/nofp/libc_nano.a(lib_a-errno.o)
                              ./Src/sysmem.o (__errno)
/home/danimt/st/stm32cubeide_1.10.1/plugins/com.st.stm32cube.ide.mcu.externaltools.gnu-tools-for-stm32.10.3-2021.10.linux64_1.0.0.202111181127/tools/bin/../lib/gcc/arm-none-eabi/10.3.1/../../../../arm-none-eabi/lib/thumb/v6-m/nofp/libc_nano.a(lib_a-exit.o)
                              /home/danimt/st/stm32cubeide_1.10.1/plugins/com.st.stm32cube.ide.mcu.externaltools.gnu-tools-for-stm32.10.3-2021.10.linux64_1.0.0.202111181127/tools/bin/../lib/gcc/arm-none-eabi/10.3.1/../../../../arm-none-eabi/lib/thumb/v6-m/nofp/rdimon-crt0.o (exit)
/home/danimt/st/stm32cubeide_1.10.1/plugins/com.st.stm32cube.ide.mcu.externaltools.gnu-tools-for-stm32.10.3-2021.10.linux64_1.0.0.202111181127/tools/bin/../lib/gcc/arm-none-eabi/10.3.1/../../../../arm-none-eabi/lib/thumb/v6-m/nofp/libc_nano.a(lib_a-impure.o)
                              /home/danimt/st/stm32cubeide_1.10.1/plugins/com.st.stm32cube.ide.mcu.externaltools.gnu-tools-for-stm32.10.3-2021.10.linux64_1.0.0.202111181127/tools/bin/../lib/gcc/arm-none-eabi/10.3.1/../../../../arm-none-eabi/lib/thumb/v6-m/nofp/libc_nano.a(lib_a-exit.o) (_global_impure_ptr)
/home/danimt/st/stm32cubeide_1.10.1/plugins/com.st.stm32cube.ide.mcu.externaltools.gnu-tools-for-stm32.10.3-2021.10.linux64_1.0.0.202111181127/tools/bin/../lib/gcc/arm-none-eabi/10.3.1/../../../../arm-none-eabi/lib/thumb/v6-m/nofp/libc_nano.a(lib_a-init.o)
                              /home/danimt/st/stm32cubeide_1.10.1/plugins/com.st.stm32cube.ide.mcu.externaltools.gnu-tools-for-stm32.10.3-2021.10.linux64_1.0.0.202111181127/tools/bin/../lib/gcc/arm-none-eabi/10.3.1/../../../../arm-none-eabi/lib/thumb/v6-m/nofp/rdimon-crt0.o (__libc_init_array)
/home/danimt/st/stm32cubeide_1.10.1/plugins/com.st.stm32cube.ide.mcu.externaltools.gnu-tools-for-stm32.10.3-2021.10.linux64_1.0.0.202111181127/tools/bin/../lib/gcc/arm-none-eabi/10.3.1/../../../../arm-none-eabi/lib/thumb/v6-m/nofp/libc_nano.a(lib_a-memset.o)
                              /home/danimt/st/stm32cubeide_1.10.1/plugins/com.st.stm32cube.ide.mcu.externaltools.gnu-tools-for-stm32.10.3-2021.10.linux64_1.0.0.202111181127/tools/bin/../lib/gcc/arm-none-eabi/10.3.1/../../../../arm-none-eabi/lib/thumb/v6-m/nofp/rdimon-crt0.o (memset)
/home/danimt/st/stm32cubeide_1.10.1/plugins/com.st.stm32cube.ide.mcu.externaltools.gnu-tools-for-stm32.10.3-2021.10.linux64_1.0.0.202111181127/tools/bin/../lib/gcc/arm-none-eabi/10.3.1/../../../../arm-none-eabi/lib/thumb/v6-m/nofp/libc_nano.a(lib_a-strlcpy.o)
                              ./Src/train_LCD_timers.o (strlcpy)
/home/danimt/st/stm32cubeide_1.10.1/plugins/com.st.stm32cube.ide.mcu.externaltools.gnu-tools-for-stm32.10.3-2021.10.linux64_1.0.0.202111181127/tools/bin/../lib/gcc/arm-none-eabi/10.3.1/../../../../arm-none-eabi/lib/thumb/v6-m/nofp/libc_nano.a(lib_a-strlen.o)
                              ./Src/train_LCD_timers.o (strlen)
/home/danimt/st/stm32cubeide_1.10.1/plugins/com.st.stm32cube.ide.mcu.externaltools.gnu-tools-for-stm32.10.3-2021.10.linux64_1.0.0.202111181127/tools/bin/../lib/gcc/arm-none-eabi/10.3.1/../../../../arm-none-eabi/lib/thumb/v6-m/nofp/libc_nano.a(lib_a-strncat.o)
                              ./Src/train_LCD_timers.o (strncat)
/home/danimt/st/stm32cubeide_1.10.1/plugins/com.st.stm32cube.ide.mcu.externaltools.gnu-tools-for-stm32.10.3-2021.10.linux64_1.0.0.202111181127/tools/bin/../lib/gcc/arm-none-eabi/10.3.1/../../../../arm-none-eabi/lib/thumb/v6-m/nofp/librdimon_nano.a(rdimon-syscalls.o)
                              /home/danimt/st/stm32cubeide_1.10.1/plugins/com.st.stm32cube.ide.mcu.externaltools.gnu-tools-for-stm32.10.3-2021.10.linux64_1.0.0.202111181127/tools/bin/../lib/gcc/arm-none-eabi/10.3.1/../../../../arm-none-eabi/lib/thumb/v6-m/nofp/rdimon-crt0.o (initialise_monitor_handles)
/home/danimt/st/stm32cubeide_1.10.1/plugins/com.st.stm32cube.ide.mcu.externaltools.gnu-tools-for-stm32.10.3-2021.10.linux64_1.0.0.202111181127/tools/bin/../lib/gcc/arm-none-eabi/10.3.1/../../../../arm-none-eabi/lib/thumb/v6-m/nofp/librdimon_nano.a(rdimon-_exit.o)
                              /home/danimt/st/stm32cubeide_1.10.1/plugins/com.st.stm32cube.ide.mcu.externaltools.gnu-tools-for-stm32.10.3-2021.10.linux64_1.0.0.202111181127/tools/bin/../lib/gcc/arm-none-eabi/10.3.1/../../../../arm-none-eabi/lib/thumb/v6-m/nofp/libc_nano.a(lib_a-exit.o) (_exit)
/home/danimt/st/stm32cubeide_1.10.1/plugins/com.st.stm32cube.ide.mcu.externaltools.gnu-tools-for-stm32.10.3-2021.10.linux64_1.0.0.202111181127/tools/bin/../lib/gcc/arm-none-eabi/10.3.1/../../../../arm-none-eabi/lib/thumb/v6-m/nofp/librdimon_nano.a(rdimon-_kill.o)
[...]
Memory Configuration

Name             Origin             Length             Attributes
RAM              0x0000000020000000 0x0000000000008000 xrw
FLASH            0x0000000008000000 0x0000000000040000 xr
*default*        0x0000000000000000 0xffffffffffffffff

Linker script and memory map

LOAD /home/danimt/st/stm32cubeide_1.10.1/plugins/com.st.stm32cube.ide.mcu.externaltools.gnu-tools-for-stm32.10.3-2021.10.linux64_1.0.0.202111181127/tools/bin/../lib/gcc/arm-none-eabi/10.3.1/thumb/v6-m/nofp/crti.o
LOAD /home/danimt/st/stm32cubeide_1.10.1/plugins/com.st.stm32cube.ide.mcu.externaltools.gnu-tools-for-stm32.10.3-2021.10.linux64_1.0.0.202111181127/tools/bin/../lib/gcc/arm-none-eabi/10.3.1/thumb/v6-m/nofp/crtbegin.o
LOAD /home/danimt/st/stm32cubeide_1.10.1/plugins/com.st.stm32cube.ide.mcu.externaltools.gnu-tools-for-stm32.10.3-2021.10.linux64_1.0.0.202111181127/tools/bin/../lib/gcc/arm-none-eabi/10.3.1/../../../../arm-none-eabi/lib/thumb/v6-m/nofp/rdimon-crt0.o
LOAD ./Src/sysmem.o
LOAD ./Src/train_LCD_timers.o
LOAD ./Startup/startup_stm32f091rctx.o
LOAD ./myDrivers/SrcDrivers/basicTimers.o
LOAD ./myDrivers/SrcDrivers/gpio.o
LOAD ./myDrivers/SrcDrivers/i2c.o
LOAD ./myDrivers/SrcDrivers/spi.o
LOAD /home/danimt/st/stm32cubeide_1.10.1/plugins/com.st.stm32cube.ide.mcu.externaltools.gnu-tools-for-stm32.10.3-2021.10.linux64_1.0.0.202111181127/tools/bin/../lib/gcc/arm-none-eabi/10.3.1/../../../../arm-none-eabi/lib/thumb/v6-m/nofp/libc_nano.a
LOAD /home/danimt/st/stm32cubeide_1.10.1/plugins/com.st.stm32cube.ide.mcu.externaltools.gnu-tools-for-stm32.10.3-2021.10.linux64_1.0.0.202111181127/tools/bin/../lib/gcc/arm-none-eabi/10.3.1/../../../../arm-none-eabi/lib/thumb/v6-m/nofp/librdimon_nano.a
START GROUP
LOAD /home/danimt/st/stm32cubeide_1.10.1/plugins/com.st.stm32cube.ide.mcu.externaltools.gnu-tools-for-stm32.10.3-2021.10.linux64_1.0.0.202111181127/tools/bin/../lib/gcc/arm-none-eabi/10.3.1/../../../../arm-none-eabi/lib/thumb/v6-m/nofp/libc_nano.a
LOAD /home/danimt/st/stm32cubeide_1.10.1/plugins/com.st.stm32cube.ide.mcu.externaltools.gnu-tools-for-stm32.10.3-2021.10.linux64_1.0.0.202111181127/tools/bin/../lib/gcc/arm-none-eabi/10.3.1/../../../../arm-none-eabi/lib/thumb/v6-m/nofp/libm.a
END GROUP
START GROUP
LOAD /home/danimt/st/stm32cubeide_1.10.1/plugins/com.st.stm32cube.ide.mcu.externaltools.gnu-tools-for-stm32.10.3-2021.10.linux64_1.0.0.202111181127/tools/bin/../lib/gcc/arm-none-eabi/10.3.1/thumb/v6-m/nofp/libgcc.a
LOAD /home/danimt/st/stm32cubeide_1.10.1/plugins/com.st.stm32cube.ide.mcu.externaltools.gnu-tools-for-stm32.10.3-2021.10.linux64_1.0.0.202111181127/tools/bin/../lib/gcc/arm-none-eabi/10.3.1/../../../../arm-none-eabi/lib/thumb/v6-m/nofp/libc_nano.a
END GROUP
START GROUP
LOAD /home/danimt/st/stm32cubeide_1.10.1/plugins/com.st.stm32cube.ide.mcu.externaltools.gnu-tools-for-stm32.10.3-2021.10.linux64_1.0.0.202111181127/tools/bin/../lib/gcc/arm-none-eabi/10.3.1/thumb/v6-m/nofp/libgcc.a
LOAD /home/danimt/st/stm32cubeide_1.10.1/plugins/com.st.stm32cube.ide.mcu.externaltools.gnu-tools-for-stm32.10.3-2021.10.linux64_1.0.0.202111181127/tools/bin/../lib/gcc/arm-none-eabi/10.3.1/../../../../arm-none-eabi/lib/thumb/v6-m/nofp/libc_nano.a
LOAD /home/danimt/st/stm32cubeide_1.10.1/plugins/com.st.stm32cube.ide.mcu.externaltools.gnu-tools-for-stm32.10.3-2021.10.linux64_1.0.0.202111181127/tools/bin/../lib/gcc/arm-none-eabi/10.3.1/../../../../arm-none-eabi/lib/thumb/v6-m/nofp/libnosys.a
END GROUP
START GROUP
LOAD /home/danimt/st/stm32cubeide_1.10.1/plugins/com.st.stm32cube.ide.mcu.externaltools.gnu-tools-for-stm32.10.3-2021.10.linux64_1.0.0.202111181127/tools/bin/../lib/gcc/arm-none-eabi/10.3.1/thumb/v6-m/nofp/libgcc.a
LOAD /home/danimt/st/stm32cubeide_1.10.1/plugins/com.st.stm32cube.ide.mcu.externaltools.gnu-tools-for-stm32.10.3-2021.10.linux64_1.0.0.202111181127/tools/bin/../lib/gcc/arm-none-eabi/10.3.1/../../../../arm-none-eabi/lib/thumb/v6-m/nofp/libc_nano.a
LOAD /home/danimt/st/stm32cubeide_1.10.1/plugins/com.st.stm32cube.ide.mcu.externaltools.gnu-tools-for-stm32.10.3-2021.10.linux64_1.0.0.202111181127/tools/bin/../lib/gcc/arm-none-eabi/10.3.1/../../../../arm-none-eabi/lib/thumb/v6-m/nofp/librdimon_nano.a
END GROUP
START GROUP
LOAD /home/danimt/st/stm32cubeide_1.10.1/plugins/com.st.stm32cube.ide.mcu.externaltools.gnu-tools-for-stm32.10.3-2021.10.linux64_1.0.0.202111181127/tools/bin/../lib/gcc/arm-none-eabi/10.3.1/thumb/v6-m/nofp/libgcc.a
LOAD /home/danimt/st/stm32cubeide_1.10.1/plugins/com.st.stm32cube.ide.mcu.externaltools.gnu-tools-for-stm32.10.3-2021.10.linux64_1.0.0.202111181127/tools/bin/../lib/gcc/arm-none-eabi/10.3.1/../../../../arm-none-eabi/lib/thumb/v6-m/nofp/libc_nano.a
LOAD /home/danimt/st/stm32cubeide_1.10.1/plugins/com.st.stm32cube.ide.mcu.externaltools.gnu-tools-for-stm32.10.3-2021.10.linux64_1.0.0.202111181127/tools/bin/../lib/gcc/arm-none-eabi/10.3.1/../../../../arm-none-eabi/lib/thumb/v6-m/nofp/librdimon_nano.a
LOAD /home/danimt/st/stm32cubeide_1.10.1/plugins/com.st.stm32cube.ide.mcu.externaltools.gnu-tools-for-stm32.10.3-2021.10.linux64_1.0.0.202111181127/tools/bin/../lib/gcc/arm-none-eabi/10.3.1/../../../../arm-none-eabi/lib/thumb/v6-m/nofp/libnosys.a
END GROUP
LOAD /home/danimt/st/stm32cubeide_1.10.1/plugins/com.st.stm32cube.ide.mcu.externaltools.gnu-tools-for-stm32.10.3-2021.10.linux64_1.0.0.202111181127/tools/bin/../lib/gcc/arm-none-eabi/10.3.1/thumb/v6-m/nofp/crtend.o
LOAD /home/danimt/st/stm32cubeide_1.10.1/plugins/com.st.stm32cube.ide.mcu.externaltools.gnu-tools-for-stm32.10.3-2021.10.linux64_1.0.0.202111181127/tools/bin/../lib/gcc/arm-none-eabi/10.3.1/thumb/v6-m/nofp/crtn.o
                0x0000000020008000                _estack = (ORIGIN (RAM) + LENGTH (RAM))
                0x0000000000000200                _Min_Heap_Size = 0x200
                0x0000000000000400                _Min_Stack_Size = 0x400

.isr_vector     0x0000000008000000       0xc0
                0x0000000008000000                . = ALIGN (0x4)
 *(.isr_vector)
 .isr_vector    0x0000000008000000       0xc0 ./Startup/startup_stm32f091rctx.o
                0x0000000008000000                g_pfnVectors
                0x00000000080000c0                . = ALIGN (0x4)

.text           0x00000000080000c0     0x2098
                0x00000000080000c0                . = ALIGN (0x4)
 *(.text)
 .text          0x00000000080000c0       0x48 /home/danimt/st/stm32cubeide_1.10.1/plugins/com.st.stm32cube.ide.mcu.externaltools.gnu-tools-for-stm32.10.3-2021.10.linux64_1.0.0.202111181127/tools/bin/../lib/gcc/arm-none-eabi/10.3.1/thumb/v6-m/nofp/crtbegin.o
 .text          0x0000000008000108        0xe /home/danimt/st/stm32cubeide_1.10.1/plugins/com.st.stm32cube.ide.mcu.externaltools.gnu-tools-for-stm32.10.3-2021.10.linux64_1.0.0.202111181127/tools/bin/../lib/gcc/arm-none-eabi/10.3.1/../../../../arm-none-eabi/lib/thumb/v6-m/nofp/libc_nano.a(lib_a-strlen.o)
                0x0000000008000108                strlen
 *(.text*)
 .text.delay    0x0000000008000116       0x26 ./Src/train_LCD_timers.o
                0x0000000008000116                delay
 .text.main     0x000000000800013c      0x19c ./Src/train_LCD_timers.o
                0x000000000800013c                main
 .text.EXTI2_3_IRQHandler
                0x00000000080002d8       0xe0 ./Src/train_LCD_timers.o
                0x00000000080002d8                EXTI2_3_IRQHandler
 .text.EXTI4_15_IRQHandler
                0x00000000080003b8       0x88 ./Src/train_LCD_timers.o
                0x00000000080003b8                EXTI4_15_IRQHandler
 .text.SPI1_IRQHandler
                0x0000000008000440       0x18 ./Src/train_LCD_timers.o
                0x0000000008000440                SPI1_IRQHandler
 .text.I2C1_IRQHandler
                0x0000000008000458       0x18 ./Src/train_LCD_timers.o
                0x0000000008000458                I2C1_IRQHandler
 .text.I2C_App_Callback
                0x0000000008000470       0xbc ./Src/train_LCD_timers.o
                0x0000000008000470                I2C_App_Callback
 .text.TIM7_IRQHandler
                0x000000000800052c       0x18 ./Src/train_LCD_timers.o
                0x000000000800052c                TIM7_IRQHandler
 .text.BasicTimer_App_Callback
                0x0000000008000544       0x1c ./Src/train_LCD_timers.o
                0x0000000008000544                BasicTimer_App_Callback
 .text.peripheral_Config_Ini
                0x0000000008000560      0x2f0 ./Src/train_LCD_timers.o
                0x0000000008000560                peripheral_Config_Ini
 .text.configureADS1115
                0x0000000008000850       0x74 ./Src/train_LCD_timers.o
                0x0000000008000850                configureADS1115
 .text.spi_appComm
                0x00000000080008c4      0x2c8 ./Src/train_LCD_timers.o
                0x00000000080008c4                spi_appComm
 .text.Reset_Handler
                0x0000000008000b8c       0x50 ./Startup/startup_stm32f091rctx.o
                0x0000000008000b8c                Reset_Handler
 .text.Default_Handler
                0x0000000008000bdc        0x2 ./Startup/startup_stm32f091rctx.o
                0x0000000008000bdc                DMA1_CH4_5_6_7_DMA2_CH3_4_5_IRQHandler
                0x0000000008000bdc                TIM1_CC_IRQHandler
                0x0000000008000bdc                TSC_IRQHandler
                0x0000000008000bdc                HardFault_Handler
                0x0000000008000bdc                SysTick_Handler
                0x0000000008000bdc                PVD_IRQHandler
                0x0000000008000bdc                PendSV_Handler
                0x0000000008000bdc                NMI_Handler
                0x0000000008000bdc                RCC_CRS_IRQHandler
                0x0000000008000bdc                TIM6_DAC_IRQHandler
                0x0000000008000bdc                I2C2_IRQHandler
                0x0000000008000bdc                TIM17_IRQHandler
                0x0000000008000bdc                CEC_CAN_IRQHandler
                0x0000000008000bdc                RTC_IRQHandler
                0x0000000008000bdc                TIM16_IRQHandler
                0x0000000008000bdc                TIM3_IRQHandler
                0x0000000008000bdc                Default_Handler
                0x0000000008000bdc                DMA1_CH2_3_DMA2_CH1_2_IRQHandler
                0x0000000008000bdc                TIM14_IRQHandler
                0x0000000008000bdc                TIM15_IRQHandler
                0x0000000008000bdc                EXTI0_1_IRQHandler
                0x0000000008000bdc                USB_IRQHandler
                0x0000000008000bdc                SPI2_IRQHandler
                0x0000000008000bdc                DMA1_CH1_IRQHandler
                0x0000000008000bdc                SVC_Handler
                0x0000000008000bdc                WWDG_IRQHandler
                0x0000000008000bdc                TIM2_IRQHandler
                0x0000000008000bdc                ADC_COMP_IRQHandler
                0x0000000008000bdc                USART2_IRQHandler
                0x0000000008000bdc                USART3_4_5_6_7_8_IRQHandler
                0x0000000008000bdc                FLASH_IRQHandler
                0x0000000008000bdc                USART1_IRQHandler
                0x0000000008000bdc                TIM1_BRK_UP_TRG_COM_IRQHandler
 *fill*         0x0000000008000bde        0x2 
 .text.BasicTimer_ClockControl
                0x0000000008000be0       0x88 ./myDrivers/SrcDrivers/basicTimers.o
                0x0000000008000be0                BasicTimer_ClockControl
 .text.BasicTimer_Init
                0x0000000008000c68       0x8e ./myDrivers/SrcDrivers/basicTimers.o
                0x0000000008000c68                BasicTimer_Init
 .text.BasicTimer_EnableDisable
                0x0000000008000cf6       0x60 ./myDrivers/SrcDrivers/basicTimers.o
                0x0000000008000cf6                BasicTimer_EnableDisable
 .text.BasicTimer_GetCounter
                0x0000000008000d56       0x18 ./myDrivers/SrcDrivers/basicTimers.o
                0x0000000008000d56                BasicTimer_GetCounter
 .text.BasicTimer_RestartCounter
                0x0000000008000d6e       0x20 ./myDrivers/SrcDrivers/basicTimers.o
                0x0000000008000d6e                BasicTimer_RestartCounter
 *fill*         0x0000000008000d8e        0x2 
 .text.BasicTimer_IRQ_EnableDisable
                0x0000000008000d90       0x58 ./myDrivers/SrcDrivers/basicTimers.o
                0x0000000008000d90                BasicTimer_IRQ_EnableDisable
 .text.BasicTimer_IRQ_Handling
                0x0000000008000de8       0x48 ./myDrivers/SrcDrivers/basicTimers.o
                0x0000000008000de8                BasicTimer_IRQ_Handling
 .text.VirtualBasicTimer_Elapsed
                0x0000000008000e30       0x82 ./myDrivers/SrcDrivers/basicTimers.o
                0x0000000008000e30                VirtualBasicTimer_Elapsed
 .text.VirtualBasicTimer_EnableDisable
                0x0000000008000eb2       0x2c ./myDrivers/SrcDrivers/basicTimers.o
                0x0000000008000eb2                VirtualBasicTimer_EnableDisable
 .text.VirtualBasicTimer_StartCounter
                0x0000000008000ede       0x28 ./myDrivers/SrcDrivers/basicTimers.o
                0x0000000008000ede                VirtualBasicTimer_StartCounter
 .text.VirtualBasicTimer_StopCounter
                0x0000000008000f06       0x2a ./myDrivers/SrcDrivers/basicTimers.o
                0x0000000008000f06                VirtualBasicTimer_StopCounter
 .text.GPIO_ClockControl
                0x0000000008000f30      0x164 ./myDrivers/SrcDrivers/gpio.o
                0x0000000008000f30                GPIO_ClockControl
 .text.GPIO_PinInit
                0x0000000008001094      0x31c ./myDrivers/SrcDrivers/gpio.o
                0x0000000008001094                GPIO_PinInit
 .text.GPIO_WritePin
                0x00000000080013b0       0x54 ./myDrivers/SrcDrivers/gpio.o
                0x00000000080013b0                GPIO_WritePin
 .text.GPIO_IRQ_EnableDisable
                0x0000000008001404       0x58 ./myDrivers/SrcDrivers/gpio.o
                0x0000000008001404                GPIO_IRQ_EnableDisable
 .text.GPIO_IRQ_Handling
                0x000000000800145c       0x40 ./myDrivers/SrcDrivers/gpio.o
                0x000000000800145c                GPIO_IRQ_Handling
 .text.I2C_ClockControl
                0x000000000800149c       0x94 ./myDrivers/SrcDrivers/i2c.o
                0x000000000800149c                I2C_ClockControl
 .text.I2C_Init
                0x0000000008001530       0x24 ./myDrivers/SrcDrivers/i2c.o
                0x0000000008001530                I2C_Init
 .text.I2C_EnableDisable
                0x0000000008001554       0x46 ./myDrivers/SrcDrivers/i2c.o
                0x0000000008001554                I2C_EnableDisable
 *fill*         0x000000000800159a        0x2 
 .text.I2C_IRQ_EnableDisable
                0x000000000800159c       0x58 ./myDrivers/SrcDrivers/i2c.o
                0x000000000800159c                I2C_IRQ_EnableDisable
 .text.I2C_IRQ_Handling
                0x00000000080015f4       0xdc ./myDrivers/SrcDrivers/i2c.o
                0x00000000080015f4                I2C_IRQ_Handling
 .text.I2C_SlaveAddress
                0x00000000080016d0       0x4a ./myDrivers/SrcDrivers/i2c.o
 *fill*         0x000000000800171a        0x2 
 .text.I2C_Master_Transmitter
                0x000000000800171c      0x134 ./myDrivers/SrcDrivers/i2c.o
                0x000000000800171c                I2C_Master_Transmitter
 .text.I2C_Master_Receiver
                0x0000000008001850      0x130 ./myDrivers/SrcDrivers/i2c.o
                0x0000000008001850                I2C_Master_Receiver
 .text.I2C_TXIS_handler
                0x0000000008001980       0x46 ./myDrivers/SrcDrivers/i2c.o
 .text.I2C_RXNE_handler
                0x00000000080019c6       0x52 ./myDrivers/SrcDrivers/i2c.o
 .text.I2C_BERR_handler
                0x0000000008001a18       0x36 ./myDrivers/SrcDrivers/i2c.o
 .text.I2C_STOP_handler
                0x0000000008001a4e       0x30 ./myDrivers/SrcDrivers/i2c.o
 .text.I2C_TC_handler
                0x0000000008001a7e       0x28 ./myDrivers/SrcDrivers/i2c.o
 .text.I2C_TCR_handler
                0x0000000008001aa6       0x28 ./myDrivers/SrcDrivers/i2c.o
 .text.I2C_Master_TimingR
                0x0000000008001ace       0x8a ./myDrivers/SrcDrivers/i2c.o
                0x0000000008001ace                I2C_Master_TimingR
 .text.SPI_ClockControl
                0x0000000008001b58       0x94 ./myDrivers/SrcDrivers/spi.o
                0x0000000008001b58                SPI_ClockControl
 .text.SPI_Init
                0x0000000008001bec      0x14c ./myDrivers/SrcDrivers/spi.o
                0x0000000008001bec                SPI_Init
 .text.SPI_EnableDisable
                0x0000000008001d38       0x40 ./myDrivers/SrcDrivers/spi.o
                0x0000000008001d38                SPI_EnableDisable
 .text.SPI_SSOE
                0x0000000008001d78       0x40 ./myDrivers/SrcDrivers/spi.o
                0x0000000008001d78                SPI_SSOE
 .text.SPI_IRQ_EnableDisable
                0x0000000008001db8       0x58 ./myDrivers/SrcDrivers/spi.o
                0x0000000008001db8                SPI_IRQ_EnableDisable
 .text.SPI_IRQ_Handling
                0x0000000008001e10       0x70 ./myDrivers/SrcDrivers/spi.o
                0x0000000008001e10                SPI_IRQ_Handling
 .text.SPI_TXE_handler
                0x0000000008001e80       0x92 ./myDrivers/SrcDrivers/spi.o
 .text.SPI_RXNE_handler
                0x0000000008001f12       0x96 ./myDrivers/SrcDrivers/spi.o
 .text.SPI_OVR_handler
                0x0000000008001fa8       0x32 ./myDrivers/SrcDrivers/spi.o
 .text.SPI_Send
                0x0000000008001fda       0x3e ./myDrivers/SrcDrivers/spi.o
                0x0000000008001fda                SPI_Send
 .text.SPI_Read
                0x0000000008002018       0x42 ./myDrivers/SrcDrivers/spi.o
                0x0000000008002018                SPI_Read
 .text.SPI_App_Callback
                0x000000000800205a       0x16 ./myDrivers/SrcDrivers/spi.o
                0x000000000800205a                SPI_App_Callback
 .text.__libc_init_array
                0x0000000008002070       0x48 /home/danimt/st/stm32cubeide_1.10.1/plugins/com.st.stm32cube.ide.mcu.externaltools.gnu-tools-for-stm32.10.3-2021.10.linux64_1.0.0.202111181127/tools/bin/../lib/gcc/arm-none-eabi/10.3.1/../../../../arm-none-eabi/lib/thumb/v6-m/nofp/libc_nano.a(lib_a-init.o)
                0x0000000008002070                __libc_init_array
 .text.memset   0x00000000080020b8       0x10 /home/danimt/st/stm32cubeide_1.10.1/plugins/com.st.stm32cube.ide.mcu.externaltools.gnu-tools-for-stm32.10.3-2021.10.linux64_1.0.0.202111181127/tools/bin/../lib/gcc/arm-none-eabi/10.3.1/../../../../arm-none-eabi/lib/thumb/v6-m/nofp/libc_nano.a(lib_a-memset.o)
                0x00000000080020b8                memset
 .text.strlcpy  0x00000000080020c8       0x4c /home/danimt/st/stm32cubeide_1.10.1/plugins/com.st.stm32cube.ide.mcu.externaltools.gnu-tools-for-stm32.10.3-2021.10.linux64_1.0.0.202111181127/tools/bin/../lib/gcc/arm-none-eabi/10.3.1/../../../../arm-none-eabi/lib/thumb/v6-m/nofp/libc_nano.a(lib_a-strlcpy.o)
                0x00000000080020c8                strlcpy
 .text.strncat  0x0000000008002114       0x2a /home/danimt/st/stm32cubeide_1.10.1/plugins/com.st.stm32cube.ide.mcu.externaltools.gnu-tools-for-stm32.10.3-2021.10.linux64_1.0.0.202111181127/tools/bin/../lib/gcc/arm-none-eabi/10.3.1/../../../../arm-none-eabi/lib/thumb/v6-m/nofp/libc_nano.a(lib_a-strncat.o)
                0x0000000008002114                strncat
 *(.glue_7)
 .glue_7        0x000000000800213e        0x0 linker stubs
 *(.glue_7t)
 .glue_7t       0x000000000800213e        0x0 linker stubs
 *(.eh_frame)
 *fill*         0x000000000800213e        0x2 
 .eh_frame      0x0000000008002140        0x0 /home/danimt/st/stm32cubeide_1.10.1/plugins/com.st.stm32cube.ide.mcu.externaltools.gnu-tools-for-stm32.10.3-2021.10.linux64_1.0.0.202111181127/tools/bin/../lib/gcc/arm-none-eabi/10.3.1/thumb/v6-m/nofp/crtbegin.o
 *(.init)
 .init          0x0000000008002140        0x4 /home/danimt/st/stm32cubeide_1.10.1/plugins/com.st.stm32cube.ide.mcu.externaltools.gnu-tools-for-stm32.10.3-2021.10.linux64_1.0.0.202111181127/tools/bin/../lib/gcc/arm-none-eabi/10.3.1/thumb/v6-m/nofp/crti.o
                0x0000000008002140                _init
 .init          0x0000000008002144        0x8 /home/danimt/st/stm32cubeide_1.10.1/plugins/com.st.stm32cube.ide.mcu.externaltools.gnu-tools-for-stm32.10.3-2021.10.linux64_1.0.0.202111181127/tools/bin/../lib/gcc/arm-none-eabi/10.3.1/thumb/v6-m/nofp/crtn.o
 *(.fini)
 .fini          0x000000000800214c        0x4 /home/danimt/st/stm32cubeide_1.10.1/plugins/com.st.stm32cube.ide.mcu.externaltools.gnu-tools-for-stm32.10.3-2021.10.linux64_1.0.0.202111181127/tools/bin/../lib/gcc/arm-none-eabi/10.3.1/thumb/v6-m/nofp/crti.o
                0x000000000800214c                _fini
 .fini          0x0000000008002150        0x8 /home/danimt/st/stm32cubeide_1.10.1/plugins/com.st.stm32cube.ide.mcu.externaltools.gnu-tools-for-stm32.10.3-2021.10.linux64_1.0.0.202111181127/tools/bin/../lib/gcc/arm-none-eabi/10.3.1/thumb/v6-m/nofp/crtn.o
                0x0000000008002158                . = ALIGN (0x4)
                0x0000000008002158                _etext = .

.vfp11_veneer   0x0000000008002158        0x0
 .vfp11_veneer  0x0000000008002158        0x0 linker stubs

.v4_bx          0x0000000008002158        0x0
 .v4_bx         0x0000000008002158        0x0 linker stubs

.iplt           0x0000000008002158        0x0
 .iplt          0x0000000008002158        0x0 /home/danimt/st/stm32cubeide_1.10.1/plugins/com.st.stm32cube.ide.mcu.externaltools.gnu-tools-for-stm32.10.3-2021.10.linux64_1.0.0.202111181127/tools/bin/../lib/gcc/arm-none-eabi/10.3.1/thumb/v6-m/nofp/crtbegin.o

.rodata         0x0000000008002158       0x4c
                0x0000000008002158                . = ALIGN (0x4)
 *(.rodata)
 .rodata        0x0000000008002158       0x26 ./Src/train_LCD_timers.o
 *(.rodata*)
 *fill*         0x000000000800217e        0x2 
 .rodata.spi_appComm
                0x0000000008002180       0x24 ./Src/train_LCD_timers.o
                0x00000000080021a4                . = ALIGN (0x4)

.rel.dyn        0x00000000080021a4        0x0
 .rel.iplt      0x00000000080021a4        0x0 /home/danimt/st/stm32cubeide_1.10.1/plugins/com.st.stm32cube.ide.mcu.externaltools.gnu-tools-for-stm32.10.3-2021.10.linux64_1.0.0.202111181127/tools/bin/../lib/gcc/arm-none-eabi/10.3.1/thumb/v6-m/nofp/crtbegin.o

.ARM.extab      0x00000000080021a4        0x0
                0x00000000080021a4                . = ALIGN (0x4)
 *(.ARM.extab* .gnu.linkonce.armextab.*)
                0x00000000080021a4                . = ALIGN (0x4)

.ARM            0x00000000080021a4        0x0
                0x00000000080021a4                . = ALIGN (0x4)
                0x00000000080021a4                __exidx_start = .
 *(.ARM.exidx*)
                0x00000000080021a4                __exidx_end = .
                0x00000000080021a4                . = ALIGN (0x4)

.preinit_array  0x00000000080021a4        0x0
                0x00000000080021a4                . = ALIGN (0x4)
                0x00000000080021a4                PROVIDE (__preinit_array_start = .)
 *(.preinit_array*)
                0x00000000080021a4                PROVIDE (__preinit_array_end = .)
                0x00000000080021a4                . = ALIGN (0x4)

.init_array     0x00000000080021a4        0x4
                0x00000000080021a4                . = ALIGN (0x4)
                0x00000000080021a4                PROVIDE (__init_array_start = .)
 *(SORT_BY_NAME(.init_array.*))
 *(.init_array*)
 .init_array    0x00000000080021a4        0x4 /home/danimt/st/stm32cubeide_1.10.1/plugins/com.st.stm32cube.ide.mcu.externaltools.gnu-tools-for-stm32.10.3-2021.10.linux64_1.0.0.202111181127/tools/bin/../lib/gcc/arm-none-eabi/10.3.1/thumb/v6-m/nofp/crtbegin.o
                0x00000000080021a8                PROVIDE (__init_array_end = .)
                0x00000000080021a8                . = ALIGN (0x4)

.fini_array     0x00000000080021a8        0x4
                0x00000000080021a8                . = ALIGN (0x4)
                [!provide]                        PROVIDE (__fini_array_start = .)
 *(SORT_BY_NAME(.fini_array.*))
 *(.fini_array*)
 .fini_array    0x00000000080021a8        0x4 /home/danimt/st/stm32cubeide_1.10.1/plugins/com.st.stm32cube.ide.mcu.externaltools.gnu-tools-for-stm32.10.3-2021.10.linux64_1.0.0.202111181127/tools/bin/../lib/gcc/arm-none-eabi/10.3.1/thumb/v6-m/nofp/crtbegin.o
                [!provide]                        PROVIDE (__fini_array_end = .)
                0x00000000080021ac                . = ALIGN (0x4)
                0x00000000080021ac                _sidata = LOADADDR (.data)

.data           0x0000000020000000       0x1c load address 0x00000000080021ac
                0x0000000020000000                . = ALIGN (0x4)
                0x0000000020000000                _sdata = .
 *(.data)
 *(.data*)
 .data.TX_byte  0x0000000020000000        0x1 ./Src/train_LCD_timers.o
                0x0000000020000000                TX_byte
 .data.restart_I2C
                0x0000000020000001        0x1 ./Src/train_LCD_timers.o
                0x0000000020000001                restart_I2C
 .data.trainDirection
                0x0000000020000002        0x1 ./Src/train_LCD_timers.o
                0x0000000020000002                trainDirection
 *fill*         0x0000000020000003        0x1 
 .data.station_string
                0x0000000020000004        0x4 ./Src/train_LCD_timers.o
                0x0000000020000004                station_string
 .data.state_string
                0x0000000020000008        0x4 ./Src/train_LCD_timers.o
                0x0000000020000008                state_string
 .data.state_string_names
                0x000000002000000c        0xc ./Src/train_LCD_timers.o
                0x000000002000000c                state_string_names
 .data.message_spi_length
                0x0000000020000018        0x1 ./Src/train_LCD_timers.o
                0x0000000020000018                message_spi_length
 *(.RamFunc)
 *(.RamFunc*)
                0x000000002000001c                . = ALIGN (0x4)
 *fill*         0x0000000020000019        0x3 
                0x000000002000001c                _edata = .

.igot.plt       0x000000002000001c        0x0 load address 0x00000000080021c8
 .igot.plt      0x000000002000001c        0x0 /home/danimt/st/stm32cubeide_1.10.1/plugins/com.st.stm32cube.ide.mcu.externaltools.gnu-tools-for-stm32.10.3-2021.10.linux64_1.0.0.202111181127/tools/bin/../lib/gcc/arm-none-eabi/10.3.1/thumb/v6-m/nofp/crtbegin.o
                0x000000002000001c                . = ALIGN (0x4)

.bss            0x000000002000001c       0xf0 load address 0x00000000080021c8
                0x000000002000001c                _sbss = .
                0x000000002000001c                __bss_start__ = _sbss
 *(.bss)
 .bss           0x000000002000001c       0x1c /home/danimt/st/stm32cubeide_1.10.1/plugins/com.st.stm32cube.ide.mcu.externaltools.gnu-tools-for-stm32.10.3-2021.10.linux64_1.0.0.202111181127/tools/bin/../lib/gcc/arm-none-eabi/10.3.1/thumb/v6-m/nofp/crtbegin.o
 *(.bss*)
 .bss.buttons   0x0000000020000038        0xc ./Src/train_LCD_timers.o
                0x0000000020000038                buttons
 .bss.leds      0x0000000020000044        0xc ./Src/train_LCD_timers.o
                0x0000000020000044                leds
 .bss.spiGPIOs  0x0000000020000050        0xc ./Src/train_LCD_timers.o
                0x0000000020000050                spiGPIOs
 .bss.i2cGPIOs  0x000000002000005c        0xc ./Src/train_LCD_timers.o
                0x000000002000005c                i2cGPIOs
 .bss.spi1      0x0000000020000068       0x24 ./Src/train_LCD_timers.o
                0x0000000020000068                spi1
 .bss.myRXbuffer
                0x000000002000008c        0x1 ./Src/train_LCD_timers.o
                0x000000002000008c                myRXbuffer
 .bss.flagSPI   0x000000002000008d        0x1 ./Src/train_LCD_timers.o
                0x000000002000008d                flagSPI
 *fill*         0x000000002000008e        0x2 
 .bss.i2c1      0x0000000020000090       0x24 ./Src/train_LCD_timers.o
                0x0000000020000090                i2c1
 .bss.lastADS1115_raw
                0x00000000200000b4        0x2 ./Src/train_LCD_timers.o
                0x00000000200000b4                lastADS1115_raw
 .bss.lastADS1115_mV
                0x00000000200000b6        0x2 ./Src/train_LCD_timers.o
                0x00000000200000b6                lastADS1115_mV
 .bss.bytes_to_ADS1115_reg
                0x00000000200000b8        0x3 ./Src/train_LCD_timers.o
                0x00000000200000b8                bytes_to_ADS1115_reg
 *fill*         0x00000000200000bb        0x1 
 .bss.bytes_from_ADS1115
                0x00000000200000bc        0x2 ./Src/train_LCD_timers.o
                0x00000000200000bc                bytes_from_ADS1115
 .bss.flagADS1115
                0x00000000200000be        0x1 ./Src/train_LCD_timers.o
                0x00000000200000be                flagADS1115
 .bss.startRX   0x00000000200000bf        0x1 ./Src/train_LCD_timers.o
                0x00000000200000bf                startRX
 .bss.timer7    0x00000000200000c0        0xc ./Src/train_LCD_timers.o
                0x00000000200000c0                timer7
 .bss.train_virtualTimer
                0x00000000200000cc       0x18 ./Src/train_LCD_timers.o
                0x00000000200000cc                train_virtualTimer
 .bss.currentState
                0x00000000200000e4        0x1 ./Src/train_LCD_timers.o
                0x00000000200000e4                currentState
 .bss.stateChanged
                0x00000000200000e5        0x1 ./Src/train_LCD_timers.o
                0x00000000200000e5                stateChanged
 .bss.trainStation
                0x00000000200000e6        0x1 ./Src/train_LCD_timers.o
                0x00000000200000e6                trainStation
 *fill*         0x00000000200000e7        0x1 
 .bss.message_spi
                0x00000000200000e8       0x20 ./Src/train_LCD_timers.o
                0x00000000200000e8                message_spi
 .bss.station_char
                0x0000000020000108        0x1 ./Src/train_LCD_timers.o
                0x0000000020000108                station_char
 *(COMMON)
                0x000000002000010c                . = ALIGN (0x4)
 *fill*         0x0000000020000109        0x3 
                0x000000002000010c                _ebss = .
                0x000000002000010c                __bss_end__ = _ebss

._user_heap_stack
                0x000000002000010c      0x604 load address 0x00000000080021c8
                0x0000000020000110                . = ALIGN (0x8)
 *fill*         0x000000002000010c        0x4 
                0x0000000020000110                PROVIDE (end = .)
                0x0000000020000110                PROVIDE (_end = .)
                0x0000000020000310                . = (. + _Min_Heap_Size)
 *fill*         0x0000000020000110      0x200 
                0x0000000020000710                . = (. + _Min_Stack_Size)
 *fill*         0x0000000020000310      0x400 
                0x0000000020000710                . = ALIGN (0x8)

/DISCARD/
 libc.a(*)
 libm.a(*)
 libgcc.a(*)

.ARM.attributes
                0x0000000000000000       0x28
 *(.ARM.attributes)
 .ARM.attributes
                0x0000000000000000       0x1e /home/danimt/st/stm32cubeide_1.10.1/plugins/com.st.stm32cube.ide.mcu.externaltools.gnu-tools-for-stm32.10.3-2021.10.linux64_1.0.0.202111181127/tools/bin/../lib/gcc/arm-none-eabi/10.3.1/thumb/v6-m/nofp/crti.o
 .ARM.attributes
                0x000000000000001e       0x2c /home/danimt/st/stm32cubeide_1.10.1/plugins/com.st.stm32cube.ide.mcu.externaltools.gnu-tools-for-stm32.10.3-2021.10.linux64_1.0.0.202111181127/tools/bin/../lib/gcc/arm-none-eabi/10.3.1/thumb/v6-m/nofp/crtbegin.o
 .ARM.attributes
                0x000000000000004a       0x2c ./Src/train_LCD_timers.o
 .ARM.attributes
                0x0000000000000076       0x21 ./Startup/startup_stm32f091rctx.o
 .ARM.attributes
                0x0000000000000097       0x2c ./myDrivers/SrcDrivers/basicTimers.o
 .ARM.attributes
                0x00000000000000c3       0x2c ./myDrivers/SrcDrivers/gpio.o
 .ARM.attributes
                0x00000000000000ef       0x2c ./myDrivers/SrcDrivers/i2c.o
 .ARM.attributes
                0x000000000000011b       0x2c ./myDrivers/SrcDrivers/spi.o
 .ARM.attributes
                0x0000000000000147       0x2c /home/danimt/st/stm32cubeide_1.10.1/plugins/com.st.stm32cube.ide.mcu.externaltools.gnu-tools-for-stm32.10.3-2021.10.linux64_1.0.0.202111181127/tools/bin/../lib/gcc/arm-none-eabi/10.3.1/../../../../arm-none-eabi/lib/thumb/v6-m/nofp/libc_nano.a(lib_a-init.o)
 .ARM.attributes
                0x0000000000000173       0x2c /home/danimt/st/stm32cubeide_1.10.1/plugins/com.st.stm32cube.ide.mcu.externaltools.gnu-tools-for-stm32.10.3-2021.10.linux64_1.0.0.202111181127/tools/bin/../lib/gcc/arm-none-eabi/10.3.1/../../../../arm-none-eabi/lib/thumb/v6-m/nofp/libc_nano.a(lib_a-memset.o)
 .ARM.attributes
                0x000000000000019f       0x2c /home/danimt/st/stm32cubeide_1.10.1/plugins/com.st.stm32cube.ide.mcu.externaltools.gnu-tools-for-stm32.10.3-2021.10.linux64_1.0.0.202111181127/tools/bin/../lib/gcc/arm-none-eabi/10.3.1/../../../../arm-none-eabi/lib/thumb/v6-m/nofp/libc_nano.a(lib_a-strlcpy.o)
 .ARM.attributes
                0x00000000000001cb       0x1c /home/danimt/st/stm32cubeide_1.10.1/plugins/com.st.stm32cube.ide.mcu.externaltools.gnu-tools-for-stm32.10.3-2021.10.linux64_1.0.0.202111181127/tools/bin/../lib/gcc/arm-none-eabi/10.3.1/../../../../arm-none-eabi/lib/thumb/v6-m/nofp/libc_nano.a(lib_a-strlen.o)
 .ARM.attributes
                0x00000000000001e7       0x2c /home/danimt/st/stm32cubeide_1.10.1/plugins/com.st.stm32cube.ide.mcu.externaltools.gnu-tools-for-stm32.10.3-2021.10.linux64_1.0.0.202111181127/tools/bin/../lib/gcc/arm-none-eabi/10.3.1/../../../../arm-none-eabi/lib/thumb/v6-m/nofp/libc_nano.a(lib_a-strncat.o)
 .ARM.attributes
                0x0000000000000213       0x1e /home/danimt/st/stm32cubeide_1.10.1/plugins/com.st.stm32cube.ide.mcu.externaltools.gnu-tools-for-stm32.10.3-2021.10.linux64_1.0.0.202111181127/tools/bin/../lib/gcc/arm-none-eabi/10.3.1/thumb/v6-m/nofp/crtn.o
OUTPUT(Train.elf elf32-littlearm)
LOAD linker stubs
LOAD /home/danimt/st/stm32cubeide_1.10.1/plugins/com.st.stm32cube.ide.mcu.externaltools.gnu-tools-for-stm32.10.3-2021.10.linux64_1.0.0.202111181127/tools/bin/../lib/gcc/arm-none-eabi/10.3.1/../../../../arm-none-eabi/lib/thumb/v6-m/nofp/libc.a
LOAD /home/danimt/st/stm32cubeide_1.10.1/plugins/com.st.stm32cube.ide.mcu.externaltools.gnu-tools-for-stm32.10.3-2021.10.linux64_1.0.0.202111181127/tools/bin/../lib/gcc/arm-none-eabi/10.3.1/../../../../arm-none-eabi/lib/thumb/v6-m/nofp/libm.a
LOAD /home/danimt/st/stm32cubeide_1.10.1/plugins/com.st.stm32cube.ide.mcu.externaltools.gnu-tools-for-stm32.10.3-2021.10.linux64_1.0.0.202111181127/tools/bin/../lib/gcc/arm-none-eabi/10.3.1/thumb/v6-m/nofp/libgcc.a

.debug_info     0x0000000000000000     0x2a4c
 .debug_info    0x0000000000000000      0xf2e ./Src/train_LCD_timers.o
 .debug_info    0x0000000000000f2e       0x22 ./Startup/startup_stm32f091rctx.o
 .debug_info    0x0000000000000f50      0x6a6 ./myDrivers/SrcDrivers/basicTimers.o
 .debug_info    0x00000000000015f6      0x607 ./myDrivers/SrcDrivers/gpio.o
 .debug_info    0x0000000000001bfd      0x774 ./myDrivers/SrcDrivers/i2c.o
 .debug_info    0x0000000000002371      0x6db ./myDrivers/SrcDrivers/spi.o

.debug_abbrev   0x0000000000000000      0x809
 .debug_abbrev  0x0000000000000000      0x240 ./Src/train_LCD_timers.o
 .debug_abbrev  0x0000000000000240       0x12 ./Startup/startup_stm32f091rctx.o
 .debug_abbrev  0x0000000000000252      0x17a ./myDrivers/SrcDrivers/basicTimers.o
 .debug_abbrev  0x00000000000003cc      0x132 ./myDrivers/SrcDrivers/gpio.o
 .debug_abbrev  0x00000000000004fe      0x19b ./myDrivers/SrcDrivers/i2c.o
 .debug_abbrev  0x0000000000000699      0x170 ./myDrivers/SrcDrivers/spi.o

.debug_aranges  0x0000000000000000      0x300
 .debug_aranges
                0x0000000000000000       0x78 ./Src/train_LCD_timers.o
 .debug_aranges
                0x0000000000000078       0x28 ./Startup/startup_stm32f091rctx.o
 .debug_aranges
                0x00000000000000a0       0x98 ./myDrivers/SrcDrivers/basicTimers.o
 .debug_aranges
                0x0000000000000138       0x70 ./myDrivers/SrcDrivers/gpio.o
 .debug_aranges
                0x00000000000001a8       0xb8 ./myDrivers/SrcDrivers/i2c.o
 .debug_aranges
                0x0000000000000260       0xa0 ./myDrivers/SrcDrivers/spi.o

.debug_ranges   0x0000000000000000      0x2a8
 .debug_ranges  0x0000000000000000       0x68 ./Src/train_LCD_timers.o
 .debug_ranges  0x0000000000000068       0x20 ./Startup/startup_stm32f091rctx.o
 .debug_ranges  0x0000000000000088       0x88 ./myDrivers/SrcDrivers/basicTimers.o
 .debug_ranges  0x0000000000000110       0x60 ./myDrivers/SrcDrivers/gpio.o
 .debug_ranges  0x0000000000000170       0xa8 ./myDrivers/SrcDrivers/i2c.o
 .debug_ranges  0x0000000000000218       0x90 ./myDrivers/SrcDrivers/spi.o

.debug_macro    0x0000000000000000     0x186a
 .debug_macro   0x0000000000000000      0x2f5 ./Src/train_LCD_timers.o
 .debug_macro   0x00000000000002f5      0x341 ./Src/train_LCD_timers.o
 .debug_macro   0x0000000000000636       0x10 ./Src/train_LCD_timers.o
 .debug_macro   0x0000000000000646       0x35 ./Src/train_LCD_timers.o
 .debug_macro   0x000000000000067b       0x20 ./Src/train_LCD_timers.o
 .debug_macro   0x000000000000069b       0x1c ./Src/train_LCD_timers.o
 .debug_macro   0x00000000000006b7       0x10 ./Src/train_LCD_timers.o
 .debug_macro   0x00000000000006c7       0x10 ./Src/train_LCD_timers.o
 .debug_macro   0x00000000000006d7       0x1c ./Src/train_LCD_timers.o
 .debug_macro   0x00000000000006f3       0x52 ./Src/train_LCD_timers.o
 .debug_macro   0x0000000000000745       0x22 ./Src/train_LCD_timers.o
 .debug_macro   0x0000000000000767       0x10 ./Src/train_LCD_timers.o
 .debug_macro   0x0000000000000777       0x52 ./Src/train_LCD_timers.o
 .debug_macro   0x00000000000007c9       0xd5 ./Src/train_LCD_timers.o
 .debug_macro   0x000000000000089e       0x1c ./Src/train_LCD_timers.o
 .debug_macro   0x00000000000008ba       0x3d ./Src/train_LCD_timers.o
 .debug_macro   0x00000000000008f7       0x16 ./Src/train_LCD_timers.o
 .debug_macro   0x000000000000090d      0x145 ./Src/train_LCD_timers.o
 .debug_macro   0x0000000000000a52       0x16 ./Src/train_LCD_timers.o
 .debug_macro   0x0000000000000a68       0x16 ./Src/train_LCD_timers.o
 .debug_macro   0x0000000000000a7e       0x29 ./Src/train_LCD_timers.o
 .debug_macro   0x0000000000000aa7      0x6de ./Src/train_LCD_timers.o
 .debug_macro   0x0000000000001185       0x94 ./Src/train_LCD_timers.o
 .debug_macro   0x0000000000001219       0xee ./Src/train_LCD_timers.o
 .debug_macro   0x0000000000001307       0x64 ./Src/train_LCD_timers.o
 .debug_macro   0x000000000000136b       0xb2 ./myDrivers/SrcDrivers/basicTimers.o
 .debug_macro   0x000000000000141d       0x8e ./myDrivers/SrcDrivers/basicTimers.o
 .debug_macro   0x00000000000014ab       0x51 ./myDrivers/SrcDrivers/basicTimers.o
 .debug_macro   0x00000000000014fc       0xb8 ./myDrivers/SrcDrivers/gpio.o
 .debug_macro   0x00000000000015b4       0xe8 ./myDrivers/SrcDrivers/gpio.o
 .debug_macro   0x000000000000169c       0xb8 ./myDrivers/SrcDrivers/i2c.o
 .debug_macro   0x0000000000001754       0x5e ./myDrivers/SrcDrivers/i2c.o
 .debug_macro   0x00000000000017b2       0xb8 ./myDrivers/SrcDrivers/spi.o

.debug_line     0x0000000000000000     0x2cc6
 .debug_line    0x0000000000000000      0xa6b ./Src/train_LCD_timers.o
 .debug_line    0x0000000000000a6b       0x84 ./Startup/startup_stm32f091rctx.o
 .debug_line    0x0000000000000aef      0x735 ./myDrivers/SrcDrivers/basicTimers.o
 .debug_line    0x0000000000001224      0x823 ./myDrivers/SrcDrivers/gpio.o
 .debug_line    0x0000000000001a47      0x9cc ./myDrivers/SrcDrivers/i2c.o
 .debug_line    0x0000000000002413      0x8b3 ./myDrivers/SrcDrivers/spi.o

.debug_str      0x0000000000000000     0xaa6e
 .debug_str     0x0000000000000000     0xa5a2 ./Src/train_LCD_timers.o
                                       0xa7ef (size before relaxing)
 .debug_str     0x000000000000a5a2       0x31 ./Startup/startup_stm32f091rctx.o
                                         0x73 (size before relaxing)
 .debug_str     0x000000000000a5d3      0x1af ./myDrivers/SrcDrivers/basicTimers.o
                                       0x61c7 (size before relaxing)
 .debug_str     0x000000000000a782       0xf8 ./myDrivers/SrcDrivers/gpio.o
                                       0x5f60 (size before relaxing)
 .debug_str     0x000000000000a87a      0x116 ./myDrivers/SrcDrivers/i2c.o
                                       0x6044 (size before relaxing)
 .debug_str     0x000000000000a990       0xde ./myDrivers/SrcDrivers/spi.o
                                       0x5fc4 (size before relaxing)

.comment        0x0000000000000000       0x50
 .comment       0x0000000000000000       0x50 ./Src/train_LCD_timers.o
                                         0x51 (size before relaxing)
 .comment       0x0000000000000050       0x51 ./myDrivers/SrcDrivers/basicTimers.o
 .comment       0x0000000000000050       0x51 ./myDrivers/SrcDrivers/gpio.o
 .comment       0x0000000000000050       0x51 ./myDrivers/SrcDrivers/i2c.o
 .comment       0x0000000000000050       0x51 ./myDrivers/SrcDrivers/spi.o

.debug_frame    0x0000000000000000      0xa68
 .debug_frame   0x0000000000000000      0x178 ./Src/train_LCD_timers.o
 .debug_frame   0x0000000000000178      0x210 ./myDrivers/SrcDrivers/basicTimers.o
 .debug_frame   0x0000000000000388      0x174 ./myDrivers/SrcDrivers/gpio.o
 .debug_frame   0x00000000000004fc      0x298 ./myDrivers/SrcDrivers/i2c.o
 .debug_frame   0x0000000000000794      0x230 ./myDrivers/SrcDrivers/spi.o
 .debug_frame   0x00000000000009c4       0x2c /home/danimt/st/stm32cubeide_1.10.1/plugins/com.st.stm32cube.ide.mcu.externaltools.gnu-tools-for-stm32.10.3-2021.10.linux64_1.0.0.202111181127/tools/bin/../lib/gcc/arm-none-eabi/10.3.1/../../../../arm-none-eabi/lib/thumb/v6-m/nofp/libc_nano.a(lib_a-init.o)
 .debug_frame   0x00000000000009f0       0x20 /home/danimt/st/stm32cubeide_1.10.1/plugins/com.st.stm32cube.ide.mcu.externaltools.gnu-tools-for-stm32.10.3-2021.10.linux64_1.0.0.202111181127/tools/bin/../lib/gcc/arm-none-eabi/10.3.1/../../../../arm-none-eabi/lib/thumb/v6-m/nofp/libc_nano.a(lib_a-memset.o)
 .debug_frame   0x0000000000000a10       0x30 /home/danimt/st/stm32cubeide_1.10.1/plugins/com.st.stm32cube.ide.mcu.externaltools.gnu-tools-for-stm32.10.3-2021.10.linux64_1.0.0.202111181127/tools/bin/../lib/gcc/arm-none-eabi/10.3.1/../../../../arm-none-eabi/lib/thumb/v6-m/nofp/libc_nano.a(lib_a-strlcpy.o)
 .debug_frame   0x0000000000000a40       0x28 /home/danimt/st/stm32cubeide_1.10.1/plugins/com.st.stm32cube.ide.mcu.externaltools.gnu-tools-for-stm32.10.3-2021.10.linux64_1.0.0.202111181127/tools/bin/../lib/gcc/arm-none-eabi/10.3.1/../../../../arm-none-eabi/lib/thumb/v6-m/nofp/libc_nano.a(lib_a-strncat.o)
