../Src/trainSPI_Arduino_debugSemihosting.c:69:5:stringLength	24	static
../Src/trainSPI_Arduino_debugSemihosting.c:79:6:delay	16	static
../Src/trainSPI_Arduino_debugSemihosting.c:92:5:main	24	static
../Src/trainSPI_Arduino_debugSemihosting.c:178:6:EXTI2_3_IRQHandler	8	static
../Src/trainSPI_Arduino_debugSemihosting.c:200:6:EXTI4_15_IRQHandler	8	static
../Src/trainSPI_Arduino_debugSemihosting.c:216:6:SPI1_IRQHandler	8	static
../Src/trainSPI_Arduino_debugSemihosting.c:223:6:peripheral_Config_Ini	8	static
../Src/trainSPI_Arduino_debugSemihosting.c:316:6:SPI_App_Callback	16	static
../Src/trainSPI_Arduino_debugSemihosting.c:329:6:flushDR	40	static
