Archive member included to satisfy reference by file (symbol)

/home/danimt/st/stm32cubeide_1.10.1/plugins/com.st.stm32cube.ide.mcu.externaltools.gnu-tools-for-stm32.10.3-2021.10.linux64_1.0.0.202111181127/tools/bin/../lib/gcc/arm-none-eabi/10.3.1/../../../../arm-none-eabi/lib/thumb/v6-m/nofp/libc_nano.a(lib_a-errno.o)
                              ./Core/Src/syscalls.o (__errno)
/home/danimt/st/stm32cubeide_1.10.1/plugins/com.st.stm32cube.ide.mcu.externaltools.gnu-tools-for-stm32.10.3-2021.10.linux64_1.0.0.202111181127/tools/bin/../lib/gcc/arm-none-eabi/10.3.1/../../../../arm-none-eabi/lib/thumb/v6-m/nofp/libc_nano.a(lib_a-exit.o)
                              /home/danimt/st/stm32cubeide_1.10.1/plugins/com.st.stm32cube.ide.mcu.externaltools.gnu-tools-for-stm32.10.3-2021.10.linux64_1.0.0.202111181127/tools/bin/../lib/gcc/arm-none-eabi/10.3.1/../../../../arm-none-eabi/lib/thumb/v6-m/nofp/crt0.o (exit)
/home/danimt/st/stm32cubeide_1.10.1/plugins/com.st.stm32cube.ide.mcu.externaltools.gnu-tools-for-stm32.10.3-2021.10.linux64_1.0.0.202111181127/tools/bin/../lib/gcc/arm-none-eabi/10.3.1/../../../../arm-none-eabi/lib/thumb/v6-m/nofp/libc_nano.a(lib_a-impure.o)
                              /home/danimt/st/stm32cubeide_1.10.1/plugins/com.st.stm32cube.ide.mcu.externaltools.gnu-tools-for-stm32.10.3-2021.10.linux64_1.0.0.202111181127/tools/bin/../lib/gcc/arm-none-eabi/10.3.1/../../../../arm-none-eabi/lib/thumb/v6-m/nofp/libc_nano.a(lib_a-exit.o) (_global_impure_ptr)
/home/danimt/st/stm32cubeide_1.10.1/plugins/com.st.stm32cube.ide.mcu.externaltools.gnu-tools-for-stm32.10.3-2021.10.linux64_1.0.0.202111181127/tools/bin/../lib/gcc/arm-none-eabi/10.3.1/../../../../arm-none-eabi/lib/thumb/v6-m/nofp/libc_nano.a(lib_a-init.o)
                              /home/danimt/st/stm32cubeide_1.10.1/plugins/com.st.stm32cube.ide.mcu.externaltools.gnu-tools-for-stm32.10.3-2021.10.linux64_1.0.0.202111181127/tools/bin/../lib/gcc/arm-none-eabi/10.3.1/../../../../arm-none-eabi/lib/thumb/v6-m/nofp/crt0.o (__libc_init_array)
/home/danimt/st/stm32cubeide_1.10.1/plugins/com.st.stm32cube.ide.mcu.externaltools.gnu-tools-for-stm32.10.3-2021.10.linux64_1.0.0.202111181127/tools/bin/../lib/gcc/arm-none-eabi/10.3.1/../../../../arm-none-eabi/lib/thumb/v6-m/nofp/libc_nano.a(lib_a-memcpy-stub.o)
                              ./ThirdParty/FreeRTOS/queue.o (memcpy)
/home/danimt/st/stm32cubeide_1.10.1/plugins/com.st.stm32cube.ide.mcu.externaltools.gnu-tools-for-stm32.10.3-2021.10.linux64_1.0.0.202111181127/tools/bin/../lib/gcc/arm-none-eabi/10.3.1/../../../../arm-none-eabi/lib/thumb/v6-m/nofp/libc_nano.a(lib_a-memset.o)
                              /home/danimt/st/stm32cubeide_1.10.1/plugins/com.st.stm32cube.ide.mcu.externaltools.gnu-tools-for-stm32.10.3-2021.10.linux64_1.0.0.202111181127/tools/bin/../lib/gcc/arm-none-eabi/10.3.1/../../../../arm-none-eabi/lib/thumb/v6-m/nofp/crt0.o (memset)
/home/danimt/st/stm32cubeide_1.10.1/plugins/com.st.stm32cube.ide.mcu.externaltools.gnu-tools-for-stm32.10.3-2021.10.linux64_1.0.0.202111181127/tools/bin/../lib/gcc/arm-none-eabi/10.3.1/thumb/v6-m/nofp/libgcc.a(_udivsi3.o)
                              ./Core/Src/stm32f0xx_hal_timebase_tim.o (__aeabi_uidiv)
/home/danimt/st/stm32cubeide_1.10.1/plugins/com.st.stm32cube.ide.mcu.externaltools.gnu-tools-for-stm32.10.3-2021.10.linux64_1.0.0.202111181127/tools/bin/../lib/gcc/arm-none-eabi/10.3.1/thumb/v6-m/nofp/libgcc.a(_dvmd_tls.o)
                              /home/danimt/st/stm32cubeide_1.10.1/plugins/com.st.stm32cube.ide.mcu.externaltools.gnu-tools-for-stm32.10.3-2021.10.linux64_1.0.0.202111181127/tools/bin/../lib/gcc/arm-none-eabi/10.3.1/thumb/v6-m/nofp/libgcc.a(_udivsi3.o) (__aeabi_idiv0)

Discarded input sections

 .text          0x0000000000000000        0x0 /home/danimt/st/stm32cubeide_1.10.1/plugins/com.st.stm32cube.ide.mcu.externaltools.gnu-tools-for-stm32.10.3-2021.10.linux64_1.0.0.202111181127/tools/bin/../lib/gcc/arm-none-eabi/10.3.1/thumb/v6-m/nofp/crti.o
 .data          0x0000000000000000        0x0 /home/danimt/st/stm32cubeide_1.10.1/plugins/com.st.stm32cube.ide.mcu.externaltools.gnu-tools-for-stm32.10.3-2021.10.linux64_1.0.0.202111181127/tools/bin/../lib/gcc/arm-none-eabi/10.3.1/thumb/v6-m/nofp/crti.o
 .bss           0x0000000000000000        0x0 /home/danimt/st/stm32cubeide_1.10.1/plugins/com.st.stm32cube.ide.mcu.externaltools.gnu-tools-for-stm32.10.3-2021.10.linux64_1.0.0.202111181127/tools/bin/../lib/gcc/arm-none-eabi/10.3.1/thumb/v6-m/nofp/crti.o
 .data          0x0000000000000000        0x4 /home/danimt/st/stm32cubeide_1.10.1/plugins/com.st.stm32cube.ide.mcu.externaltools.gnu-tools-for-stm32.10.3-2021.10.linux64_1.0.0.202111181127/tools/bin/../lib/gcc/arm-none-eabi/10.3.1/thumb/v6-m/nofp/crtbegin.o
 .rodata        0x0000000000000000       0x24 /home/danimt/st/stm32cubeide_1.10.1/plugins/com.st.stm32cube.ide.mcu.externaltools.gnu-tools-for-stm32.10.3-2021.10.linux64_1.0.0.202111181127/tools/bin/../lib/gcc/arm-none-eabi/10.3.1/thumb/v6-m/nofp/crtbegin.o
[...]
Memory Configuration

Name             Origin             Length             Attributes
RAM              0x0000000020000000 0x0000000000008000 xrw
FLASH            0x0000000008000000 0x0000000000040000 xr
*default*        0x0000000000000000 0xffffffffffffffff

Linker script and memory map

LOAD /home/danimt/st/stm32cubeide_1.10.1/plugins/com.st.stm32cube.ide.mcu.externaltools.gnu-tools-for-stm32.10.3-2021.10.linux64_1.0.0.202111181127/tools/bin/../lib/gcc/arm-none-eabi/10.3.1/thumb/v6-m/nofp/crti.o
LOAD /home/danimt/st/stm32cubeide_1.10.1/plugins/com.st.stm32cube.ide.mcu.externaltools.gnu-tools-for-stm32.10.3-2021.10.linux64_1.0.0.202111181127/tools/bin/../lib/gcc/arm-none-eabi/10.3.1/thumb/v6-m/nofp/crtbegin.o
LOAD /home/danimt/st/stm32cubeide_1.10.1/plugins/com.st.stm32cube.ide.mcu.externaltools.gnu-tools-for-stm32.10.3-2021.10.linux64_1.0.0.202111181127/tools/bin/../lib/gcc/arm-none-eabi/10.3.1/../../../../arm-none-eabi/lib/thumb/v6-m/nofp/crt0.o
LOAD ./Core/Src/main.o
LOAD ./Core/Src/stm32f0xx_hal_msp.o
LOAD ./Core/Src/stm32f0xx_hal_timebase_tim.o
LOAD ./Core/Src/stm32f0xx_it.o
LOAD ./Core/Src/syscalls.o
LOAD ./Core/Src/system_stm32f0xx.o
LOAD ./Core/Startup/startup_stm32f091rctx.o
LOAD ./Drivers/STM32F0xx_HAL_Driver/Src/stm32f0xx_hal.o
LOAD ./Drivers/STM32F0xx_HAL_Driver/Src/stm32f0xx_hal_cortex.o
LOAD ./Drivers/STM32F0xx_HAL_Driver/Src/stm32f0xx_hal_dma.o
LOAD ./Drivers/STM32F0xx_HAL_Driver/Src/stm32f0xx_hal_exti.o
LOAD ./Drivers/STM32F0xx_HAL_Driver/Src/stm32f0xx_hal_flash.o
LOAD ./Drivers/STM32F0xx_HAL_Driver/Src/stm32f0xx_hal_flash_ex.o
LOAD ./Drivers/STM32F0xx_HAL_Driver/Src/stm32f0xx_hal_gpio.o
LOAD ./Drivers/STM32F0xx_HAL_Driver/Src/stm32f0xx_hal_i2c.o
LOAD ./Drivers/STM32F0xx_HAL_Driver/Src/stm32f0xx_hal_i2c_ex.o
LOAD ./Drivers/STM32F0xx_HAL_Driver/Src/stm32f0xx_hal_pwr.o
LOAD ./Drivers/STM32F0xx_HAL_Driver/Src/stm32f0xx_hal_pwr_ex.o
LOAD ./Drivers/STM32F0xx_HAL_Driver/Src/stm32f0xx_hal_rcc.o
LOAD ./Drivers/STM32F0xx_HAL_Driver/Src/stm32f0xx_hal_rcc_ex.o
LOAD ./Drivers/STM32F0xx_HAL_Driver/Src/stm32f0xx_hal_tim.o
LOAD ./Drivers/STM32F0xx_HAL_Driver/Src/stm32f0xx_hal_tim_ex.o
LOAD ./ThirdParty/FreeRTOS/croutine.o
LOAD ./ThirdParty/FreeRTOS/event_groups.o
LOAD ./ThirdParty/FreeRTOS/list.o
LOAD ./ThirdParty/FreeRTOS/queue.o
LOAD ./ThirdParty/FreeRTOS/stream_buffer.o
LOAD ./ThirdParty/FreeRTOS/tasks.o
LOAD ./ThirdParty/FreeRTOS/timers.o
LOAD ./ThirdParty/FreeRTOS/portable/GCC/ARM_CM0/port.o
LOAD ./ThirdParty/FreeRTOS/portable/MemMang/heap_4.o
START GROUP
LOAD /home/danimt/st/stm32cubeide_1.10.1/plugins/com.st.stm32cube.ide.mcu.externaltools.gnu-tools-for-stm32.10.3-2021.10.linux64_1.0.0.202111181127/tools/bin/../lib/gcc/arm-none-eabi/10.3.1/../../../../arm-none-eabi/lib/thumb/v6-m/nofp/libc_nano.a
LOAD /home/danimt/st/stm32cubeide_1.10.1/plugins/com.st.stm32cube.ide.mcu.externaltools.gnu-tools-for-stm32.10.3-2021.10.linux64_1.0.0.202111181127/tools/bin/../lib/gcc/arm-none-eabi/10.3.1/../../../../arm-none-eabi/lib/thumb/v6-m/nofp/libm.a
END GROUP
START GROUP
LOAD /home/danimt/st/stm32cubeide_1.10.1/plugins/com.st.stm32cube.ide.mcu.externaltools.gnu-tools-for-stm32.10.3-2021.10.linux64_1.0.0.202111181127/tools/bin/../lib/gcc/arm-none-eabi/10.3.1/thumb/v6-m/nofp/libgcc.a
LOAD /home/danimt/st/stm32cubeide_1.10.1/plugins/com.st.stm32cube.ide.mcu.externaltools.gnu-tools-for-stm32.10.3-2021.10.linux64_1.0.0.202111181127/tools/bin/../lib/gcc/arm-none-eabi/10.3.1/../../../../arm-none-eabi/lib/thumb/v6-m/nofp/libc_nano.a
END GROUP
START GROUP
LOAD /home/danimt/st/stm32cubeide_1.10.1/plugins/com.st.stm32cube.ide.mcu.externaltools.gnu-tools-for-stm32.10.3-2021.10.linux64_1.0.0.202111181127/tools/bin/../lib/gcc/arm-none-eabi/10.3.1/thumb/v6-m/nofp/libgcc.a
LOAD /home/danimt/st/stm32cubeide_1.10.1/plugins/com.st.stm32cube.ide.mcu.externaltools.gnu-tools-for-stm32.10.3-2021.10.linux64_1.0.0.202111181127/tools/bin/../lib/gcc/arm-none-eabi/10.3.1/../../../../arm-none-eabi/lib/thumb/v6-m/nofp/libc_nano.a
LOAD /home/danimt/st/stm32cubeide_1.10.1/plugins/com.st.stm32cube.ide.mcu.externaltools.gnu-tools-for-stm32.10.3-2021.10.linux64_1.0.0.202111181127/tools/bin/../lib/gcc/arm-none-eabi/10.3.1/../../../../arm-none-eabi/lib/thumb/v6-m/nofp/libnosys.a
END GROUP
START GROUP
LOAD /home/danimt/st/stm32cubeide_1.10.1/plugins/com.st.stm32cube.ide.mcu.externaltools.gnu-tools-for-stm32.10.3-2021.10.linux64_1.0.0.202111181127/tools/bin/../lib/gcc/arm-none-eabi/10.3.1/thumb/v6-m/nofp/libgcc.a
LOAD /home/danimt/st/stm32cubeide_1.10.1/plugins/com.st.stm32cube.ide.mcu.externaltools.gnu-tools-for-stm32.10.3-2021.10.linux64_1.0.0.202111181127/tools/bin/../lib/gcc/arm-none-eabi/10.3.1/../../../../arm-none-eabi/lib/thumb/v6-m/nofp/libc_nano.a
LOAD /home/danimt/st/stm32cubeide_1.10.1/plugins/com.st.stm32cube.ide.mcu.externaltools.gnu-tools-for-stm32.10.3-2021.10.linux64_1.0.0.202111181127/tools/bin/../lib/gcc/arm-none-eabi/10.3.1/../../../../arm-none-eabi/lib/thumb/v6-m/nofp/libnosys.a
END GROUP
LOAD /home/danimt/st/stm32cubeide_1.10.1/plugins/com.st.stm32cube.ide.mcu.externaltools.gnu-tools-for-stm32.10.3-2021.10.linux64_1.0.0.202111181127/tools/bin/../lib/gcc/arm-none-eabi/10.3.1/thumb/v6-m/nofp/crtend.o
LOAD /home/danimt/st/stm32cubeide_1.10.1/plugins/com.st.stm32cube.ide.mcu.externaltools.gnu-tools-for-stm32.10.3-2021.10.linux64_1.0.0.202111181127/tools/bin/../lib/gcc/arm-none-eabi/10.3.1/thumb/v6-m/nofp/crtn.o
                0x0000000020008000                _estack = (ORIGIN (RAM) + LENGTH (RAM))
                0x0000000000000200                _Min_Heap_Size = 0x200
                0x0000000000000400                _Min_Stack_Size = 0x400

.isr_vector     0x0000000008000000       0xbc
                0x0000000008000000                . = ALIGN (0x4)
 *(.isr_vector)
 .isr_vector    0x0000000008000000       0xbc ./Core/Startup/startup_stm32f091rctx.o
                0x0000000008000000                g_pfnVectors
                0x00000000080000bc                . = ALIGN (0x4)

.text           0x00000000080000c0     0x2908
                0x00000000080000c0                . = ALIGN (0x4)
 *(.text)
 .text          0x00000000080000c0       0x48 /home/danimt/st/stm32cubeide_1.10.1/plugins/com.st.stm32cube.ide.mcu.externaltools.gnu-tools-for-stm32.10.3-2021.10.linux64_1.0.0.202111181127/tools/bin/../lib/gcc/arm-none-eabi/10.3.1/thumb/v6-m/nofp/crtbegin.o
 .text          0x0000000008000108      0x114 /home/danimt/st/stm32cubeide_1.10.1/plugins/com.st.stm32cube.ide.mcu.externaltools.gnu-tools-for-stm32.10.3-2021.10.linux64_1.0.0.202111181127/tools/bin/../lib/gcc/arm-none-eabi/10.3.1/thumb/v6-m/nofp/libgcc.a(_udivsi3.o)
                0x0000000008000108                __udivsi3
                0x0000000008000108                __aeabi_uidiv
                0x0000000008000214                __aeabi_uidivmod
 .text          0x000000000800021c        0x4 /home/danimt/st/stm32cubeide_1.10.1/plugins/com.st.stm32cube.ide.mcu.externaltools.gnu-tools-for-stm32.10.3-2021.10.linux64_1.0.0.202111181127/tools/bin/../lib/gcc/arm-none-eabi/10.3.1/thumb/v6-m/nofp/libgcc.a(_dvmd_tls.o)
                0x000000000800021c                __aeabi_ldiv0
                0x000000000800021c                __aeabi_idiv0
 *(.text*)
 .text.main     0x0000000008000220      0x144 ./Core/Src/main.o
                0x0000000008000220                main
 .text.SystemClock_Config
                0x0000000008000364       0x78 ./Core/Src/main.o
                0x0000000008000364                SystemClock_Config
 .text.MX_GPIO_Init
                0x00000000080003dc      0x100 ./Core/Src/main.o
 .text.onEntry_Off
                0x00000000080004dc        0xa ./Core/Src/main.o
                0x00000000080004dc                onEntry_Off
 .text.during_Off
                0x00000000080004e6        0xa ./Core/Src/main.o
                0x00000000080004e6                during_Off
 .text.onExit_Off
                0x00000000080004f0        0xa ./Core/Src/main.o
                0x00000000080004f0                onExit_Off
 .text.onEntry_On
                0x00000000080004fa        0xa ./Core/Src/main.o
                0x00000000080004fa                onEntry_On
 .text.during_On
                0x0000000008000504        0xa ./Core/Src/main.o
                0x0000000008000504                during_On
 .text.onExit_On
                0x000000000800050e        0xa ./Core/Src/main.o
                0x000000000800050e                onExit_On
 .text.onEntry_Emergency
                0x0000000008000518        0xa ./Core/Src/main.o
                0x0000000008000518                onEntry_Emergency
 .text.during_Emergency
                0x0000000008000522        0xa ./Core/Src/main.o
                0x0000000008000522                during_Emergency
 .text.onExit_Emergency
                0x000000000800052c        0xa ./Core/Src/main.o
                0x000000000800052c                onExit_Emergency
 .text.evaluate_Event_Off_to_On
                0x0000000008000536        0xc ./Core/Src/main.o
                0x0000000008000536                evaluate_Event_Off_to_On
 .text.evaluate_Event_Off_to_Emergency
                0x0000000008000542        0xc ./Core/Src/main.o
                0x0000000008000542                evaluate_Event_Off_to_Emergency
 .text.evaluate_Event_Off_Off
                0x000000000800054e        0xc ./Core/Src/main.o
                0x000000000800054e                evaluate_Event_Off_Off
 .text.evaluate_Event_On_to_Off
                0x000000000800055a        0xc ./Core/Src/main.o
                0x000000000800055a                evaluate_Event_On_to_Off
 .text.evaluate_Event_On_to_Emergency
                0x0000000008000566        0xc ./Core/Src/main.o
                0x0000000008000566                evaluate_Event_On_to_Emergency
 .text.evaluate_Event_On_On
                0x0000000008000572        0xc ./Core/Src/main.o
                0x0000000008000572                evaluate_Event_On_On
 .text.evaluate_Event_Emergency_to_Off
                0x000000000800057e        0xc ./Core/Src/main.o
                0x000000000800057e                evaluate_Event_Emergency_to_Off
 .text.evaluate_Event_Emergency_to_On
                0x000000000800058a        0xc ./Core/Src/main.o
                0x000000000800058a                evaluate_Event_Emergency_to_On
 .text.evaluate_Event_Emergency_Emergency
                0x0000000008000596        0xc ./Core/Src/main.o
                0x0000000008000596                evaluate_Event_Emergency_Emergency
 .text.FSM_task_handler
                0x00000000080005a2       0x10 ./Core/Src/main.o
 .text.Motor_Control_task_handler
                0x00000000080005b2       0x10 ./Core/Src/main.o
 .text.Read_Temperature_task_handler
                0x00000000080005c2       0x10 ./Core/Src/main.o
 .text.LCD_Arduino_task_handler
                0x00000000080005d2       0x10 ./Core/Src/main.o
 *fill*         0x00000000080005e2        0x2 
 .text.HAL_TIM_PeriodElapsedCallback
                0x00000000080005e4       0x24 ./Core/Src/main.o
                0x00000000080005e4                HAL_TIM_PeriodElapsedCallback
 .text.Error_Handler
                0x0000000008000608        0xa ./Core/Src/main.o
                0x0000000008000608                Error_Handler
 *fill*         0x0000000008000612        0x2 
 .text.HAL_MspInit
                0x0000000008000614       0x48 ./Core/Src/stm32f0xx_hal_msp.o
                0x0000000008000614                HAL_MspInit
 .text.HAL_InitTick
                0x000000000800065c      0x108 ./Core/Src/stm32f0xx_hal_timebase_tim.o
                0x000000000800065c                HAL_InitTick
 .text.NMI_Handler
                0x0000000008000764        0x6 ./Core/Src/stm32f0xx_it.o
                0x0000000008000764                NMI_Handler
 .text.HardFault_Handler
                0x000000000800076a        0x6 ./Core/Src/stm32f0xx_it.o
                0x000000000800076a                HardFault_Handler
 .text.TIM6_DAC_IRQHandler
                0x0000000008000770       0x18 ./Core/Src/stm32f0xx_it.o
                0x0000000008000770                TIM6_DAC_IRQHandler
 .text.SystemInit
                0x0000000008000788        0xa ./Core/Src/system_stm32f0xx.o
                0x0000000008000788                SystemInit
 *fill*         0x0000000008000792        0x2 
 .text.Reset_Handler
                0x0000000008000794       0x50 ./Core/Startup/startup_stm32f091rctx.o
                0x0000000008000794                Reset_Handler
 .text.Default_Handler
                0x00000000080007e4        0x2 ./Core/Startup/startup_stm32f091rctx.o
                0x00000000080007e4                TIM1_CC_IRQHandler
                0x00000000080007e4                TSC_IRQHandler
                0x00000000080007e4                ADC1_COMP_IRQHandler
                0x00000000080007e4                I2C1_IRQHandler
                0x00000000080007e4                RCC_CRS_IRQHandler
                0x00000000080007e4                SPI1_IRQHandler
                0x00000000080007e4                DMA1_Ch1_IRQHandler
                0x00000000080007e4                EXTI2_3_IRQHandler
                0x00000000080007e4                I2C2_IRQHandler
                0x00000000080007e4                TIM17_IRQHandler
                0x00000000080007e4                CEC_CAN_IRQHandler
                0x00000000080007e4                RTC_IRQHandler
                0x00000000080007e4                PVD_VDDIO2_IRQHandler
                0x00000000080007e4                TIM16_IRQHandler
                0x00000000080007e4                TIM3_IRQHandler
                0x00000000080007e4                EXTI4_15_IRQHandler
                0x00000000080007e4                USART3_8_IRQHandler
                0x00000000080007e4                Default_Handler
                0x00000000080007e4                TIM14_IRQHandler
                0x00000000080007e4                TIM7_IRQHandler
                0x00000000080007e4                TIM15_IRQHandler
                0x00000000080007e4                EXTI0_1_IRQHandler
                0x00000000080007e4                SPI2_IRQHandler
                0x00000000080007e4                DMA1_Ch2_3_DMA2_Ch1_2_IRQHandler
                0x00000000080007e4                DMA1_Ch4_7_DMA2_Ch3_5_IRQHandler
                0x00000000080007e4                WWDG_IRQHandler
                0x00000000080007e4                TIM2_IRQHandler
                0x00000000080007e4                USART2_IRQHandler
                0x00000000080007e4                FLASH_IRQHandler
                0x00000000080007e4                USART1_IRQHandler
                0x00000000080007e4                TIM1_BRK_UP_TRG_COM_IRQHandler
 *fill*         0x00000000080007e6        0x2 
 .text.HAL_Init
                0x00000000080007e8       0x28 ./Drivers/STM32F0xx_HAL_Driver/Src/stm32f0xx_hal.o
                0x00000000080007e8                HAL_Init
 .text.HAL_IncTick
                0x0000000008000810       0x24 ./Drivers/STM32F0xx_HAL_Driver/Src/stm32f0xx_hal.o
                0x0000000008000810                HAL_IncTick
 .text.HAL_GetTick
                0x0000000008000834       0x14 ./Drivers/STM32F0xx_HAL_Driver/Src/stm32f0xx_hal.o
                0x0000000008000834                HAL_GetTick
 .text.__NVIC_EnableIRQ
                0x0000000008000848       0x34 ./Drivers/STM32F0xx_HAL_Driver/Src/stm32f0xx_hal_cortex.o
 .text.__NVIC_SetPriority
                0x000000000800087c       0xdc ./Drivers/STM32F0xx_HAL_Driver/Src/stm32f0xx_hal_cortex.o
 .text.HAL_NVIC_SetPriority
                0x0000000008000958       0x2a ./Drivers/STM32F0xx_HAL_Driver/Src/stm32f0xx_hal_cortex.o
                0x0000000008000958                HAL_NVIC_SetPriority
 .text.HAL_NVIC_EnableIRQ
                0x0000000008000982       0x20 ./Drivers/STM32F0xx_HAL_Driver/Src/stm32f0xx_hal_cortex.o
                0x0000000008000982                HAL_NVIC_EnableIRQ
 *fill*         0x00000000080009a2        0x2 
 .text.HAL_GPIO_Init
                0x00000000080009a4      0x2f0 ./Drivers/STM32F0xx_HAL_Driver/Src/stm32f0xx_hal_gpio.o
                0x00000000080009a4                HAL_GPIO_Init
 .text.HAL_GPIO_WritePin
                0x0000000008000c94       0x3a ./Drivers/STM32F0xx_HAL_Driver/Src/stm32f0xx_hal_gpio.o
                0x0000000008000c94                HAL_GPIO_WritePin
 *fill*         0x0000000008000cce        0x2 
 .text.HAL_RCC_OscConfig
                0x0000000008000cd0      0x70c ./Drivers/STM32F0xx_HAL_Driver/Src/stm32f0xx_hal_rcc.o
                0x0000000008000cd0                HAL_RCC_OscConfig
 .text.HAL_RCC_ClockConfig
                0x00000000080013dc      0x1b4 ./Drivers/STM32F0xx_HAL_Driver/Src/stm32f0xx_hal_rcc.o
                0x00000000080013dc                HAL_RCC_ClockConfig
 .text.HAL_RCC_GetSysClockFreq
                0x0000000008001590      0x100 ./Drivers/STM32F0xx_HAL_Driver/Src/stm32f0xx_hal_rcc.o
                0x0000000008001590                HAL_RCC_GetSysClockFreq
 .text.HAL_RCC_GetHCLKFreq
                0x0000000008001690       0x14 ./Drivers/STM32F0xx_HAL_Driver/Src/stm32f0xx_hal_rcc.o
                0x0000000008001690                HAL_RCC_GetHCLKFreq
 .text.HAL_RCC_GetPCLK1Freq
                0x00000000080016a4       0x2c ./Drivers/STM32F0xx_HAL_Driver/Src/stm32f0xx_hal_rcc.o
                0x00000000080016a4                HAL_RCC_GetPCLK1Freq
 .text.HAL_RCC_GetClockConfig
                0x00000000080016d0       0x54 ./Drivers/STM32F0xx_HAL_Driver/Src/stm32f0xx_hal_rcc.o
                0x00000000080016d0                HAL_RCC_GetClockConfig
 .text.HAL_TIM_Base_Init
                0x0000000008001724       0xa0 ./Drivers/STM32F0xx_HAL_Driver/Src/stm32f0xx_hal_tim.o
                0x0000000008001724                HAL_TIM_Base_Init
 .text.HAL_TIM_Base_MspInit
                0x00000000080017c4       0x10 ./Drivers/STM32F0xx_HAL_Driver/Src/stm32f0xx_hal_tim.o
                0x00000000080017c4                HAL_TIM_Base_MspInit
 .text.HAL_TIM_Base_Start_IT
                0x00000000080017d4       0xa4 ./Drivers/STM32F0xx_HAL_Driver/Src/stm32f0xx_hal_tim.o
                0x00000000080017d4                HAL_TIM_Base_Start_IT
 .text.HAL_TIM_IRQHandler
                0x0000000008001878      0x22c ./Drivers/STM32F0xx_HAL_Driver/Src/stm32f0xx_hal_tim.o
                0x0000000008001878                HAL_TIM_IRQHandler
 .text.HAL_TIM_OC_DelayElapsedCallback
                0x0000000008001aa4       0x10 ./Drivers/STM32F0xx_HAL_Driver/Src/stm32f0xx_hal_tim.o
                0x0000000008001aa4                HAL_TIM_OC_DelayElapsedCallback
 .text.HAL_TIM_IC_CaptureCallback
                0x0000000008001ab4       0x10 ./Drivers/STM32F0xx_HAL_Driver/Src/stm32f0xx_hal_tim.o
                0x0000000008001ab4                HAL_TIM_IC_CaptureCallback
 .text.HAL_TIM_PWM_PulseFinishedCallback
                0x0000000008001ac4       0x10 ./Drivers/STM32F0xx_HAL_Driver/Src/stm32f0xx_hal_tim.o
                0x0000000008001ac4                HAL_TIM_PWM_PulseFinishedCallback
 .text.HAL_TIM_TriggerCallback
                0x0000000008001ad4       0x10 ./Drivers/STM32F0xx_HAL_Driver/Src/stm32f0xx_hal_tim.o
                0x0000000008001ad4                HAL_TIM_TriggerCallback
 .text.TIM_Base_SetConfig
                0x0000000008001ae4      0x100 ./Drivers/STM32F0xx_HAL_Driver/Src/stm32f0xx_hal_tim.o
                0x0000000008001ae4                TIM_Base_SetConfig
 .text.HAL_TIMEx_CommutCallback
                0x0000000008001be4       0x10 ./Drivers/STM32F0xx_HAL_Driver/Src/stm32f0xx_hal_tim_ex.o
                0x0000000008001be4                HAL_TIMEx_CommutCallback
 .text.HAL_TIMEx_BreakCallback
                0x0000000008001bf4       0x10 ./Drivers/STM32F0xx_HAL_Driver/Src/stm32f0xx_hal_tim_ex.o
                0x0000000008001bf4                HAL_TIMEx_BreakCallback
 .text.vListInitialise
                0x0000000008001c04       0x3c ./ThirdParty/FreeRTOS/list.o
                0x0000000008001c04                vListInitialise
 .text.vListInitialiseItem
                0x0000000008001c40       0x16 ./ThirdParty/FreeRTOS/list.o
                0x0000000008001c40                vListInitialiseItem
 .text.xTaskCreate
                0x0000000008001c56       0xa4 ./ThirdParty/FreeRTOS/tasks.o
                0x0000000008001c56                xTaskCreate
 *fill*         0x0000000008001cfa        0x2 
 .text.prvInitialiseNewTask
                0x0000000008001cfc      0x100 ./ThirdParty/FreeRTOS/tasks.o
 .text.prvAddNewTaskToReadyList
                0x0000000008001dfc      0x11c ./ThirdParty/FreeRTOS/tasks.o
 .text.vTaskSuspendAll
                0x0000000008001f18       0x18 ./ThirdParty/FreeRTOS/tasks.o
                0x0000000008001f18                vTaskSuspendAll
 .text.xTaskResumeAll
                0x0000000008001f30      0x1d0 ./ThirdParty/FreeRTOS/tasks.o
                0x0000000008001f30                xTaskResumeAll
 .text.xTaskIncrementTick
                0x0000000008002100      0x218 ./ThirdParty/FreeRTOS/tasks.o
                0x0000000008002100                xTaskIncrementTick
 .text.vTaskSwitchContext
                0x0000000008002318       0xa4 ./ThirdParty/FreeRTOS/tasks.o
                0x0000000008002318                vTaskSwitchContext
 .text.prvInitialiseTaskLists
                0x00000000080023bc       0x88 ./ThirdParty/FreeRTOS/tasks.o
 .text.prvResetNextTaskUnblockTime
                0x0000000008002444       0x34 ./ThirdParty/FreeRTOS/tasks.o
 .text.pxPortInitialiseStack
                0x0000000008002478       0x54 ./ThirdParty/FreeRTOS/portable/GCC/ARM_CM0/port.o
                0x0000000008002478                pxPortInitialiseStack
 .text.prvTaskExitError
                0x00000000080024cc       0x30 ./ThirdParty/FreeRTOS/portable/GCC/ARM_CM0/port.o
 .text.SVC_Handler
                0x00000000080024fc        0xa ./ThirdParty/FreeRTOS/portable/GCC/ARM_CM0/port.o
                0x00000000080024fc                SVC_Handler
 *fill*         0x0000000008002506        0x2 
 .text.vPortYield
                0x0000000008002508       0x20 ./ThirdParty/FreeRTOS/portable/GCC/ARM_CM0/port.o
                0x0000000008002508                vPortYield
 .text.vPortEnterCritical
                0x0000000008002528       0x24 ./ThirdParty/FreeRTOS/portable/GCC/ARM_CM0/port.o
                0x0000000008002528                vPortEnterCritical
 .text.vPortExitCritical
                0x000000000800254c       0x30 ./ThirdParty/FreeRTOS/portable/GCC/ARM_CM0/port.o
                0x000000000800254c                vPortExitCritical
 .text.ulSetInterruptMaskFromISR
                0x000000000800257c        0xc ./ThirdParty/FreeRTOS/portable/GCC/ARM_CM0/port.o
                0x000000000800257c                ulSetInterruptMaskFromISR
 .text.vClearInterruptMaskFromISR
                0x0000000008002588        0x8 ./ThirdParty/FreeRTOS/portable/GCC/ARM_CM0/port.o
                0x0000000008002588                vClearInterruptMaskFromISR
 .text.PendSV_Handler
                0x0000000008002590       0x48 ./ThirdParty/FreeRTOS/portable/GCC/ARM_CM0/port.o
                0x0000000008002590                PendSV_Handler
 .text.SysTick_Handler
                0x00000000080025d8       0x34 ./ThirdParty/FreeRTOS/portable/GCC/ARM_CM0/port.o
                0x00000000080025d8                SysTick_Handler
 .text.pvPortMalloc
                0x000000000800260c      0x150 ./ThirdParty/FreeRTOS/portable/MemMang/heap_4.o
                0x000000000800260c                pvPortMalloc
 .text.vPortFree
                0x000000000800275c       0x98 ./ThirdParty/FreeRTOS/portable/MemMang/heap_4.o
                0x000000000800275c                vPortFree
 .text.prvHeapInit
                0x00000000080027f4       0xb4 ./ThirdParty/FreeRTOS/portable/MemMang/heap_4.o
 .text.prvInsertBlockIntoFreeList
                0x00000000080028a8       0xb0 ./ThirdParty/FreeRTOS/portable/MemMang/heap_4.o
 .text.__libc_init_array
                0x0000000008002958       0x48 /home/danimt/st/stm32cubeide_1.10.1/plugins/com.st.stm32cube.ide.mcu.externaltools.gnu-tools-for-stm32.10.3-2021.10.linux64_1.0.0.202111181127/tools/bin/../lib/gcc/arm-none-eabi/10.3.1/../../../../arm-none-eabi/lib/thumb/v6-m/nofp/libc_nano.a(lib_a-init.o)
                0x0000000008002958                __libc_init_array
 .text.memset   0x00000000080029a0       0x10 /home/danimt/st/stm32cubeide_1.10.1/plugins/com.st.stm32cube.ide.mcu.externaltools.gnu-tools-for-stm32.10.3-2021.10.linux64_1.0.0.202111181127/tools/bin/../lib/gcc/arm-none-eabi/10.3.1/../../../../arm-none-eabi/lib/thumb/v6-m/nofp/libc_nano.a(lib_a-memset.o)
                0x00000000080029a0                memset
 *(.glue_7)
 .glue_7        0x00000000080029b0        0x0 linker stubs
 *(.glue_7t)
 .glue_7t       0x00000000080029b0        0x0 linker stubs
 *(.eh_frame)
 .eh_frame      0x00000000080029b0        0x0 /home/danimt/st/stm32cubeide_1.10.1/plugins/com.st.stm32cube.ide.mcu.externaltools.gnu-tools-for-stm32.10.3-2021.10.linux64_1.0.0.202111181127/tools/bin/../lib/gcc/arm-none-eabi/10.3.1/thumb/v6-m/nofp/crtbegin.o
 *(.init)
 .init          0x00000000080029b0        0x4 /home/danimt/st/stm32cubeide_1.10.1/plugins/com.st.stm32cube.ide.mcu.externaltools.gnu-tools-for-stm32.10.3-2021.10.linux64_1.0.0.202111181127/tools/bin/../lib/gcc/arm-none-eabi/10.3.1/thumb/v6-m/nofp/crti.o
                0x00000000080029b0                _init
 .init          0x00000000080029b4        0x8 /home/danimt/st/stm32cubeide_1.10.1/plugins/com.st.stm32cube.ide.mcu.externaltools.gnu-tools-for-stm32.10.3-2021.10.linux64_1.0.0.202111181127/tools/bin/../lib/gcc/arm-none-eabi/10.3.1/thumb/v6-m/nofp/crtn.o
 *(.fini)
 .fini          0x00000000080029bc        0x4 /home/danimt/st/stm32cubeide_1.10.1/plugins/com.st.stm32cube.ide.mcu.externaltools.gnu-tools-for-stm32.10.3-2021.10.linux64_1.0.0.202111181127/tools/bin/../lib/gcc/arm-none-eabi/10.3.1/thumb/v6-m/nofp/crti.o
                0x00000000080029bc                _fini
 .fini          0x00000000080029c0        0x8 /home/danimt/st/stm32cubeide_1.10.1/plugins/com.st.stm32cube.ide.mcu.externaltools.gnu-tools-for-stm32.10.3-2021.10.linux64_1.0.0.202111181127/tools/bin/../lib/gcc/arm-none-eabi/10.3.1/thumb/v6-m/nofp/crtn.o
                0x00000000080029c8                . = ALIGN (0x4)
                0x00000000080029c8                _etext = .

.vfp11_veneer   0x00000000080029c8        0x0
 .vfp11_veneer  0x00000000080029c8        0x0 linker stubs

.v4_bx          0x00000000080029c8        0x0
 .v4_bx         0x00000000080029c8        0x0 linker stubs

.iplt           0x00000000080029c8        0x0
 .iplt          0x00000000080029c8        0x0 /home/danimt/st/stm32cubeide_1.10.1/plugins/com.st.stm32cube.ide.mcu.externaltools.gnu-tools-for-stm32.10.3-2021.10.linux64_1.0.0.202111181127/tools/bin/../lib/gcc/arm-none-eabi/10.3.1/thumb/v6-m/nofp/crtbegin.o

.rodata         0x00000000080029c8       0xbc
                0x00000000080029c8                . = ALIGN (0x4)
 *(.rodata)
 .rodata        0x00000000080029c8       0x84 ./Core/Src/main.o
 .rodata        0x0000000008002a4c       0x20 ./Drivers/STM32F0xx_HAL_Driver/Src/stm32f0xx_hal_rcc.o
 *(.rodata*)
 .rodata.AHBPrescTable
                0x0000000008002a6c       0x10 ./Core/Src/system_stm32f0xx.o
                0x0000000008002a6c                AHBPrescTable
 .rodata.APBPrescTable
                0x0000000008002a7c        0x8 ./Core/Src/system_stm32f0xx.o
                0x0000000008002a7c                APBPrescTable
                0x0000000008002a84                . = ALIGN (0x4)

.rel.dyn        0x0000000008002a84        0x0
 .rel.iplt      0x0000000008002a84        0x0 /home/danimt/st/stm32cubeide_1.10.1/plugins/com.st.stm32cube.ide.mcu.externaltools.gnu-tools-for-stm32.10.3-2021.10.linux64_1.0.0.202111181127/tools/bin/../lib/gcc/arm-none-eabi/10.3.1/thumb/v6-m/nofp/crtbegin.o

.ARM.extab      0x0000000008002a84        0x0
                0x0000000008002a84                . = ALIGN (0x4)
 *(.ARM.extab* .gnu.linkonce.armextab.*)
                0x0000000008002a84                . = ALIGN (0x4)

.ARM            0x0000000008002a84        0x0
                0x0000000008002a84                . = ALIGN (0x4)
                0x0000000008002a84                __exidx_start = .
 *(.ARM.exidx*)
                0x0000000008002a84                __exidx_end = .
                0x0000000008002a84                . = ALIGN (0x4)

.preinit_array  0x0000000008002a84        0x0
                0x0000000008002a84                . = ALIGN (0x4)
                0x0000000008002a84                PROVIDE (__preinit_array_start = .)
 *(.preinit_array*)
                0x0000000008002a84                PROVIDE (__preinit_array_end = .)
                0x0000000008002a84                . = ALIGN (0x4)

.init_array     0x0000000008002a84        0x4
                0x0000000008002a84                . = ALIGN (0x4)
                0x0000000008002a84                PROVIDE (__init_array_start = .)
 *(SORT_BY_NAME(.init_array.*))
 *(.init_array*)
 .init_array    0x0000000008002a84        0x4 /home/danimt/st/stm32cubeide_1.10.1/plugins/com.st.stm32cube.ide.mcu.externaltools.gnu-tools-for-stm32.10.3-2021.10.linux64_1.0.0.202111181127/tools/bin/../lib/gcc/arm-none-eabi/10.3.1/thumb/v6-m/nofp/crtbegin.o
                0x0000000008002a88                PROVIDE (__init_array_end = .)
                0x0000000008002a88                . = ALIGN (0x4)

.fini_array     0x0000000008002a88        0x4
                0x0000000008002a88                . = ALIGN (0x4)
                [!provide]                        PROVIDE (__fini_array_start = .)
 *(SORT_BY_NAME(.fini_array.*))
 *(.fini_array*)
 .fini_array    0x0000000008002a88        0x4 /home/danimt/st/stm32cubeide_1.10.1/plugins/com.st.stm32cube.ide.mcu.externaltools.gnu-tools-for-stm32.10.3-2021.10.linux64_1.0.0.202111181127/tools/bin/../lib/gcc/arm-none-eabi/10.3.1/thumb/v6-m/nofp/crtbegin.o
                [!provide]                        PROVIDE (__fini_array_end = .)
                0x0000000008002a8c                . = ALIGN (0x4)
                0x0000000008002a8c                _sidata = LOADADDR (.data)

.data           0x0000000020000000       0x10 load address 0x0000000008002a8c
                0x0000000020000000                . = ALIGN (0x4)
                0x0000000020000000                _sdata = .
 *(.data)
 *(.data*)
 .data.SystemCoreClock
                0x0000000020000000        0x4 ./Core/Src/system_stm32f0xx.o
                0x0000000020000000                SystemCoreClock
 .data.uwTickPrio
                0x0000000020000004        0x4 ./Drivers/STM32F0xx_HAL_Driver/Src/stm32f0xx_hal.o
                0x0000000020000004                uwTickPrio
 .data.uwTickFreq
                0x0000000020000008        0x1 ./Drivers/STM32F0xx_HAL_Driver/Src/stm32f0xx_hal.o
                0x0000000020000008                uwTickFreq
 *fill*         0x0000000020000009        0x3 
 .data.uxCriticalNesting
                0x000000002000000c        0x4 ./ThirdParty/FreeRTOS/portable/GCC/ARM_CM0/port.o
 *(.RamFunc)
 *(.RamFunc*)
                0x0000000020000010                . = ALIGN (0x4)
                0x0000000020000010                _edata = .

.igot.plt       0x0000000020000010        0x0 load address 0x0000000008002a9c
 .igot.plt      0x0000000020000010        0x0 /home/danimt/st/stm32cubeide_1.10.1/plugins/com.st.stm32cube.ide.mcu.externaltools.gnu-tools-for-stm32.10.3-2021.10.linux64_1.0.0.202111181127/tools/bin/../lib/gcc/arm-none-eabi/10.3.1/thumb/v6-m/nofp/crtbegin.o
                0x0000000020000010                . = ALIGN (0x4)

.bss            0x0000000020000010     0x1d7c load address 0x0000000008002a9c
                0x0000000020000010                _sbss = .
                0x0000000020000010                __bss_start__ = _sbss
 *(.bss)
 .bss           0x0000000020000010       0x1c /home/danimt/st/stm32cubeide_1.10.1/plugins/com.st.stm32cube.ide.mcu.externaltools.gnu-tools-for-stm32.10.3-2021.10.linux64_1.0.0.202111181127/tools/bin/../lib/gcc/arm-none-eabi/10.3.1/thumb/v6-m/nofp/crtbegin.o
 *(.bss*)
 .bss.htim6     0x000000002000002c       0x48 ./Core/Src/stm32f0xx_hal_timebase_tim.o
                0x000000002000002c                htim6
 .bss.uwTick    0x0000000020000074        0x4 ./Drivers/STM32F0xx_HAL_Driver/Src/stm32f0xx_hal.o
                0x0000000020000074                uwTick
 .bss.pxCurrentTCB
                0x0000000020000078        0x4 ./ThirdParty/FreeRTOS/tasks.o
                0x0000000020000078                pxCurrentTCB
 .bss.pxReadyTasksLists
                0x000000002000007c      0x460 ./ThirdParty/FreeRTOS/tasks.o
 .bss.xDelayedTaskList1
                0x00000000200004dc       0x14 ./ThirdParty/FreeRTOS/tasks.o
 .bss.xDelayedTaskList2
                0x00000000200004f0       0x14 ./ThirdParty/FreeRTOS/tasks.o
 .bss.pxDelayedTaskList
                0x0000000020000504        0x4 ./ThirdParty/FreeRTOS/tasks.o
 .bss.pxOverflowDelayedTaskList
                0x0000000020000508        0x4 ./ThirdParty/FreeRTOS/tasks.o
 .bss.xPendingReadyList
                0x000000002000050c       0x14 ./ThirdParty/FreeRTOS/tasks.o
 .bss.xTasksWaitingTermination
                0x0000000020000520       0x14 ./ThirdParty/FreeRTOS/tasks.o
 .bss.xSuspendedTaskList
                0x0000000020000534       0x14 ./ThirdParty/FreeRTOS/tasks.o
 .bss.uxCurrentNumberOfTasks
                0x0000000020000548        0x4 ./ThirdParty/FreeRTOS/tasks.o
 .bss.xTickCount
                0x000000002000054c        0x4 ./ThirdParty/FreeRTOS/tasks.o
 .bss.uxTopReadyPriority
                0x0000000020000550        0x4 ./ThirdParty/FreeRTOS/tasks.o
 .bss.xSchedulerRunning
                0x0000000020000554        0x4 ./ThirdParty/FreeRTOS/tasks.o
 .bss.xPendedTicks
                0x0000000020000558        0x4 ./ThirdParty/FreeRTOS/tasks.o
 .bss.xYieldPending
                0x000000002000055c        0x4 ./ThirdParty/FreeRTOS/tasks.o
 .bss.xNumOfOverflows
                0x0000000020000560        0x4 ./ThirdParty/FreeRTOS/tasks.o
 .bss.uxTaskNumber
                0x0000000020000564        0x4 ./ThirdParty/FreeRTOS/tasks.o
 .bss.xNextTaskUnblockTime
                0x0000000020000568        0x4 ./ThirdParty/FreeRTOS/tasks.o
 .bss.uxSchedulerSuspended
                0x000000002000056c        0x4 ./ThirdParty/FreeRTOS/tasks.o
 .bss.ucHeap    0x0000000020000570     0x1800 ./ThirdParty/FreeRTOS/portable/MemMang/heap_4.o
 .bss.xStart    0x0000000020001d70        0x8 ./ThirdParty/FreeRTOS/portable/MemMang/heap_4.o
 .bss.pxEnd     0x0000000020001d78        0x4 ./ThirdParty/FreeRTOS/portable/MemMang/heap_4.o
 .bss.xFreeBytesRemaining
                0x0000000020001d7c        0x4 ./ThirdParty/FreeRTOS/portable/MemMang/heap_4.o
 .bss.xMinimumEverFreeBytesRemaining
                0x0000000020001d80        0x4 ./ThirdParty/FreeRTOS/portable/MemMang/heap_4.o
 .bss.xNumberOfSuccessfulAllocations
                0x0000000020001d84        0x4 ./ThirdParty/FreeRTOS/portable/MemMang/heap_4.o
 .bss.xNumberOfSuccessfulFrees
                0x0000000020001d88        0x4 ./ThirdParty/FreeRTOS/portable/MemMang/heap_4.o
 *(COMMON)
                0x0000000020001d8c                . = ALIGN (0x4)
                0x0000000020001d8c                _ebss = .
                0x0000000020001d8c                __bss_end__ = _ebss

._user_heap_stack
                0x0000000020001d8c      0x604 load address 0x0000000008002a9c
                0x0000000020001d90                . = ALIGN (0x8)
 *fill*         0x0000000020001d8c        0x4 
                [!provide]                        PROVIDE (end = .)
                [!provide]                        PROVIDE (_end = .)
                0x0000000020001f90                . = (. + _Min_Heap_Size)
 *fill*         0x0000000020001d90      0x200 
                0x0000000020002390                . = (. + _Min_Stack_Size)
 *fill*         0x0000000020001f90      0x400 
                0x0000000020002390                . = ALIGN (0x8)

/DISCARD/
 libc.a(*)
 libm.a(*)
 libgcc.a(*)

.ARM.attributes
                0x0000000000000000       0x28
 *(.ARM.attributes)
 .ARM.attributes
                0x0000000000000000       0x1e /home/danimt/st/stm32cubeide_1.10.1/plugins/com.st.stm32cube.ide.mcu.externaltools.gnu-tools-for-stm32.10.3-2021.10.linux64_1.0.0.202111181127/tools/bin/../lib/gcc/arm-none-eabi/10.3.1/thumb/v6-m/nofp/crti.o
 .ARM.attributes
                0x000000000000001e       0x2c /home/danimt/st/stm32cubeide_1.10.1/plugins/com.st.stm32cube.ide.mcu.externaltools.gnu-tools-for-stm32.10.3-2021.10.linux64_1.0.0.202111181127/tools/bin/../lib/gcc/arm-none-eabi/10.3.1/thumb/v6-m/nofp/crtbegin.o
 .ARM.attributes
                0x000000000000004a       0x2c ./Core/Src/main.o
 .ARM.attributes
                0x0000000000000076       0x2c ./Core/Src/stm32f0xx_hal_msp.o
 .ARM.attributes
                0x00000000000000a2       0x2c ./Core/Src/stm32f0xx_hal_timebase_tim.o
 .ARM.attributes
                0x00000000000000ce       0x2c ./Core/Src/stm32f0xx_it.o
 .ARM.attributes
                0x00000000000000fa       0x2c ./Core/Src/system_stm32f0xx.o
 .ARM.attributes
                0x0000000000000126       0x21 ./Core/Startup/startup_stm32f091rctx.o
 .ARM.attributes
                0x0000000000000147       0x2c ./Drivers/STM32F0xx_HAL_Driver/Src/stm32f0xx_hal.o
 .ARM.attributes
                0x0000000000000173       0x2c ./Drivers/STM32F0xx_HAL_Driver/Src/stm32f0xx_hal_cortex.o
 .ARM.attributes
                0x000000000000019f       0x2c ./Drivers/STM32F0xx_HAL_Driver/Src/stm32f0xx_hal_gpio.o
 .ARM.attributes
                0x00000000000001cb       0x2c ./Drivers/STM32F0xx_HAL_Driver/Src/stm32f0xx_hal_rcc.o
 .ARM.attributes
                0x00000000000001f7       0x2c ./Drivers/STM32F0xx_HAL_Driver/Src/stm32f0xx_hal_tim.o
 .ARM.attributes
                0x0000000000000223       0x2c ./Drivers/STM32F0xx_HAL_Driver/Src/stm32f0xx_hal_tim_ex.o
 .ARM.attributes
                0x000000000000024f       0x2c ./ThirdParty/FreeRTOS/list.o
 .ARM.attributes
                0x000000000000027b       0x2c ./ThirdParty/FreeRTOS/tasks.o
 .ARM.attributes
                0x00000000000002a7       0x2c ./ThirdParty/FreeRTOS/portable/GCC/ARM_CM0/port.o
 .ARM.attributes
                0x00000000000002d3       0x2c ./ThirdParty/FreeRTOS/portable/MemMang/heap_4.o
 .ARM.attributes
                0x00000000000002ff       0x2c /home/danimt/st/stm32cubeide_1.10.1/plugins/com.st.stm32cube.ide.mcu.externaltools.gnu-tools-for-stm32.10.3-2021.10.linux64_1.0.0.202111181127/tools/bin/../lib/gcc/arm-none-eabi/10.3.1/../../../../arm-none-eabi/lib/thumb/v6-m/nofp/libc_nano.a(lib_a-init.o)
 .ARM.attributes
                0x000000000000032b       0x2c /home/danimt/st/stm32cubeide_1.10.1/plugins/com.st.stm32cube.ide.mcu.externaltools.gnu-tools-for-stm32.10.3-2021.10.linux64_1.0.0.202111181127/tools/bin/../lib/gcc/arm-none-eabi/10.3.1/../../../../arm-none-eabi/lib/thumb/v6-m/nofp/libc_nano.a(lib_a-memset.o)
 .ARM.attributes
                0x0000000000000357       0x1e /home/danimt/st/stm32cubeide_1.10.1/plugins/com.st.stm32cube.ide.mcu.externaltools.gnu-tools-for-stm32.10.3-2021.10.linux64_1.0.0.202111181127/tools/bin/../lib/gcc/arm-none-eabi/10.3.1/thumb/v6-m/nofp/libgcc.a(_udivsi3.o)
 .ARM.attributes
                0x0000000000000375       0x1e /home/danimt/st/stm32cubeide_1.10.1/plugins/com.st.stm32cube.ide.mcu.externaltools.gnu-tools-for-stm32.10.3-2021.10.linux64_1.0.0.202111181127/tools/bin/../lib/gcc/arm-none-eabi/10.3.1/thumb/v6-m/nofp/libgcc.a(_dvmd_tls.o)
 .ARM.attributes
                0x0000000000000393       0x1e /home/danimt/st/stm32cubeide_1.10.1/plugins/com.st.stm32cube.ide.mcu.externaltools.gnu-tools-for-stm32.10.3-2021.10.linux64_1.0.0.202111181127/tools/bin/../lib/gcc/arm-none-eabi/10.3.1/thumb/v6-m/nofp/crtn.o
OUTPUT(Train_FreeRTOS_STM32cube.elf elf32-littlearm)
LOAD linker stubs
LOAD /home/danimt/st/stm32cubeide_1.10.1/plugins/com.st.stm32cube.ide.mcu.externaltools.gnu-tools-for-stm32.10.3-2021.10.linux64_1.0.0.202111181127/tools/bin/../lib/gcc/arm-none-eabi/10.3.1/../../../../arm-none-eabi/lib/thumb/v6-m/nofp/libc.a
LOAD /home/danimt/st/stm32cubeide_1.10.1/plugins/com.st.stm32cube.ide.mcu.externaltools.gnu-tools-for-stm32.10.3-2021.10.linux64_1.0.0.202111181127/tools/bin/../lib/gcc/arm-none-eabi/10.3.1/../../../../arm-none-eabi/lib/thumb/v6-m/nofp/libm.a
LOAD /home/danimt/st/stm32cubeide_1.10.1/plugins/com.st.stm32cube.ide.mcu.externaltools.gnu-tools-for-stm32.10.3-2021.10.linux64_1.0.0.202111181127/tools/bin/../lib/gcc/arm-none-eabi/10.3.1/thumb/v6-m/nofp/libgcc.a

.debug_info     0x0000000000000000     0xaf5b
 .debug_info    0x0000000000000000     0x105c ./Core/Src/main.o
 .debug_info    0x000000000000105c      0x1b8 ./Core/Src/stm32f0xx_hal_msp.o
 .debug_info    0x0000000000001214      0x9f7 ./Core/Src/stm32f0xx_hal_timebase_tim.o
 .debug_info    0x0000000000001c0b      0x694 ./Core/Src/stm32f0xx_it.o
 .debug_info    0x000000000000229f      0x269 ./Core/Src/system_stm32f0xx.o
 .debug_info    0x0000000000002508       0x22 ./Core/Startup/startup_stm32f091rctx.o
 .debug_info    0x000000000000252a      0x6f0 ./Drivers/STM32F0xx_HAL_Driver/Src/stm32f0xx_hal.o
 .debug_info    0x0000000000002c1a      0x71d ./Drivers/STM32F0xx_HAL_Driver/Src/stm32f0xx_hal_cortex.o
 .debug_info    0x0000000000003337      0x66a ./Drivers/STM32F0xx_HAL_Driver/Src/stm32f0xx_hal_gpio.o
 .debug_info    0x00000000000039a1      0x8ac ./Drivers/STM32F0xx_HAL_Driver/Src/stm32f0xx_hal_rcc.o
 .debug_info    0x000000000000424d     0x2b9f ./Drivers/STM32F0xx_HAL_Driver/Src/stm32f0xx_hal_tim.o
 .debug_info    0x0000000000006dec     0x15c4 ./Drivers/STM32F0xx_HAL_Driver/Src/stm32f0xx_hal_tim_ex.o
 .debug_info    0x00000000000083b0      0x2d1 ./ThirdParty/FreeRTOS/list.o
 .debug_info    0x0000000000008681     0x216d ./ThirdParty/FreeRTOS/tasks.o
 .debug_info    0x000000000000a7ee      0x2a0 ./ThirdParty/FreeRTOS/portable/GCC/ARM_CM0/port.o
 .debug_info    0x000000000000aa8e      0x4cd ./ThirdParty/FreeRTOS/portable/MemMang/heap_4.o

.debug_abbrev   0x0000000000000000     0x1db5
 .debug_abbrev  0x0000000000000000      0x2cf ./Core/Src/main.o
 .debug_abbrev  0x00000000000002cf       0xc2 ./Core/Src/stm32f0xx_hal_msp.o
 .debug_abbrev  0x0000000000000391      0x1fb ./Core/Src/stm32f0xx_hal_timebase_tim.o
 .debug_abbrev  0x000000000000058c      0x171 ./Core/Src/stm32f0xx_it.o
 .debug_abbrev  0x00000000000006fd      0x116 ./Core/Src/system_stm32f0xx.o
 .debug_abbrev  0x0000000000000813       0x12 ./Core/Startup/startup_stm32f091rctx.o
 .debug_abbrev  0x0000000000000825      0x20e ./Drivers/STM32F0xx_HAL_Driver/Src/stm32f0xx_hal.o
 .debug_abbrev  0x0000000000000a33      0x283 ./Drivers/STM32F0xx_HAL_Driver/Src/stm32f0xx_hal_cortex.o
 .debug_abbrev  0x0000000000000cb6      0x1ca ./Drivers/STM32F0xx_HAL_Driver/Src/stm32f0xx_hal_gpio.o
 .debug_abbrev  0x0000000000000e80      0x283 ./Drivers/STM32F0xx_HAL_Driver/Src/stm32f0xx_hal_rcc.o
 .debug_abbrev  0x0000000000001103      0x25d ./Drivers/STM32F0xx_HAL_Driver/Src/stm32f0xx_hal_tim.o
 .debug_abbrev  0x0000000000001360      0x265 ./Drivers/STM32F0xx_HAL_Driver/Src/stm32f0xx_hal_tim_ex.o
 .debug_abbrev  0x00000000000015c5       0xf2 ./ThirdParty/FreeRTOS/list.o
 .debug_abbrev  0x00000000000016b7      0x324 ./ThirdParty/FreeRTOS/tasks.o
 .debug_abbrev  0x00000000000019db      0x1ee ./ThirdParty/FreeRTOS/portable/GCC/ARM_CM0/port.o
 .debug_abbrev  0x0000000000001bc9      0x1ec ./ThirdParty/FreeRTOS/portable/MemMang/heap_4.o

.debug_aranges  0x0000000000000000      0xc90
 .debug_aranges
                0x0000000000000000       0xf0 ./Core/Src/main.o
 .debug_aranges
                0x00000000000000f0       0x20 ./Core/Src/stm32f0xx_hal_msp.o
 .debug_aranges
                0x0000000000000110       0x30 ./Core/Src/stm32f0xx_hal_timebase_tim.o
 .debug_aranges
                0x0000000000000140       0x30 ./Core/Src/stm32f0xx_it.o
 .debug_aranges
                0x0000000000000170       0x28 ./Core/Src/system_stm32f0xx.o
 .debug_aranges
                0x0000000000000198       0x28 ./Core/Startup/startup_stm32f091rctx.o
 .debug_aranges
                0x00000000000001c0       0xd0 ./Drivers/STM32F0xx_HAL_Driver/Src/stm32f0xx_hal.o
 .debug_aranges
                0x0000000000000290       0xc0 ./Drivers/STM32F0xx_HAL_Driver/Src/stm32f0xx_hal_cortex.o
 .debug_aranges
                0x0000000000000350       0x58 ./Drivers/STM32F0xx_HAL_Driver/Src/stm32f0xx_hal_gpio.o
 .debug_aranges
                0x00000000000003a8       0x80 ./Drivers/STM32F0xx_HAL_Driver/Src/stm32f0xx_hal_rcc.o
 .debug_aranges
                0x0000000000000428      0x3d0 ./Drivers/STM32F0xx_HAL_Driver/Src/stm32f0xx_hal_tim.o
 .debug_aranges
                0x00000000000007f8      0x168 ./Drivers/STM32F0xx_HAL_Driver/Src/stm32f0xx_hal_tim_ex.o
 .debug_aranges
                0x0000000000000960       0x40 ./ThirdParty/FreeRTOS/list.o
 .debug_aranges
                0x00000000000009a0      0x208 ./ThirdParty/FreeRTOS/tasks.o
 .debug_aranges
                0x0000000000000ba8       0x88 ./ThirdParty/FreeRTOS/portable/GCC/ARM_CM0/port.o
 .debug_aranges
                0x0000000000000c30       0x60 ./ThirdParty/FreeRTOS/portable/MemMang/heap_4.o

.debug_ranges   0x0000000000000000      0xb98
 .debug_ranges  0x0000000000000000       0xe0 ./Core/Src/main.o
 .debug_ranges  0x00000000000000e0       0x10 ./Core/Src/stm32f0xx_hal_msp.o
 .debug_ranges  0x00000000000000f0       0x20 ./Core/Src/stm32f0xx_hal_timebase_tim.o
 .debug_ranges  0x0000000000000110       0x20 ./Core/Src/stm32f0xx_it.o
 .debug_ranges  0x0000000000000130       0x18 ./Core/Src/system_stm32f0xx.o
 .debug_ranges  0x0000000000000148       0x20 ./Core/Startup/startup_stm32f091rctx.o
 .debug_ranges  0x0000000000000168       0xc0 ./Drivers/STM32F0xx_HAL_Driver/Src/stm32f0xx_hal.o
 .debug_ranges  0x0000000000000228       0xb0 ./Drivers/STM32F0xx_HAL_Driver/Src/stm32f0xx_hal_cortex.o
 .debug_ranges  0x00000000000002d8       0x48 ./Drivers/STM32F0xx_HAL_Driver/Src/stm32f0xx_hal_gpio.o
 .debug_ranges  0x0000000000000320       0x70 ./Drivers/STM32F0xx_HAL_Driver/Src/stm32f0xx_hal_rcc.o
 .debug_ranges  0x0000000000000390      0x3c0 ./Drivers/STM32F0xx_HAL_Driver/Src/stm32f0xx_hal_tim.o
 .debug_ranges  0x0000000000000750      0x158 ./Drivers/STM32F0xx_HAL_Driver/Src/stm32f0xx_hal_tim_ex.o
 .debug_ranges  0x00000000000008a8       0x30 ./ThirdParty/FreeRTOS/list.o
 .debug_ranges  0x00000000000008d8      0x1f8 ./ThirdParty/FreeRTOS/tasks.o
 .debug_ranges  0x0000000000000ad0       0x78 ./ThirdParty/FreeRTOS/portable/GCC/ARM_CM0/port.o
 .debug_ranges  0x0000000000000b48       0x50 ./ThirdParty/FreeRTOS/portable/MemMang/heap_4.o

.debug_macro    0x0000000000000000    0x1c135
 .debug_macro   0x0000000000000000      0x3cb ./Core/Src/main.o
 .debug_macro   0x00000000000003cb      0xa4e ./Core/Src/main.o
 .debug_macro   0x0000000000000e19      0x12d ./Core/Src/main.o
 .debug_macro   0x0000000000000f46       0x2e ./Core/Src/main.o
 .debug_macro   0x0000000000000f74       0x22 ./Core/Src/main.o
 .debug_macro   0x0000000000000f96       0x22 ./Core/Src/main.o
 .debug_macro   0x0000000000000fb8       0x8e ./Core/Src/main.o
 .debug_macro   0x0000000000001046       0x51 ./Core/Src/main.o
 .debug_macro   0x0000000000001097      0x103 ./Core/Src/main.o
 .debug_macro   0x000000000000119a       0x6a ./Core/Src/main.o
 .debug_macro   0x0000000000001204      0x1df ./Core/Src/main.o
 .debug_macro   0x00000000000013e3       0x1c ./Core/Src/main.o
 .debug_macro   0x00000000000013ff       0x22 ./Core/Src/main.o
 .debug_macro   0x0000000000001421       0xaf ./Core/Src/main.o
 .debug_macro   0x00000000000014d0      0x391 ./Core/Src/main.o
 .debug_macro   0x0000000000001861    0x10e4f ./Core/Src/main.o
 .debug_macro   0x00000000000126b0       0x66 ./Core/Src/main.o
 .debug_macro   0x0000000000012716     0x34a6 ./Core/Src/main.o
 .debug_macro   0x0000000000015bbc      0x174 ./Core/Src/main.o
 .debug_macro   0x0000000000015d30       0x55 ./Core/Src/main.o
 .debug_macro   0x0000000000015d85      0x946 ./Core/Src/main.o
 .debug_macro   0x00000000000166cb      0x69b ./Core/Src/main.o
 .debug_macro   0x0000000000016d66      0x1af ./Core/Src/main.o
 .debug_macro   0x0000000000016f15      0x202 ./Core/Src/main.o
 .debug_macro   0x0000000000017117      0x1a7 ./Core/Src/main.o
 .debug_macro   0x00000000000172be      0x1bc ./Core/Src/main.o
 .debug_macro   0x000000000001747a      0x4d0 ./Core/Src/main.o
 .debug_macro   0x000000000001794a       0x3c ./Core/Src/main.o
 .debug_macro   0x0000000000017986       0x28 ./Core/Src/main.o
 .debug_macro   0x00000000000179ae       0xb0 ./Core/Src/main.o
 .debug_macro   0x0000000000017a5e      0x23f ./Core/Src/main.o
 .debug_macro   0x0000000000017c9d      0x22c ./Core/Src/main.o
 .debug_macro   0x0000000000017ec9       0x61 ./Core/Src/main.o
 .debug_macro   0x0000000000017f2a       0xa5 ./Core/Src/main.o
 .debug_macro   0x0000000000017fcf       0x4c ./Core/Src/main.o
 .debug_macro   0x000000000001801b      0x16d ./Core/Src/main.o
 .debug_macro   0x0000000000018188      0x8d8 ./Core/Src/main.o
 .debug_macro   0x0000000000018a60       0x28 ./Core/Src/main.o
 .debug_macro   0x0000000000018a88      0x435 ./Core/Src/main.o
 .debug_macro   0x0000000000018ebd       0x4c ./Core/Src/main.o
 .debug_macro   0x0000000000018f09       0x52 ./Core/Src/main.o
 .debug_macro   0x0000000000018f5b       0x18 ./Core/Src/main.o
 .debug_macro   0x0000000000018f73       0x3c ./Core/Src/main.o
 .debug_macro   0x0000000000018faf       0x34 ./Core/Src/main.o
 .debug_macro   0x0000000000018fe3       0x16 ./Core/Src/main.o
 .debug_macro   0x0000000000018ff9       0x35 ./Core/Src/main.o
 .debug_macro   0x000000000001902e      0x341 ./Core/Src/main.o
 .debug_macro   0x000000000001936f       0x10 ./Core/Src/main.o
 .debug_macro   0x000000000001937f       0x16 ./Core/Src/main.o
 .debug_macro   0x0000000000019395       0x43 ./Core/Src/main.o
 .debug_macro   0x00000000000193d8       0x34 ./Core/Src/main.o
 .debug_macro   0x000000000001940c       0x10 ./Core/Src/main.o
 .debug_macro   0x000000000001941c       0x58 ./Core/Src/main.o
 .debug_macro   0x0000000000019474       0x71 ./Core/Src/main.o
 .debug_macro   0x00000000000194e5       0x1c ./Core/Src/main.o
 .debug_macro   0x0000000000019501      0x12a ./Core/Src/main.o
 .debug_macro   0x000000000001962b       0x10 ./Core/Src/main.o
 .debug_macro   0x000000000001963b       0x1c ./Core/Src/main.o
 .debug_macro   0x0000000000019657       0x52 ./Core/Src/main.o
 .debug_macro   0x00000000000196a9       0x22 ./Core/Src/main.o
 .debug_macro   0x00000000000196cb       0x10 ./Core/Src/main.o
 .debug_macro   0x00000000000196db       0x52 ./Core/Src/main.o
 .debug_macro   0x000000000001972d       0xd5 ./Core/Src/main.o
 .debug_macro   0x0000000000019802       0x1c ./Core/Src/main.o
 .debug_macro   0x000000000001981e       0x3d ./Core/Src/main.o
 .debug_macro   0x000000000001985b       0x16 ./Core/Src/main.o
 .debug_macro   0x0000000000019871      0x145 ./Core/Src/main.o
 .debug_macro   0x00000000000199b6      0x1a3 ./Core/Src/main.o
 .debug_macro   0x0000000000019b59      0x15a ./Core/Src/main.o
 .debug_macro   0x0000000000019cb3       0xb8 ./Core/Src/main.o
 .debug_macro   0x0000000000019d6b       0x28 ./Core/Src/main.o
 .debug_macro   0x0000000000019d93       0x1f ./Core/Src/main.o
 .debug_macro   0x0000000000019db2       0x12 ./Core/Src/main.o
 .debug_macro   0x0000000000019dc4      0x503 ./Core/Src/main.o
 .debug_macro   0x000000000001a2c7       0xc3 ./Core/Src/main.o
 .debug_macro   0x000000000001a38a      0x120 ./Core/Src/main.o
 .debug_macro   0x000000000001a4aa      0x1bd ./Core/Src/stm32f0xx_hal_msp.o
 .debug_macro   0x000000000001a667      0x1ae ./Core/Src/stm32f0xx_hal_timebase_tim.o
 .debug_macro   0x000000000001a815      0x1c7 ./Core/Src/stm32f0xx_it.o
 .debug_macro   0x000000000001a9dc      0x1ae ./Core/Src/system_stm32f0xx.o
 .debug_macro   0x000000000001ab8a      0x1d2 ./Drivers/STM32F0xx_HAL_Driver/Src/stm32f0xx_hal.o
 .debug_macro   0x000000000001ad5c      0x1ae ./Drivers/STM32F0xx_HAL_Driver/Src/stm32f0xx_hal_cortex.o
 .debug_macro   0x000000000001af0a      0x1b5 ./Drivers/STM32F0xx_HAL_Driver/Src/stm32f0xx_hal_gpio.o
 .debug_macro   0x000000000001b0bf      0x1c0 ./Drivers/STM32F0xx_HAL_Driver/Src/stm32f0xx_hal_rcc.o
 .debug_macro   0x000000000001b27f      0x1af ./Drivers/STM32F0xx_HAL_Driver/Src/stm32f0xx_hal_tim.o
 .debug_macro   0x000000000001b42e      0x1ae ./Drivers/STM32F0xx_HAL_Driver/Src/stm32f0xx_hal_tim_ex.o
 .debug_macro   0x000000000001b5dc      0x25f ./ThirdParty/FreeRTOS/list.o
 .debug_macro   0x000000000001b83b      0x34b ./ThirdParty/FreeRTOS/tasks.o
 .debug_macro   0x000000000001bb86       0x17 ./ThirdParty/FreeRTOS/tasks.o
 .debug_macro   0x000000000001bb9d      0x2b8 ./ThirdParty/FreeRTOS/portable/GCC/ARM_CM0/port.o
 .debug_macro   0x000000000001be55      0x2e0 ./ThirdParty/FreeRTOS/portable/MemMang/heap_4.o

.debug_line     0x0000000000000000     0xdc86
 .debug_line    0x0000000000000000      0xd29 ./Core/Src/main.o
 .debug_line    0x0000000000000d29      0x6a0 ./Core/Src/stm32f0xx_hal_msp.o
 .debug_line    0x00000000000013c9      0x71a ./Core/Src/stm32f0xx_hal_timebase_tim.o
 .debug_line    0x0000000000001ae3      0x6df ./Core/Src/stm32f0xx_it.o
 .debug_line    0x00000000000021c2      0x728 ./Core/Src/system_stm32f0xx.o
 .debug_line    0x00000000000028ea       0x89 ./Core/Startup/startup_stm32f091rctx.o
 .debug_line    0x0000000000002973      0x91b ./Drivers/STM32F0xx_HAL_Driver/Src/stm32f0xx_hal.o
 .debug_line    0x000000000000328e      0x9c7 ./Drivers/STM32F0xx_HAL_Driver/Src/stm32f0xx_hal_cortex.o
 .debug_line    0x0000000000003c55      0xaad ./Drivers/STM32F0xx_HAL_Driver/Src/stm32f0xx_hal_gpio.o
 .debug_line    0x0000000000004702      0xdaa ./Drivers/STM32F0xx_HAL_Driver/Src/stm32f0xx_hal_rcc.o
 .debug_line    0x00000000000054ac     0x364a ./Drivers/STM32F0xx_HAL_Driver/Src/stm32f0xx_hal_tim.o
 .debug_line    0x0000000000008af6     0x18b9 ./Drivers/STM32F0xx_HAL_Driver/Src/stm32f0xx_hal_tim_ex.o
 .debug_line    0x000000000000a3af      0x839 ./ThirdParty/FreeRTOS/list.o
 .debug_line    0x000000000000abe8     0x1d01 ./ThirdParty/FreeRTOS/tasks.o
 .debug_line    0x000000000000c8e9      0x90e ./ThirdParty/FreeRTOS/portable/GCC/ARM_CM0/port.o
 .debug_line    0x000000000000d1f7      0xa8f ./ThirdParty/FreeRTOS/portable/MemMang/heap_4.o

.debug_str      0x0000000000000000    0xab465
 .debug_str     0x0000000000000000    0xa69e5 ./Core/Src/main.o
                                      0xa6d57 (size before relaxing)
 .debug_str     0x00000000000a69e5       0x2c ./Core/Src/stm32f0xx_hal_msp.o
                                      0x9d45b (size before relaxing)
 .debug_str     0x00000000000a6a11      0x28a ./Core/Src/stm32f0xx_hal_timebase_tim.o
                                      0x9db86 (size before relaxing)
 .debug_str     0x00000000000a6c9b       0x5e ./Core/Src/stm32f0xx_it.o
                                      0x9d911 (size before relaxing)
 .debug_str     0x00000000000a6cf9       0x8b ./Core/Src/system_stm32f0xx.o
                                      0x9d3bc (size before relaxing)
 .debug_str     0x00000000000a6d84       0x36 ./Core/Startup/startup_stm32f091rctx.o
                                         0x7d (size before relaxing)
 .debug_str     0x00000000000a6dba      0x340 ./Drivers/STM32F0xx_HAL_Driver/Src/stm32f0xx_hal.o
                                      0x9d9a9 (size before relaxing)
 .debug_str     0x00000000000a70fa      0x1b5 ./Drivers/STM32F0xx_HAL_Driver/Src/stm32f0xx_hal_cortex.o
                                      0x9d79a (size before relaxing)
 .debug_str     0x00000000000a72af      0x133 ./Drivers/STM32F0xx_HAL_Driver/Src/stm32f0xx_hal_gpio.o
                                      0x9d572 (size before relaxing)
 .debug_str     0x00000000000a73e2      0x1e4 ./Drivers/STM32F0xx_HAL_Driver/Src/stm32f0xx_hal_rcc.o
                                      0x9d803 (size before relaxing)
 .debug_str     0x00000000000a75c6      0xe69 ./Drivers/STM32F0xx_HAL_Driver/Src/stm32f0xx_hal_tim.o
                                      0x9e7d2 (size before relaxing)
 .debug_str     0x00000000000a842f      0x503 ./Drivers/STM32F0xx_HAL_Driver/Src/stm32f0xx_hal_tim_ex.o
                                      0x9dfee (size before relaxing)
 .debug_str     0x00000000000a8932      0x253 ./ThirdParty/FreeRTOS/list.o
                                       0xbb66 (size before relaxing)
 .debug_str     0x00000000000a8b85     0x1eaf ./ThirdParty/FreeRTOS/tasks.o
                                       0xed48 (size before relaxing)
 .debug_str     0x00000000000aaa34      0x451 ./ThirdParty/FreeRTOS/portable/GCC/ARM_CM0/port.o
                                       0xd0fb (size before relaxing)
 .debug_str     0x00000000000aae85      0x5e0 ./ThirdParty/FreeRTOS/portable/MemMang/heap_4.o
                                       0xd371 (size before relaxing)

.comment        0x0000000000000000       0x50
 .comment       0x0000000000000000       0x50 ./Core/Src/main.o
                                         0x51 (size before relaxing)
 .comment       0x0000000000000050       0x51 ./Core/Src/stm32f0xx_hal_msp.o
 .comment       0x0000000000000050       0x51 ./Core/Src/stm32f0xx_hal_timebase_tim.o
 .comment       0x0000000000000050       0x51 ./Core/Src/stm32f0xx_it.o
 .comment       0x0000000000000050       0x51 ./Core/Src/system_stm32f0xx.o
 .comment       0x0000000000000050       0x51 ./Drivers/STM32F0xx_HAL_Driver/Src/stm32f0xx_hal.o
 .comment       0x0000000000000050       0x51 ./Drivers/STM32F0xx_HAL_Driver/Src/stm32f0xx_hal_cortex.o
 .comment       0x0000000000000050       0x51 ./Drivers/STM32F0xx_HAL_Driver/Src/stm32f0xx_hal_gpio.o
 .comment       0x0000000000000050       0x51 ./Drivers/STM32F0xx_HAL_Driver/Src/stm32f0xx_hal_rcc.o
 .comment       0x0000000000000050       0x51 ./Drivers/STM32F0xx_HAL_Driver/Src/stm32f0xx_hal_tim.o
 .comment       0x0000000000000050       0x51 ./Drivers/STM32F0xx_HAL_Driver/Src/stm32f0xx_hal_tim_ex.o
 .comment       0x0000000000000050       0x51 ./ThirdParty/FreeRTOS/list.o
 .comment       0x0000000000000050       0x51 ./ThirdParty/FreeRTOS/tasks.o
 .comment       0x0000000000000050       0x51 ./ThirdParty/FreeRTOS/portable/GCC/ARM_CM0/port.o
 .comment       0x0000000000000050       0x51 ./ThirdParty/FreeRTOS/portable/MemMang/heap_4.o

.debug_frame    0x0000000000000000     0x2c30
 .debug_frame   0x0000000000000000      0x32c ./Core/Src/main.o
 .debug_frame   0x000000000000032c       0x30 ./Core/Src/stm32f0xx_hal_msp.o
 .debug_frame   0x000000000000035c       0x6c ./Core/Src/stm32f0xx_hal_timebase_tim.o
 .debug_frame   0x00000000000003c8       0x64 ./Core/Src/stm32f0xx_it.o
 .debug_frame   0x000000000000042c       0x4c ./Core/Src/system_stm32f0xx.o
 .debug_frame   0x0000000000000478      0x2a4 ./Drivers/STM32F0xx_HAL_Driver/Src/stm32f0xx_hal.o
 .debug_frame   0x000000000000071c      0x2a0 ./Drivers/STM32F0xx_HAL_Driver/Src/stm32f0xx_hal_cortex.o
 .debug_frame   0x00000000000009bc      0x110 ./Drivers/STM32F0xx_HAL_Driver/Src/stm32f0xx_hal_gpio.o
 .debug_frame   0x0000000000000acc      0x198 ./Drivers/STM32F0xx_HAL_Driver/Src/stm32f0xx_hal_rcc.o
 .debug_frame   0x0000000000000c64      0xf00 ./Drivers/STM32F0xx_HAL_Driver/Src/stm32f0xx_hal_tim.o
 .debug_frame   0x0000000000001b64      0x560 ./Drivers/STM32F0xx_HAL_Driver/Src/stm32f0xx_hal_tim_ex.o
 .debug_frame   0x00000000000020c4       0xb0 ./ThirdParty/FreeRTOS/list.o
 .debug_frame   0x0000000000002174      0x7b8 ./ThirdParty/FreeRTOS/tasks.o
 .debug_frame   0x000000000000292c      0x174 ./ThirdParty/FreeRTOS/portable/GCC/ARM_CM0/port.o
 .debug_frame   0x0000000000002aa0      0x124 ./ThirdParty/FreeRTOS/portable/MemMang/heap_4.o
 .debug_frame   0x0000000000002bc4       0x2c /home/danimt/st/stm32cubeide_1.10.1/plugins/com.st.stm32cube.ide.mcu.externaltools.gnu-tools-for-stm32.10.3-2021.10.linux64_1.0.0.202111181127/tools/bin/../lib/gcc/arm-none-eabi/10.3.1/../../../../arm-none-eabi/lib/thumb/v6-m/nofp/libc_nano.a(lib_a-init.o)
 .debug_frame   0x0000000000002bf0       0x20 /home/danimt/st/stm32cubeide_1.10.1/plugins/com.st.stm32cube.ide.mcu.externaltools.gnu-tools-for-stm32.10.3-2021.10.linux64_1.0.0.202111181127/tools/bin/../lib/gcc/arm-none-eabi/10.3.1/../../../../arm-none-eabi/lib/thumb/v6-m/nofp/libc_nano.a(lib_a-memset.o)
 .debug_frame   0x0000000000002c10       0x20 /home/danimt/st/stm32cubeide_1.10.1/plugins/com.st.stm32cube.ide.mcu.externaltools.gnu-tools-for-stm32.10.3-2021.10.linux64_1.0.0.202111181127/tools/bin/../lib/gcc/arm-none-eabi/10.3.1/thumb/v6-m/nofp/libgcc.a(_udivsi3.o)
