../myDrivers/SrcDrivers/i2c.c:21:6:I2C_ClockControl	16	static
../myDrivers/SrcDrivers/i2c.c:41:6:I2C_Init	16	static
../myDrivers/SrcDrivers/i2c.c:61:6:I2C_EnableDisable	16	static
../myDrivers/SrcDrivers/i2c.c:72:6:I2C_Reset	16	static
../myDrivers/SrcDrivers/i2c.c:90:6:I2C_IRQ_EnableDisable	16	static
../myDrivers/SrcDrivers/i2c.c:99:6:I2C_IRQ_Priority	16	static
../myDrivers/SrcDrivers/i2c.c:103:6:I2C_IRQ_Handling	16	static
../myDrivers/SrcDrivers/i2c.c:137:13:I2C_SlaveAddress	16	static
../myDrivers/SrcDrivers/i2c.c:149:6:I2C_Master_Transmitter	16	static
../myDrivers/SrcDrivers/i2c.c:209:6:I2C_Master_Receiver	16	static
../myDrivers/SrcDrivers/i2c.c:269:6:I2C_Master_Manual_Stop	16	static
../myDrivers/SrcDrivers/i2c.c:276:13:I2C_TXIS_handler	16	static
../myDrivers/SrcDrivers/i2c.c:305:13:I2C_RXNE_handler	16	static
../myDrivers/SrcDrivers/i2c.c:335:13:I2C_BERR_handler	16	static
../myDrivers/SrcDrivers/i2c.c:348:13:I2C_STOP_handler	16	static
../myDrivers/SrcDrivers/i2c.c:363:13:I2C_TC_handler	16	static
../myDrivers/SrcDrivers/i2c.c:373:13:I2C_TCR_handler	16	static
../myDrivers/SrcDrivers/i2c.c:384:28:I2C_App_Callback	16	static
../myDrivers/SrcDrivers/i2c.c:389:6:I2C_Master_TimingR	24	static
