../myDrivers/SrcDrivers/i2c.c:21:6:I2C_ClockControl	16	static
../myDrivers/SrcDrivers/i2c.c:41:6:I2C_Init	16	static
../myDrivers/SrcDrivers/i2c.c:60:6:I2C_EnableDisable	16	static
../myDrivers/SrcDrivers/i2c.c:71:6:I2C_Reset	16	static
../myDrivers/SrcDrivers/i2c.c:89:6:I2C_IRQ_EnableDisable	16	static
../myDrivers/SrcDrivers/i2c.c:98:6:I2C_IRQ_Priority	16	static
../myDrivers/SrcDrivers/i2c.c:102:6:I2C_IRQ_Handling	16	static
../myDrivers/SrcDrivers/i2c.c:130:13:I2C_SlaveAddress	16	static
../myDrivers/SrcDrivers/i2c.c:142:6:I2C_Master_Transmitter	16	static
../myDrivers/SrcDrivers/i2c.c:194:6:I2C_Master_Receiver	16	static
../myDrivers/SrcDrivers/i2c.c:247:6:I2C_Master_Manual_Stop	16	static
../myDrivers/SrcDrivers/i2c.c:254:13:I2C_TXIS_handler	16	static
../myDrivers/SrcDrivers/i2c.c:272:13:I2C_RXNE_handler	16	static
../myDrivers/SrcDrivers/i2c.c:291:13:I2C_BERR_handler	16	static
../myDrivers/SrcDrivers/i2c.c:302:13:I2C_STOP_handler	16	static
../myDrivers/SrcDrivers/i2c.c:317:13:I2C_TC_handler	16	static
../myDrivers/SrcDrivers/i2c.c:327:13:I2C_TCR_handler	16	static
../myDrivers/SrcDrivers/i2c.c:338:28:I2C_App_Callback	16	static
