../myDrivers/SrcDrivers/i2c.c:21:6:I2C_ClockControl	16	static
../myDrivers/SrcDrivers/i2c.c:41:6:I2C_Init	16	static
../myDrivers/SrcDrivers/i2c.c:61:6:I2C_EnableDisable	16	static
../myDrivers/SrcDrivers/i2c.c:72:6:I2C_Reset	16	static
../myDrivers/SrcDrivers/i2c.c:90:6:I2C_IRQ_EnableDisable	16	static
../myDrivers/SrcDrivers/i2c.c:99:6:I2C_IRQ_Priority	32	static
../myDrivers/SrcDrivers/i2c.c:115:6:I2C_IRQ_Handling	16	static
../myDrivers/SrcDrivers/i2c.c:150:13:I2C_SlaveAddress	16	static
../myDrivers/SrcDrivers/i2c.c:162:6:I2C_Start	16	static
../myDrivers/SrcDrivers/i2c.c:166:6:I2C_Master_Transmitter	32	static
../myDrivers/SrcDrivers/i2c.c:227:6:I2C_Master_Receiver	32	static
../myDrivers/SrcDrivers/i2c.c:289:6:I2C_Master_Manual_Stop	16	static
../myDrivers/SrcDrivers/i2c.c:296:13:I2C_TXIS_handler	16	static
../myDrivers/SrcDrivers/i2c.c:314:13:I2C_RXNE_handler	16	static
../myDrivers/SrcDrivers/i2c.c:336:13:I2C_BERR_handler	16	static
../myDrivers/SrcDrivers/i2c.c:347:13:I2C_STOP_handler	16	static
../myDrivers/SrcDrivers/i2c.c:363:13:I2C_TC_handler	16	static
../myDrivers/SrcDrivers/i2c.c:373:13:I2C_TCR_handler	16	static
../myDrivers/SrcDrivers/i2c.c:384:28:I2C_App_Callback	16	static
../myDrivers/SrcDrivers/i2c.c:389:6:I2C_Master_TimingR	24	static
