../myDrivers/SrcDrivers/spi.c:16:6:SPI_ClockControl	16	static
../myDrivers/SrcDrivers/spi.c:36:6:SPI_Init	16	static
../myDrivers/SrcDrivers/spi.c:85:6:SPI_EnableDisable	16	static
../myDrivers/SrcDrivers/spi.c:96:6:SPI_Reset	16	static
../myDrivers/SrcDrivers/spi.c:106:6:SPI_SSI	16	static
../myDrivers/SrcDrivers/spi.c:116:6:SPI_SSOE	16	static
../myDrivers/SrcDrivers/spi.c:126:9:SPI_GetFlagStatus	16	static
../myDrivers/SrcDrivers/spi.c:139:6:SPI_IRQ_EnableDisable	16	static
../myDrivers/SrcDrivers/spi.c:148:6:SPI_IRQ_Priority	32	static
../myDrivers/SrcDrivers/spi.c:164:6:SPI_IRQ_Handling	16	static
../myDrivers/SrcDrivers/spi.c:195:13:SPI_TXE_handler	16	static
../myDrivers/SrcDrivers/spi.c:223:13:SPI_RXNE_handler	16	static
../myDrivers/SrcDrivers/spi.c:248:13:SPI_OVR_handler	24	static
../myDrivers/SrcDrivers/spi.c:261:6:SPI_Send	24	static
../myDrivers/SrcDrivers/spi.c:270:6:SPI_Read	24	static
../myDrivers/SrcDrivers/spi.c:281:28:SPI_App_Callback	16	static
../myDrivers/SrcDrivers/spi.c:286:6:SPI_ClearOVRFlag	24	static
