../Src/train_LCD_timers.c:122:6:delay	24	static
../Src/train_LCD_timers.c:141:5:main	8	static
../Src/train_LCD_timers.c:224:6:EXTI2_3_IRQHandler	8	static
../Src/train_LCD_timers.c:252:6:EXTI4_15_IRQHandler	8	static
../Src/train_LCD_timers.c:271:6:SPI1_IRQHandler	8	static
../Src/train_LCD_timers.c:285:6:I2C1_IRQHandler	8	static
../Src/train_LCD_timers.c:289:6:I2C_App_Callback	16	static
../Src/train_LCD_timers.c:322:6:TIM7_IRQHandler	8	static
../Src/train_LCD_timers.c:326:6:BasicTimer_App_Callback	16	static
../Src/train_LCD_timers.c:340:6:peripheral_Config_Ini	32	static
../Src/train_LCD_timers.c:498:6:configureADS1115	16	static
../Src/train_LCD_timers.c:536:6:spi_appComm	24	static
