../Src/train_LCD_timers.c:122:6:delay	24	static
../Src/train_LCD_timers.c:141:5:main	8	static
../Src/train_LCD_timers.c:227:6:EXTI2_3_IRQHandler	8	static
../Src/train_LCD_timers.c:255:6:EXTI4_15_IRQHandler	8	static
../Src/train_LCD_timers.c:274:6:SPI1_IRQHandler	8	static
../Src/train_LCD_timers.c:288:6:I2C1_IRQHandler	8	static
../Src/train_LCD_timers.c:292:6:I2C_App_Callback	16	static
../Src/train_LCD_timers.c:325:6:TIM7_IRQHandler	8	static
../Src/train_LCD_timers.c:329:6:BasicTimer_App_Callback	16	static
../Src/train_LCD_timers.c:343:6:peripheral_Config_Ini	32	static
../Src/train_LCD_timers.c:501:6:configureADS1115	16	static
../Src/train_LCD_timers.c:539:6:spi_appComm	16	static
