../Core/Src/main.c:123:5:main	184	static,ignoring_inline_asm
../Core/Src/main.c:205:6:SystemClock_Config	88	static
../Core/Src/main.c:240:13:MX_GPIO_Init	48	static
../Core/Src/main.c:277:6:onEntry_Off	8	static
../Core/Src/main.c:278:6:during_Off	8	static
../Core/Src/main.c:279:6:onExit_Off	8	static
../Core/Src/main.c:280:6:onEntry_On	8	static
../Core/Src/main.c:281:6:during_On	8	static
../Core/Src/main.c:282:6:onExit_On	8	static
../Core/Src/main.c:283:6:onEntry_Emergency	8	static
../Core/Src/main.c:284:6:during_Emergency	8	static
../Core/Src/main.c:285:6:onExit_Emergency	8	static
../Core/Src/main.c:287:9:evaluate_Event_Off_to_On	8	static
../Core/Src/main.c:290:9:evaluate_Event_Off_to_Emergency	8	static
../Core/Src/main.c:293:9:evaluate_Event_Off_Off	8	static
../Core/Src/main.c:296:9:evaluate_Event_On_to_Off	8	static
../Core/Src/main.c:299:9:evaluate_Event_On_to_Emergency	8	static
../Core/Src/main.c:302:9:evaluate_Event_On_On	8	static
../Core/Src/main.c:305:9:evaluate_Event_Emergency_to_Off	8	static
../Core/Src/main.c:308:9:evaluate_Event_Emergency_to_On	8	static
../Core/Src/main.c:311:9:evaluate_Event_Emergency_Emergency	8	static
../Core/Src/main.c:315:13:FSM_task_handler	16	static
../Core/Src/main.c:319:13:Motor_Control_task_handler	16	static
../Core/Src/main.c:323:13:Read_Temperature_task_handler	16	static
../Core/Src/main.c:327:13:LCD_Arduino_task_handler	16	static
../Core/Src/main.c:341:6:HAL_TIM_PeriodElapsedCallback	16	static
../Core/Src/main.c:358:6:Error_Handler	8	static,ignoring_inline_asm
