../Core/Src/main.c:158:1:__io_putchar	16	static
../Core/Src/main.c:198:5:main	24	static,ignoring_inline_asm
../Core/Src/main.c:276:6:SystemClock_Config	112	static
../Core/Src/main.c:321:13:MX_I2C1_Init	8	static
../Core/Src/main.c:369:13:MX_USART2_UART_Init	8	static
../Core/Src/main.c:404:13:MX_GPIO_Init	56	static
../Core/Src/main.c:463:6:onEntry_Off	8	static
../Core/Src/main.c:469:6:during_Off	8	static
../Core/Src/main.c:470:6:onExit_Off	8	static
../Core/Src/main.c:471:6:onEntry_On	8	static
../Core/Src/main.c:477:6:during_On	8	static
../Core/Src/main.c:478:6:onExit_On	8	static
../Core/Src/main.c:479:6:onEntry_Emergency	8	static
../Core/Src/main.c:485:6:during_Emergency	8	static
../Core/Src/main.c:486:6:onExit_Emergency	8	static
../Core/Src/main.c:488:9:evaluate_Event_Off_to_On	8	static
../Core/Src/main.c:496:9:evaluate_Event_Off_to_Emergency	8	static
../Core/Src/main.c:504:9:evaluate_Event_Off_Off	8	static
../Core/Src/main.c:510:9:evaluate_Event_On_to_Off	8	static
../Core/Src/main.c:518:9:evaluate_Event_On_to_Emergency	8	static
../Core/Src/main.c:526:9:evaluate_Event_On_On	8	static
../Core/Src/main.c:532:9:evaluate_Event_Emergency_to_Off	8	static
../Core/Src/main.c:542:9:evaluate_Event_Emergency_to_On	8	static
../Core/Src/main.c:551:9:evaluate_Event_Emergency_Emergency	8	static
../Core/Src/main.c:558:13:FSM_task_handler	32	static
../Core/Src/main.c:600:13:Motor_Control_task_handler	16	static
../Core/Src/main.c:628:13:Read_Temperature_task_handler	24	static
../Core/Src/main.c:681:13:LCD_Arduino_task_handler	24	static
../Core/Src/main.c:700:6:HAL_GPIO_EXTI_Callback	24	static
../Core/Src/main.c:725:6:HAL_I2C_MasterRxCpltCallback	24	static
../Core/Src/main.c:743:6:HAL_I2C_MasterTxCpltCallback	16	static
../Core/Src/main.c:759:6:HAL_TIM_PeriodElapsedCallback	16	static
../Core/Src/main.c:776:6:Error_Handler	8	static,ignoring_inline_asm
