../Core/Src/main.c:129:1:__io_putchar	16	static
../Core/Src/main.c:180:5:main	24	static,ignoring_inline_asm
../Core/Src/main.c:255:6:SystemClock_Config	112	static
../Core/Src/main.c:297:13:MX_USART2_UART_Init	8	static
../Core/Src/main.c:332:13:MX_GPIO_Init	56	static
../Core/Src/main.c:399:6:onEntry_Off	8	static
../Core/Src/main.c:405:6:during_Off	8	static
../Core/Src/main.c:406:6:onExit_Off	8	static
../Core/Src/main.c:407:6:onEntry_On	8	static
../Core/Src/main.c:413:6:during_On	8	static
../Core/Src/main.c:414:6:onExit_On	8	static
../Core/Src/main.c:415:6:onEntry_Emergency	8	static
../Core/Src/main.c:421:6:during_Emergency	8	static
../Core/Src/main.c:422:6:onExit_Emergency	8	static
../Core/Src/main.c:424:9:evaluate_Event_Off_to_On	8	static
../Core/Src/main.c:432:9:evaluate_Event_Off_to_Emergency	8	static
../Core/Src/main.c:440:9:evaluate_Event_Off_Off	8	static
../Core/Src/main.c:446:9:evaluate_Event_On_to_Off	8	static
../Core/Src/main.c:454:9:evaluate_Event_On_to_Emergency	8	static
../Core/Src/main.c:462:9:evaluate_Event_On_On	8	static
../Core/Src/main.c:468:9:evaluate_Event_Emergency_to_Off	8	static
../Core/Src/main.c:478:9:evaluate_Event_Emergency_to_On	8	static
../Core/Src/main.c:487:9:evaluate_Event_Emergency_Emergency	8	static
../Core/Src/main.c:494:13:FSM_task_handler	32	static
../Core/Src/main.c:536:13:Motor_Control_task_handler	16	static
../Core/Src/main.c:564:13:Read_Temperature_task_handler	24	static
../Core/Src/main.c:585:13:LCD_Arduino_task_handler	24	static
../Core/Src/main.c:604:6:HAL_GPIO_EXTI_Callback	24	static
../Core/Src/main.c:638:6:HAL_TIM_PeriodElapsedCallback	16	static
../Core/Src/main.c:655:6:Error_Handler	8	static,ignoring_inline_asm
