Archive member included to satisfy reference by file (symbol)

c:/st/stm32cubeide_1.9.0/stm32cubeide/plugins/com.st.stm32cube.ide.mcu.externaltools.gnu-tools-for-stm32.10.3-2021.10.win32_1.0.0.202111181127/tools/bin/../lib/gcc/arm-none-eabi/10.3.1/../../../../arm-none-eabi/lib/thumb/v6-m/nofp\libc_nano.a(lib_a-errno.o)
                              ./Src/sysmem.o (__errno)
c:/st/stm32cubeide_1.9.0/stm32cubeide/plugins/com.st.stm32cube.ide.mcu.externaltools.gnu-tools-for-stm32.10.3-2021.10.win32_1.0.0.202111181127/tools/bin/../lib/gcc/arm-none-eabi/10.3.1/../../../../arm-none-eabi/lib/thumb/v6-m/nofp\libc_nano.a(lib_a-exit.o)
                              c:/st/stm32cubeide_1.9.0/stm32cubeide/plugins/com.st.stm32cube.ide.mcu.externaltools.gnu-tools-for-stm32.10.3-2021.10.win32_1.0.0.202111181127/tools/bin/../lib/gcc/arm-none-eabi/10.3.1/../../../../arm-none-eabi/lib/thumb/v6-m/nofp/rdimon-crt0.o (exit)
c:/st/stm32cubeide_1.9.0/stm32cubeide/plugins/com.st.stm32cube.ide.mcu.externaltools.gnu-tools-for-stm32.10.3-2021.10.win32_1.0.0.202111181127/tools/bin/../lib/gcc/arm-none-eabi/10.3.1/../../../../arm-none-eabi/lib/thumb/v6-m/nofp\libc_nano.a(lib_a-impure.o)
                              c:/st/stm32cubeide_1.9.0/stm32cubeide/plugins/com.st.stm32cube.ide.mcu.externaltools.gnu-tools-for-stm32.10.3-2021.10.win32_1.0.0.202111181127/tools/bin/../lib/gcc/arm-none-eabi/10.3.1/../../../../arm-none-eabi/lib/thumb/v6-m/nofp\libc_nano.a(lib_a-exit.o) (_global_impure_ptr)
c:/st/stm32cubeide_1.9.0/stm32cubeide/plugins/com.st.stm32cube.ide.mcu.externaltools.gnu-tools-for-stm32.10.3-2021.10.win32_1.0.0.202111181127/tools/bin/../lib/gcc/arm-none-eabi/10.3.1/../../../../arm-none-eabi/lib/thumb/v6-m/nofp\libc_nano.a(lib_a-init.o)
                              c:/st/stm32cubeide_1.9.0/stm32cubeide/plugins/com.st.stm32cube.ide.mcu.externaltools.gnu-tools-for-stm32.10.3-2021.10.win32_1.0.0.202111181127/tools/bin/../lib/gcc/arm-none-eabi/10.3.1/../../../../arm-none-eabi/lib/thumb/v6-m/nofp/rdimon-crt0.o (__libc_init_array)
c:/st/stm32cubeide_1.9.0/stm32cubeide/plugins/com.st.stm32cube.ide.mcu.externaltools.gnu-tools-for-stm32.10.3-2021.10.win32_1.0.0.202111181127/tools/bin/../lib/gcc/arm-none-eabi/10.3.1/../../../../arm-none-eabi/lib/thumb/v6-m/nofp\libc_nano.a(lib_a-memset.o)
                              c:/st/stm32cubeide_1.9.0/stm32cubeide/plugins/com.st.stm32cube.ide.mcu.externaltools.gnu-tools-for-stm32.10.3-2021.10.win32_1.0.0.202111181127/tools/bin/../lib/gcc/arm-none-eabi/10.3.1/../../../../arm-none-eabi/lib/thumb/v6-m/nofp/rdimon-crt0.o (memset)
c:/st/stm32cubeide_1.9.0/stm32cubeide/plugins/com.st.stm32cube.ide.mcu.externaltools.gnu-tools-for-stm32.10.3-2021.10.win32_1.0.0.202111181127/tools/bin/../lib/gcc/arm-none-eabi/10.3.1/../../../../arm-none-eabi/lib/thumb/v6-m/nofp\librdimon_nano.a(rdimon-syscalls.o)
                              c:/st/stm32cubeide_1.9.0/stm32cubeide/plugins/com.st.stm32cube.ide.mcu.externaltools.gnu-tools-for-stm32.10.3-2021.10.win32_1.0.0.202111181127/tools/bin/../lib/gcc/arm-none-eabi/10.3.1/../../../../arm-none-eabi/lib/thumb/v6-m/nofp/rdimon-crt0.o (initialise_monitor_handles)
c:/st/stm32cubeide_1.9.0/stm32cubeide/plugins/com.st.stm32cube.ide.mcu.externaltools.gnu-tools-for-stm32.10.3-2021.10.win32_1.0.0.202111181127/tools/bin/../lib/gcc/arm-none-eabi/10.3.1/../../../../arm-none-eabi/lib/thumb/v6-m/nofp\librdimon_nano.a(rdimon-_exit.o)
                              c:/st/stm32cubeide_1.9.0/stm32cubeide/plugins/com.st.stm32cube.ide.mcu.externaltools.gnu-tools-for-stm32.10.3-2021.10.win32_1.0.0.202111181127/tools/bin/../lib/gcc/arm-none-eabi/10.3.1/../../../../arm-none-eabi/lib/thumb/v6-m/nofp\libc_nano.a(lib_a-exit.o) (_exit)
c:/st/stm32cubeide_1.9.0/stm32cubeide/plugins/com.st.stm32cube.ide.mcu.externaltools.gnu-tools-for-stm32.10.3-2021.10.win32_1.0.0.202111181127/tools/bin/../lib/gcc/arm-none-eabi/10.3.1/../../../../arm-none-eabi/lib/thumb/v6-m/nofp\librdimon_nano.a(rdimon-_kill.o)
                              c:/st/stm32cubeide_1.9.0/stm32cubeide/plugins/com.st.stm32cube.ide.mcu.externaltools.gnu-tools-for-stm32.10.3-2021.10.win32_1.0.0.202111181127/tools/bin/../lib/gcc/arm-none-eabi/10.3.1/../../../../arm-none-eabi/lib/thumb/v6-m/nofp\librdimon_nano.a(rdimon-_exit.o) (_kill_shared)
c:/st/stm32cubeide_1.9.0/stm32cubeide/plugins/com.st.stm32cube.ide.mcu.externaltools.gnu-tools-for-stm32.10.3-2021.10.win32_1.0.0.202111181127/tools/bin/../lib/gcc/arm-none-eabi/10.3.1/../../../../arm-none-eabi/lib/thumb/v6-m/nofp\libc_nano.a(lib_a-findfp.o)
                              c:/st/stm32cubeide_1.9.0/stm32cubeide/plugins/com.st.stm32cube.ide.mcu.externaltools.gnu-tools-for-stm32.10.3-2021.10.win32_1.0.0.202111181127/tools/bin/../lib/gcc/arm-none-eabi/10.3.1/../../../../arm-none-eabi/lib/thumb/v6-m/nofp\librdimon_nano.a(rdimon-syscalls.o) (__sinit)
[...]
Memory Configuration

Name             Origin             Length             Attributes
RAM              0x0000000020000000 0x0000000000008000 xrw
FLASH            0x0000000008000000 0x0000000000040000 xr
*default*        0x0000000000000000 0xffffffffffffffff

Linker script and memory map

LOAD c:/st/stm32cubeide_1.9.0/stm32cubeide/plugins/com.st.stm32cube.ide.mcu.externaltools.gnu-tools-for-stm32.10.3-2021.10.win32_1.0.0.202111181127/tools/bin/../lib/gcc/arm-none-eabi/10.3.1/thumb/v6-m/nofp/crti.o
LOAD c:/st/stm32cubeide_1.9.0/stm32cubeide/plugins/com.st.stm32cube.ide.mcu.externaltools.gnu-tools-for-stm32.10.3-2021.10.win32_1.0.0.202111181127/tools/bin/../lib/gcc/arm-none-eabi/10.3.1/thumb/v6-m/nofp/crtbegin.o
LOAD c:/st/stm32cubeide_1.9.0/stm32cubeide/plugins/com.st.stm32cube.ide.mcu.externaltools.gnu-tools-for-stm32.10.3-2021.10.win32_1.0.0.202111181127/tools/bin/../lib/gcc/arm-none-eabi/10.3.1/../../../../arm-none-eabi/lib/thumb/v6-m/nofp/rdimon-crt0.o
LOAD ./Src/sysmem.o
LOAD ./Src/trainSPI_Arduino_NOdebug.o
LOAD ./Startup/startup_stm32f091rctx.o
LOAD ./myDrivers/SrcDrivers/gpio.o
LOAD ./myDrivers/SrcDrivers/spi.o
LOAD c:/st/stm32cubeide_1.9.0/stm32cubeide/plugins/com.st.stm32cube.ide.mcu.externaltools.gnu-tools-for-stm32.10.3-2021.10.win32_1.0.0.202111181127/tools/bin/../lib/gcc/arm-none-eabi/10.3.1/../../../../arm-none-eabi/lib/thumb/v6-m/nofp\libc_nano.a
LOAD c:/st/stm32cubeide_1.9.0/stm32cubeide/plugins/com.st.stm32cube.ide.mcu.externaltools.gnu-tools-for-stm32.10.3-2021.10.win32_1.0.0.202111181127/tools/bin/../lib/gcc/arm-none-eabi/10.3.1/../../../../arm-none-eabi/lib/thumb/v6-m/nofp\librdimon_nano.a
START GROUP
LOAD c:/st/stm32cubeide_1.9.0/stm32cubeide/plugins/com.st.stm32cube.ide.mcu.externaltools.gnu-tools-for-stm32.10.3-2021.10.win32_1.0.0.202111181127/tools/bin/../lib/gcc/arm-none-eabi/10.3.1/../../../../arm-none-eabi/lib/thumb/v6-m/nofp\libc_nano.a
LOAD c:/st/stm32cubeide_1.9.0/stm32cubeide/plugins/com.st.stm32cube.ide.mcu.externaltools.gnu-tools-for-stm32.10.3-2021.10.win32_1.0.0.202111181127/tools/bin/../lib/gcc/arm-none-eabi/10.3.1/../../../../arm-none-eabi/lib/thumb/v6-m/nofp\libm.a
END GROUP
START GROUP
LOAD c:/st/stm32cubeide_1.9.0/stm32cubeide/plugins/com.st.stm32cube.ide.mcu.externaltools.gnu-tools-for-stm32.10.3-2021.10.win32_1.0.0.202111181127/tools/bin/../lib/gcc/arm-none-eabi/10.3.1/thumb/v6-m/nofp\libgcc.a
LOAD c:/st/stm32cubeide_1.9.0/stm32cubeide/plugins/com.st.stm32cube.ide.mcu.externaltools.gnu-tools-for-stm32.10.3-2021.10.win32_1.0.0.202111181127/tools/bin/../lib/gcc/arm-none-eabi/10.3.1/../../../../arm-none-eabi/lib/thumb/v6-m/nofp\libc_nano.a
END GROUP
START GROUP
LOAD c:/st/stm32cubeide_1.9.0/stm32cubeide/plugins/com.st.stm32cube.ide.mcu.externaltools.gnu-tools-for-stm32.10.3-2021.10.win32_1.0.0.202111181127/tools/bin/../lib/gcc/arm-none-eabi/10.3.1/thumb/v6-m/nofp\libgcc.a
LOAD c:/st/stm32cubeide_1.9.0/stm32cubeide/plugins/com.st.stm32cube.ide.mcu.externaltools.gnu-tools-for-stm32.10.3-2021.10.win32_1.0.0.202111181127/tools/bin/../lib/gcc/arm-none-eabi/10.3.1/../../../../arm-none-eabi/lib/thumb/v6-m/nofp\libc_nano.a
LOAD c:/st/stm32cubeide_1.9.0/stm32cubeide/plugins/com.st.stm32cube.ide.mcu.externaltools.gnu-tools-for-stm32.10.3-2021.10.win32_1.0.0.202111181127/tools/bin/../lib/gcc/arm-none-eabi/10.3.1/../../../../arm-none-eabi/lib/thumb/v6-m/nofp\libnosys.a
END GROUP
START GROUP
LOAD c:/st/stm32cubeide_1.9.0/stm32cubeide/plugins/com.st.stm32cube.ide.mcu.externaltools.gnu-tools-for-stm32.10.3-2021.10.win32_1.0.0.202111181127/tools/bin/../lib/gcc/arm-none-eabi/10.3.1/thumb/v6-m/nofp\libgcc.a
LOAD c:/st/stm32cubeide_1.9.0/stm32cubeide/plugins/com.st.stm32cube.ide.mcu.externaltools.gnu-tools-for-stm32.10.3-2021.10.win32_1.0.0.202111181127/tools/bin/../lib/gcc/arm-none-eabi/10.3.1/../../../../arm-none-eabi/lib/thumb/v6-m/nofp\libc_nano.a
LOAD c:/st/stm32cubeide_1.9.0/stm32cubeide/plugins/com.st.stm32cube.ide.mcu.externaltools.gnu-tools-for-stm32.10.3-2021.10.win32_1.0.0.202111181127/tools/bin/../lib/gcc/arm-none-eabi/10.3.1/../../../../arm-none-eabi/lib/thumb/v6-m/nofp\librdimon_nano.a
END GROUP
START GROUP
LOAD c:/st/stm32cubeide_1.9.0/stm32cubeide/plugins/com.st.stm32cube.ide.mcu.externaltools.gnu-tools-for-stm32.10.3-2021.10.win32_1.0.0.202111181127/tools/bin/../lib/gcc/arm-none-eabi/10.3.1/thumb/v6-m/nofp\libgcc.a
LOAD c:/st/stm32cubeide_1.9.0/stm32cubeide/plugins/com.st.stm32cube.ide.mcu.externaltools.gnu-tools-for-stm32.10.3-2021.10.win32_1.0.0.202111181127/tools/bin/../lib/gcc/arm-none-eabi/10.3.1/../../../../arm-none-eabi/lib/thumb/v6-m/nofp\libc_nano.a
LOAD c:/st/stm32cubeide_1.9.0/stm32cubeide/plugins/com.st.stm32cube.ide.mcu.externaltools.gnu-tools-for-stm32.10.3-2021.10.win32_1.0.0.202111181127/tools/bin/../lib/gcc/arm-none-eabi/10.3.1/../../../../arm-none-eabi/lib/thumb/v6-m/nofp\librdimon_nano.a
LOAD c:/st/stm32cubeide_1.9.0/stm32cubeide/plugins/com.st.stm32cube.ide.mcu.externaltools.gnu-tools-for-stm32.10.3-2021.10.win32_1.0.0.202111181127/tools/bin/../lib/gcc/arm-none-eabi/10.3.1/../../../../arm-none-eabi/lib/thumb/v6-m/nofp\libnosys.a
END GROUP
LOAD c:/st/stm32cubeide_1.9.0/stm32cubeide/plugins/com.st.stm32cube.ide.mcu.externaltools.gnu-tools-for-stm32.10.3-2021.10.win32_1.0.0.202111181127/tools/bin/../lib/gcc/arm-none-eabi/10.3.1/thumb/v6-m/nofp/crtend.o
LOAD c:/st/stm32cubeide_1.9.0/stm32cubeide/plugins/com.st.stm32cube.ide.mcu.externaltools.gnu-tools-for-stm32.10.3-2021.10.win32_1.0.0.202111181127/tools/bin/../lib/gcc/arm-none-eabi/10.3.1/thumb/v6-m/nofp/crtn.o
                0x0000000020008000                _estack = (ORIGIN (RAM) + LENGTH (RAM))
                0x0000000000000200                _Min_Heap_Size = 0x200
                0x0000000000000400                _Min_Stack_Size = 0x400

.isr_vector     0x0000000008000000       0xc0
                0x0000000008000000                . = ALIGN (0x4)
 *(.isr_vector)
 .isr_vector    0x0000000008000000       0xc0 ./Startup/startup_stm32f091rctx.o
                0x0000000008000000                g_pfnVectors
                0x00000000080000c0                . = ALIGN (0x4)

.text           0x00000000080000c0      0xfac
                0x00000000080000c0                . = ALIGN (0x4)
 *(.text)
 .text          0x00000000080000c0       0x48 c:/st/stm32cubeide_1.9.0/stm32cubeide/plugins/com.st.stm32cube.ide.mcu.externaltools.gnu-tools-for-stm32.10.3-2021.10.win32_1.0.0.202111181127/tools/bin/../lib/gcc/arm-none-eabi/10.3.1/thumb/v6-m/nofp/crtbegin.o
 *(.text*)
 .text.delay    0x0000000008000108       0x28 ./Src/trainSPI_Arduino_NOdebug.o
                0x0000000008000108                delay
 .text.main     0x0000000008000130      0x128 ./Src/trainSPI_Arduino_NOdebug.o
                0x0000000008000130                main
 .text.EXTI2_3_IRQHandler
                0x0000000008000258       0xb0 ./Src/trainSPI_Arduino_NOdebug.o
                0x0000000008000258                EXTI2_3_IRQHandler
 .text.EXTI4_15_IRQHandler
                0x0000000008000308       0x68 ./Src/trainSPI_Arduino_NOdebug.o
                0x0000000008000308                EXTI4_15_IRQHandler
 .text.SPI1_IRQHandler
                0x0000000008000370       0x18 ./Src/trainSPI_Arduino_NOdebug.o
                0x0000000008000370                SPI1_IRQHandler
 .text.peripheral_Config_Ini
                0x0000000008000388      0x19c ./Src/trainSPI_Arduino_NOdebug.o
                0x0000000008000388                peripheral_Config_Ini
 .text.Reset_Handler
                0x0000000008000524       0x50 ./Startup/startup_stm32f091rctx.o
                0x0000000008000524                Reset_Handler
 .text.Default_Handler
                0x0000000008000574        0x2 ./Startup/startup_stm32f091rctx.o
                0x0000000008000574                DMA1_CH4_5_6_7_DMA2_CH3_4_5_IRQHandler
                0x0000000008000574                TIM1_CC_IRQHandler
                0x0000000008000574                TSC_IRQHandler
                0x0000000008000574                HardFault_Handler
                0x0000000008000574                SysTick_Handler
                0x0000000008000574                PVD_IRQHandler
                0x0000000008000574                PendSV_Handler
                0x0000000008000574                NMI_Handler
                0x0000000008000574                I2C1_IRQHandler
                0x0000000008000574                RCC_CRS_IRQHandler
                0x0000000008000574                TIM6_DAC_IRQHandler
                0x0000000008000574                I2C2_IRQHandler
                0x0000000008000574                TIM17_IRQHandler
                0x0000000008000574                CEC_CAN_IRQHandler
                0x0000000008000574                RTC_IRQHandler
                0x0000000008000574                TIM16_IRQHandler
                0x0000000008000574                TIM3_IRQHandler
                0x0000000008000574                Default_Handler
                0x0000000008000574                DMA1_CH2_3_DMA2_CH1_2_IRQHandler
                0x0000000008000574                TIM14_IRQHandler
                0x0000000008000574                TIM7_IRQHandler
                0x0000000008000574                TIM15_IRQHandler
                0x0000000008000574                EXTI0_1_IRQHandler
                0x0000000008000574                USB_IRQHandler
                0x0000000008000574                SPI2_IRQHandler
                0x0000000008000574                DMA1_CH1_IRQHandler
                0x0000000008000574                SVC_Handler
                0x0000000008000574                WWDG_IRQHandler
                0x0000000008000574                TIM2_IRQHandler
                0x0000000008000574                ADC_COMP_IRQHandler
                0x0000000008000574                USART2_IRQHandler
                0x0000000008000574                USART3_4_5_6_7_8_IRQHandler
                0x0000000008000574                FLASH_IRQHandler
                0x0000000008000574                USART1_IRQHandler
                0x0000000008000574                TIM1_BRK_UP_TRG_COM_IRQHandler
 *fill*         0x0000000008000576        0x2 
 .text.GPIO_ClockControl
                0x0000000008000578      0x164 ./myDrivers/SrcDrivers/gpio.o
                0x0000000008000578                GPIO_ClockControl
 .text.GPIO_PinInit
                0x00000000080006dc      0x31c ./myDrivers/SrcDrivers/gpio.o
                0x00000000080006dc                GPIO_PinInit
 .text.GPIO_WritePin
                0x00000000080009f8       0x54 ./myDrivers/SrcDrivers/gpio.o
                0x00000000080009f8                GPIO_WritePin
 .text.GPIO_IRQ_EnableDisable
                0x0000000008000a4c       0x58 ./myDrivers/SrcDrivers/gpio.o
                0x0000000008000a4c                GPIO_IRQ_EnableDisable
 .text.GPIO_IRQ_Handling
                0x0000000008000aa4       0x40 ./myDrivers/SrcDrivers/gpio.o
                0x0000000008000aa4                GPIO_IRQ_Handling
 .text.SPI_ClockControl
                0x0000000008000ae4       0x94 ./myDrivers/SrcDrivers/spi.o
                0x0000000008000ae4                SPI_ClockControl
 .text.SPI_Init
                0x0000000008000b78      0x14c ./myDrivers/SrcDrivers/spi.o
                0x0000000008000b78                SPI_Init
 .text.SPI_EnableDisable
                0x0000000008000cc4       0x40 ./myDrivers/SrcDrivers/spi.o
                0x0000000008000cc4                SPI_EnableDisable
 .text.SPI_SSOE
                0x0000000008000d04       0x40 ./myDrivers/SrcDrivers/spi.o
                0x0000000008000d04                SPI_SSOE
 .text.SPI_IRQ_EnableDisable
                0x0000000008000d44       0x58 ./myDrivers/SrcDrivers/spi.o
                0x0000000008000d44                SPI_IRQ_EnableDisable
 .text.SPI_IRQ_Handling
                0x0000000008000d9c       0x70 ./myDrivers/SrcDrivers/spi.o
                0x0000000008000d9c                SPI_IRQ_Handling
 .text.SPI_TXE_handler
                0x0000000008000e0c       0x92 ./myDrivers/SrcDrivers/spi.o
 .text.SPI_RXNE_handler
                0x0000000008000e9e       0x96 ./myDrivers/SrcDrivers/spi.o
 .text.SPI_OVR_handler
                0x0000000008000f34       0x32 ./myDrivers/SrcDrivers/spi.o
 .text.SPI_Send
                0x0000000008000f66       0x3e ./myDrivers/SrcDrivers/spi.o
                0x0000000008000f66                SPI_Send
 .text.SPI_Read
                0x0000000008000fa4       0x42 ./myDrivers/SrcDrivers/spi.o
                0x0000000008000fa4                SPI_Read
 .text.SPI_App_Callback
                0x0000000008000fe6       0x16 ./myDrivers/SrcDrivers/spi.o
                0x0000000008000fe6                SPI_App_Callback
 .text.__libc_init_array
                0x0000000008000ffc       0x48 c:/st/stm32cubeide_1.9.0/stm32cubeide/plugins/com.st.stm32cube.ide.mcu.externaltools.gnu-tools-for-stm32.10.3-2021.10.win32_1.0.0.202111181127/tools/bin/../lib/gcc/arm-none-eabi/10.3.1/../../../../arm-none-eabi/lib/thumb/v6-m/nofp\libc_nano.a(lib_a-init.o)
                0x0000000008000ffc                __libc_init_array
 .text.memset   0x0000000008001044       0x10 c:/st/stm32cubeide_1.9.0/stm32cubeide/plugins/com.st.stm32cube.ide.mcu.externaltools.gnu-tools-for-stm32.10.3-2021.10.win32_1.0.0.202111181127/tools/bin/../lib/gcc/arm-none-eabi/10.3.1/../../../../arm-none-eabi/lib/thumb/v6-m/nofp\libc_nano.a(lib_a-memset.o)
                0x0000000008001044                memset
 *(.glue_7)
 .glue_7        0x0000000008001054        0x0 linker stubs
 *(.glue_7t)
 .glue_7t       0x0000000008001054        0x0 linker stubs
 *(.eh_frame)
 .eh_frame      0x0000000008001054        0x0 c:/st/stm32cubeide_1.9.0/stm32cubeide/plugins/com.st.stm32cube.ide.mcu.externaltools.gnu-tools-for-stm32.10.3-2021.10.win32_1.0.0.202111181127/tools/bin/../lib/gcc/arm-none-eabi/10.3.1/thumb/v6-m/nofp/crtbegin.o
 *(.init)
 .init          0x0000000008001054        0x4 c:/st/stm32cubeide_1.9.0/stm32cubeide/plugins/com.st.stm32cube.ide.mcu.externaltools.gnu-tools-for-stm32.10.3-2021.10.win32_1.0.0.202111181127/tools/bin/../lib/gcc/arm-none-eabi/10.3.1/thumb/v6-m/nofp/crti.o
                0x0000000008001054                _init
 .init          0x0000000008001058        0x8 c:/st/stm32cubeide_1.9.0/stm32cubeide/plugins/com.st.stm32cube.ide.mcu.externaltools.gnu-tools-for-stm32.10.3-2021.10.win32_1.0.0.202111181127/tools/bin/../lib/gcc/arm-none-eabi/10.3.1/thumb/v6-m/nofp/crtn.o
 *(.fini)
 .fini          0x0000000008001060        0x4 c:/st/stm32cubeide_1.9.0/stm32cubeide/plugins/com.st.stm32cube.ide.mcu.externaltools.gnu-tools-for-stm32.10.3-2021.10.win32_1.0.0.202111181127/tools/bin/../lib/gcc/arm-none-eabi/10.3.1/thumb/v6-m/nofp/crti.o
                0x0000000008001060                _fini
 .fini          0x0000000008001064        0x8 c:/st/stm32cubeide_1.9.0/stm32cubeide/plugins/com.st.stm32cube.ide.mcu.externaltools.gnu-tools-for-stm32.10.3-2021.10.win32_1.0.0.202111181127/tools/bin/../lib/gcc/arm-none-eabi/10.3.1/thumb/v6-m/nofp/crtn.o
                0x000000000800106c                . = ALIGN (0x4)
                0x000000000800106c                _etext = .

.vfp11_veneer   0x000000000800106c        0x0
 .vfp11_veneer  0x000000000800106c        0x0 linker stubs

.v4_bx          0x000000000800106c        0x0
 .v4_bx         0x000000000800106c        0x0 linker stubs

.iplt           0x000000000800106c        0x0
 .iplt          0x000000000800106c        0x0 c:/st/stm32cubeide_1.9.0/stm32cubeide/plugins/com.st.stm32cube.ide.mcu.externaltools.gnu-tools-for-stm32.10.3-2021.10.win32_1.0.0.202111181127/tools/bin/../lib/gcc/arm-none-eabi/10.3.1/thumb/v6-m/nofp/crtbegin.o

.rel.dyn        0x000000000800106c        0x0
 .rel.iplt      0x000000000800106c        0x0 c:/st/stm32cubeide_1.9.0/stm32cubeide/plugins/com.st.stm32cube.ide.mcu.externaltools.gnu-tools-for-stm32.10.3-2021.10.win32_1.0.0.202111181127/tools/bin/../lib/gcc/arm-none-eabi/10.3.1/thumb/v6-m/nofp/crtbegin.o

.rodata         0x000000000800106c        0x0
                0x000000000800106c                . = ALIGN (0x4)
 *(.rodata)
 *(.rodata*)
                0x000000000800106c                . = ALIGN (0x4)

.ARM.extab      0x000000000800106c        0x0
                0x000000000800106c                . = ALIGN (0x4)
 *(.ARM.extab* .gnu.linkonce.armextab.*)
                0x000000000800106c                . = ALIGN (0x4)

.ARM            0x000000000800106c        0x0
                0x000000000800106c                . = ALIGN (0x4)
                0x000000000800106c                __exidx_start = .
 *(.ARM.exidx*)
                0x000000000800106c                __exidx_end = .
                0x000000000800106c                . = ALIGN (0x4)

.preinit_array  0x000000000800106c        0x0
                0x000000000800106c                . = ALIGN (0x4)
                0x000000000800106c                PROVIDE (__preinit_array_start = .)
 *(.preinit_array*)
                0x000000000800106c                PROVIDE (__preinit_array_end = .)
                0x000000000800106c                . = ALIGN (0x4)

.init_array     0x000000000800106c        0x4
                0x000000000800106c                . = ALIGN (0x4)
                0x000000000800106c                PROVIDE (__init_array_start = .)
 *(SORT_BY_NAME(.init_array.*))
 *(.init_array*)
 .init_array    0x000000000800106c        0x4 c:/st/stm32cubeide_1.9.0/stm32cubeide/plugins/com.st.stm32cube.ide.mcu.externaltools.gnu-tools-for-stm32.10.3-2021.10.win32_1.0.0.202111181127/tools/bin/../lib/gcc/arm-none-eabi/10.3.1/thumb/v6-m/nofp/crtbegin.o
                0x0000000008001070                PROVIDE (__init_array_end = .)
                0x0000000008001070                . = ALIGN (0x4)

.fini_array     0x0000000008001070        0x4
                0x0000000008001070                . = ALIGN (0x4)
                [!provide]                        PROVIDE (__fini_array_start = .)
 *(SORT_BY_NAME(.fini_array.*))
 *(.fini_array*)
 .fini_array    0x0000000008001070        0x4 c:/st/stm32cubeide_1.9.0/stm32cubeide/plugins/com.st.stm32cube.ide.mcu.externaltools.gnu-tools-for-stm32.10.3-2021.10.win32_1.0.0.202111181127/tools/bin/../lib/gcc/arm-none-eabi/10.3.1/thumb/v6-m/nofp/crtbegin.o
                [!provide]                        PROVIDE (__fini_array_end = .)
                0x0000000008001074                . = ALIGN (0x4)
                0x0000000008001074                _sidata = LOADADDR (.data)

.data           0x0000000020000000        0x4 load address 0x0000000008001074
                0x0000000020000000                . = ALIGN (0x4)
                0x0000000020000000                _sdata = .
 *(.data)
 *(.data*)
 .data.dummy_byte
                0x0000000020000000        0x1 ./Src/trainSPI_Arduino_NOdebug.o
                0x0000000020000000                dummy_byte
 *(.RamFunc)
 *(.RamFunc*)
                0x0000000020000004                . = ALIGN (0x4)
 *fill*         0x0000000020000001        0x3 
                0x0000000020000004                _edata = .

.igot.plt       0x0000000020000004        0x0 load address 0x0000000008001078
 .igot.plt      0x0000000020000004        0x0 c:/st/stm32cubeide_1.9.0/stm32cubeide/plugins/com.st.stm32cube.ide.mcu.externaltools.gnu-tools-for-stm32.10.3-2021.10.win32_1.0.0.202111181127/tools/bin/../lib/gcc/arm-none-eabi/10.3.1/thumb/v6-m/nofp/crtbegin.o
                0x0000000020000004                . = ALIGN (0x4)

.bss            0x0000000020000004       0x70 load address 0x0000000008001078
                0x0000000020000004                _sbss = .
                0x0000000020000004                __bss_start__ = _sbss
 *(.bss)
 .bss           0x0000000020000004       0x1c c:/st/stm32cubeide_1.9.0/stm32cubeide/plugins/com.st.stm32cube.ide.mcu.externaltools.gnu-tools-for-stm32.10.3-2021.10.win32_1.0.0.202111181127/tools/bin/../lib/gcc/arm-none-eabi/10.3.1/thumb/v6-m/nofp/crtbegin.o
 *(.bss*)
 .bss.buttons   0x0000000020000020        0xc ./Src/trainSPI_Arduino_NOdebug.o
                0x0000000020000020                buttons
 .bss.leds      0x000000002000002c        0xc ./Src/trainSPI_Arduino_NOdebug.o
                0x000000002000002c                leds
 .bss.spiGPIOs  0x0000000020000038        0xc ./Src/trainSPI_Arduino_NOdebug.o
                0x0000000020000038                spiGPIOs
 .bss.spi1      0x0000000020000044       0x24 ./Src/trainSPI_Arduino_NOdebug.o
                0x0000000020000044                spi1
 .bss.currentState
                0x0000000020000068        0x1 ./Src/trainSPI_Arduino_NOdebug.o
                0x0000000020000068                currentState
 .bss.stateChanged
                0x0000000020000069        0x1 ./Src/trainSPI_Arduino_NOdebug.o
                0x0000000020000069                stateChanged
 *fill*         0x000000002000006a        0x2 
 .bss.myTXbuffer
                0x000000002000006c        0x2 ./Src/trainSPI_Arduino_NOdebug.o
                0x000000002000006c                myTXbuffer
 *fill*         0x000000002000006e        0x2 
 .bss.myRXbuffer
                0x0000000020000070        0x2 ./Src/trainSPI_Arduino_NOdebug.o
                0x0000000020000070                myRXbuffer
 *(COMMON)
                0x0000000020000074                . = ALIGN (0x4)
 *fill*         0x0000000020000072        0x2 
                0x0000000020000074                _ebss = .
                0x0000000020000074                __bss_end__ = _ebss

._user_heap_stack
                0x0000000020000074      0x604 load address 0x0000000008001078
                0x0000000020000078                . = ALIGN (0x8)
 *fill*         0x0000000020000074        0x4 
                0x0000000020000078                PROVIDE (end = .)
                0x0000000020000078                PROVIDE (_end = .)
                0x0000000020000278                . = (. + _Min_Heap_Size)
 *fill*         0x0000000020000078      0x200 
                0x0000000020000678                . = (. + _Min_Stack_Size)
 *fill*         0x0000000020000278      0x400 
                0x0000000020000678                . = ALIGN (0x8)

/DISCARD/
 libc.a(*)
 libm.a(*)
 libgcc.a(*)

.ARM.attributes
                0x0000000000000000       0x28
 *(.ARM.attributes)
 .ARM.attributes
                0x0000000000000000       0x1e c:/st/stm32cubeide_1.9.0/stm32cubeide/plugins/com.st.stm32cube.ide.mcu.externaltools.gnu-tools-for-stm32.10.3-2021.10.win32_1.0.0.202111181127/tools/bin/../lib/gcc/arm-none-eabi/10.3.1/thumb/v6-m/nofp/crti.o
 .ARM.attributes
                0x000000000000001e       0x2c c:/st/stm32cubeide_1.9.0/stm32cubeide/plugins/com.st.stm32cube.ide.mcu.externaltools.gnu-tools-for-stm32.10.3-2021.10.win32_1.0.0.202111181127/tools/bin/../lib/gcc/arm-none-eabi/10.3.1/thumb/v6-m/nofp/crtbegin.o
 .ARM.attributes
                0x000000000000004a       0x2c ./Src/trainSPI_Arduino_NOdebug.o
 .ARM.attributes
                0x0000000000000076       0x21 ./Startup/startup_stm32f091rctx.o
 .ARM.attributes
                0x0000000000000097       0x2c ./myDrivers/SrcDrivers/gpio.o
 .ARM.attributes
                0x00000000000000c3       0x2c ./myDrivers/SrcDrivers/spi.o
 .ARM.attributes
                0x00000000000000ef       0x2c c:/st/stm32cubeide_1.9.0/stm32cubeide/plugins/com.st.stm32cube.ide.mcu.externaltools.gnu-tools-for-stm32.10.3-2021.10.win32_1.0.0.202111181127/tools/bin/../lib/gcc/arm-none-eabi/10.3.1/../../../../arm-none-eabi/lib/thumb/v6-m/nofp\libc_nano.a(lib_a-init.o)
 .ARM.attributes
                0x000000000000011b       0x2c c:/st/stm32cubeide_1.9.0/stm32cubeide/plugins/com.st.stm32cube.ide.mcu.externaltools.gnu-tools-for-stm32.10.3-2021.10.win32_1.0.0.202111181127/tools/bin/../lib/gcc/arm-none-eabi/10.3.1/../../../../arm-none-eabi/lib/thumb/v6-m/nofp\libc_nano.a(lib_a-memset.o)
 .ARM.attributes
                0x0000000000000147       0x1e c:/st/stm32cubeide_1.9.0/stm32cubeide/plugins/com.st.stm32cube.ide.mcu.externaltools.gnu-tools-for-stm32.10.3-2021.10.win32_1.0.0.202111181127/tools/bin/../lib/gcc/arm-none-eabi/10.3.1/thumb/v6-m/nofp/crtn.o
OUTPUT(Train.elf elf32-littlearm)
LOAD linker stubs
LOAD c:/st/stm32cubeide_1.9.0/stm32cubeide/plugins/com.st.stm32cube.ide.mcu.externaltools.gnu-tools-for-stm32.10.3-2021.10.win32_1.0.0.202111181127/tools/bin/../lib/gcc/arm-none-eabi/10.3.1/../../../../arm-none-eabi/lib/thumb/v6-m/nofp\libc.a
LOAD c:/st/stm32cubeide_1.9.0/stm32cubeide/plugins/com.st.stm32cube.ide.mcu.externaltools.gnu-tools-for-stm32.10.3-2021.10.win32_1.0.0.202111181127/tools/bin/../lib/gcc/arm-none-eabi/10.3.1/../../../../arm-none-eabi/lib/thumb/v6-m/nofp\libm.a
LOAD c:/st/stm32cubeide_1.9.0/stm32cubeide/plugins/com.st.stm32cube.ide.mcu.externaltools.gnu-tools-for-stm32.10.3-2021.10.win32_1.0.0.202111181127/tools/bin/../lib/gcc/arm-none-eabi/10.3.1/thumb/v6-m/nofp\libgcc.a

.debug_info     0x0000000000000000     0x13af
 .debug_info    0x0000000000000000      0x6a0 ./Src/trainSPI_Arduino_NOdebug.o
 .debug_info    0x00000000000006a0       0x22 ./Startup/startup_stm32f091rctx.o
 .debug_info    0x00000000000006c2      0x607 ./myDrivers/SrcDrivers/gpio.o
 .debug_info    0x0000000000000cc9      0x6e6 ./myDrivers/SrcDrivers/spi.o

.debug_abbrev   0x0000000000000000      0x463
 .debug_abbrev  0x0000000000000000      0x1af ./Src/trainSPI_Arduino_NOdebug.o
 .debug_abbrev  0x00000000000001af       0x12 ./Startup/startup_stm32f091rctx.o
 .debug_abbrev  0x00000000000001c1      0x132 ./myDrivers/SrcDrivers/gpio.o
 .debug_abbrev  0x00000000000002f3      0x170 ./myDrivers/SrcDrivers/spi.o

.debug_aranges  0x0000000000000000      0x188
 .debug_aranges
                0x0000000000000000       0x50 ./Src/trainSPI_Arduino_NOdebug.o
 .debug_aranges
                0x0000000000000050       0x28 ./Startup/startup_stm32f091rctx.o
 .debug_aranges
                0x0000000000000078       0x70 ./myDrivers/SrcDrivers/gpio.o
 .debug_aranges
                0x00000000000000e8       0xa0 ./myDrivers/SrcDrivers/spi.o

.debug_ranges   0x0000000000000000      0x150
 .debug_ranges  0x0000000000000000       0x40 ./Src/trainSPI_Arduino_NOdebug.o
 .debug_ranges  0x0000000000000040       0x20 ./Startup/startup_stm32f091rctx.o
 .debug_ranges  0x0000000000000060       0x60 ./myDrivers/SrcDrivers/gpio.o
 .debug_ranges  0x00000000000000c0       0x90 ./myDrivers/SrcDrivers/spi.o

.debug_macro    0x0000000000000000     0x121c
 .debug_macro   0x0000000000000000      0x276 ./Src/trainSPI_Arduino_NOdebug.o
 .debug_macro   0x0000000000000276      0x341 ./Src/trainSPI_Arduino_NOdebug.o
 .debug_macro   0x00000000000005b7       0x10 ./Src/trainSPI_Arduino_NOdebug.o
 .debug_macro   0x00000000000005c7       0x35 ./Src/trainSPI_Arduino_NOdebug.o
 .debug_macro   0x00000000000005fc       0x20 ./Src/trainSPI_Arduino_NOdebug.o
 .debug_macro   0x000000000000061c       0x1c ./Src/trainSPI_Arduino_NOdebug.o
 .debug_macro   0x0000000000000638       0x10 ./Src/trainSPI_Arduino_NOdebug.o
 .debug_macro   0x0000000000000648       0x10 ./Src/trainSPI_Arduino_NOdebug.o
 .debug_macro   0x0000000000000658       0x1c ./Src/trainSPI_Arduino_NOdebug.o
 .debug_macro   0x0000000000000674       0x52 ./Src/trainSPI_Arduino_NOdebug.o
 .debug_macro   0x00000000000006c6       0x22 ./Src/trainSPI_Arduino_NOdebug.o
 .debug_macro   0x00000000000006e8       0x10 ./Src/trainSPI_Arduino_NOdebug.o
 .debug_macro   0x00000000000006f8       0x52 ./Src/trainSPI_Arduino_NOdebug.o
 .debug_macro   0x000000000000074a       0xd5 ./Src/trainSPI_Arduino_NOdebug.o
 .debug_macro   0x000000000000081f       0x1c ./Src/trainSPI_Arduino_NOdebug.o
 .debug_macro   0x000000000000083b       0x3d ./Src/trainSPI_Arduino_NOdebug.o
 .debug_macro   0x0000000000000878       0x16 ./Src/trainSPI_Arduino_NOdebug.o
 .debug_macro   0x000000000000088e      0x145 ./Src/trainSPI_Arduino_NOdebug.o
 .debug_macro   0x00000000000009d3      0x3ea ./Src/trainSPI_Arduino_NOdebug.o
 .debug_macro   0x0000000000000dbd       0x64 ./Src/trainSPI_Arduino_NOdebug.o
 .debug_macro   0x0000000000000e21       0xee ./Src/trainSPI_Arduino_NOdebug.o
 .debug_macro   0x0000000000000f0f       0xa3 ./myDrivers/SrcDrivers/gpio.o
 .debug_macro   0x0000000000000fb2       0x8e ./myDrivers/SrcDrivers/gpio.o
 .debug_macro   0x0000000000001040       0x51 ./myDrivers/SrcDrivers/gpio.o
 .debug_macro   0x0000000000001091       0xe8 ./myDrivers/SrcDrivers/gpio.o
 .debug_macro   0x0000000000001179       0xa3 ./myDrivers/SrcDrivers/spi.o

.debug_line     0x0000000000000000     0x194c
 .debug_line    0x0000000000000000      0x81e ./Src/trainSPI_Arduino_NOdebug.o
 .debug_line    0x000000000000081e       0x84 ./Startup/startup_stm32f091rctx.o
 .debug_line    0x00000000000008a2      0x80d ./myDrivers/SrcDrivers/gpio.o
 .debug_line    0x00000000000010af      0x89d ./myDrivers/SrcDrivers/spi.o

.debug_str      0x0000000000000000     0x9502
 .debug_str     0x0000000000000000     0x926d ./Src/trainSPI_Arduino_NOdebug.o
                                       0x9474 (size before relaxing)
 .debug_str     0x000000000000926d       0x31 ./Startup/startup_stm32f091rctx.o
                                         0x75 (size before relaxing)
 .debug_str     0x000000000000929e      0x180 ./myDrivers/SrcDrivers/gpio.o
                                       0x54c1 (size before relaxing)
 .debug_str     0x000000000000941e       0xe4 ./myDrivers/SrcDrivers/spi.o
                                       0x5525 (size before relaxing)

.comment        0x0000000000000000       0x50
 .comment       0x0000000000000000       0x50 ./Src/trainSPI_Arduino_NOdebug.o
                                         0x51 (size before relaxing)
 .comment       0x0000000000000050       0x51 ./myDrivers/SrcDrivers/gpio.o
 .comment       0x0000000000000050       0x51 ./myDrivers/SrcDrivers/spi.o

.debug_frame    0x0000000000000000      0x4d0
 .debug_frame   0x0000000000000000       0xe0 ./Src/trainSPI_Arduino_NOdebug.o
 .debug_frame   0x00000000000000e0      0x174 ./myDrivers/SrcDrivers/gpio.o
 .debug_frame   0x0000000000000254      0x230 ./myDrivers/SrcDrivers/spi.o
 .debug_frame   0x0000000000000484       0x2c c:/st/stm32cubeide_1.9.0/stm32cubeide/plugins/com.st.stm32cube.ide.mcu.externaltools.gnu-tools-for-stm32.10.3-2021.10.win32_1.0.0.202111181127/tools/bin/../lib/gcc/arm-none-eabi/10.3.1/../../../../arm-none-eabi/lib/thumb/v6-m/nofp\libc_nano.a(lib_a-init.o)
 .debug_frame   0x00000000000004b0       0x20 c:/st/stm32cubeide_1.9.0/stm32cubeide/plugins/com.st.stm32cube.ide.mcu.externaltools.gnu-tools-for-stm32.10.3-2021.10.win32_1.0.0.202111181127/tools/bin/../lib/gcc/arm-none-eabi/10.3.1/../../../../arm-none-eabi/lib/thumb/v6-m/nofp\libc_nano.a(lib_a-memset.o)
