13:27:16 **** Incremental Build of configuration Debug for project Train_ButtonsLeds ****
make -j4 all 
arm-none-eabi-gcc "../myDrivers/SrcDrivers/gpio.c" -mcpu=cortex-m0 -std=gnu11 -g3 -DDEBUG -DSTM32 -DSTM32F0 -DSTM32F091RCTx -c -I../Inc -I"C:/Users/danim/STM32CubeIDE/workspace_1.9.0/Train_ButtonsLeds/myDrivers/IncDrivers" -O0 -ffunction-sections -fdata-sections -Wall -fstack-usage -MMD -MP -MF"myDrivers/SrcDrivers/gpio.d" -MT"myDrivers/SrcDrivers/gpio.o" --specs=nano.specs -mfloat-abi=soft -mthumb -o "myDrivers/SrcDrivers/gpio.o"
arm-none-eabi-gcc -o "Train_ButtonsLeds.elf" @"objects.list"   -mcpu=cortex-m0 -T"C:\Users\danim\STM32CubeIDE\workspace_1.9.0\Train_ButtonsLeds\STM32F091RCTX_FLASH.ld" --specs=nosys.specs -Wl,-Map="Train_ButtonsLeds.map" -Wl,--gc-sections -static -specs=rdimon.specs -lc -lrdimon --specs=nano.specs -mfloat-abi=soft -mthumb -Wl,--start-group -lc -lm -Wl,--end-group
Finished building target: Train_ButtonsLeds.elf
 
arm-none-eabi-size   Train_ButtonsLeds.elf 
arm-none-eabi-objdump -h -S  Train_ButtonsLeds.elf  > "Train_ButtonsLeds.list"
   text	   data	    bss	    dec	    hex	filename
   8844	    116	   1764	  10724	   29e4	Train_ButtonsLeds.elf
Finished building: default.size.stdout
 
Finished building: Train_ButtonsLeds.list
 
13:27:31 **** Incremental Build of configuration Debug for project Train_ButtonsLeds ****
make -j4 all 
arm-none-eabi-size   Train_ButtonsLeds.elf 
   text	   data	    bss	    dec	    hex	filename
   8844	    116	   1764	  10724	   29e4	Train_ButtonsLeds.elf
Finished building: default.size.stdout
 
13:32:18 **** Incremental Build of configuration Debug for project Train_ButtonsLeds ****
make -j4 all 
arm-none-eabi-size   Train_ButtonsLeds.elf 
   text	   data	    bss	    dec	    hex	filename
   8844	    116	   1764	  10724	   29e4	Train_ButtonsLeds.elf
Finished building: default.size.stdout
 
